../Core/Src/app.c:45:13:modeUsesGps	4	static
../Core/Src/app.c:54:13:modeUsesAfsk	4	static
../Core/Src/app.c:67:13:modeUsesDra	4	static
../Core/Src/app.c:80:13:gpsStartRx	8	static
../Core/Src/app.c:86:13:onRxFrame	24	static
../Core/Src/app.c:98:13:formatAprsLat	72	static
../Core/Src/app.c:112:13:formatAprsLon	72	static
../Core/Src/app.c:126:13:buildGpsBeaconInfo	64	static
../Core/Src/app.c:156:13:updateSpiStatusIdle	8	static
../Core/Src/app.c:176:13:loadFixedFrame	16	static
../Core/Src/app.c:182:13:loadTrackerFrame	272	static
../Core/Src/app.c:197:13:spiStatusStartIfReady	8	static
../Core/Src/app.c:207:6:HAL_TIM_PeriodElapsedCallback	16	static
../Core/Src/app.c:215:6:App_AFSK_TimerCallback	8	static
../Core/Src/app.c:226:6:App_Init	8	static
../Core/Src/app.c:270:6:App_Run	16	static
../Core/Src/app.c:442:6:App_GpsHasFix	4	static
../Core/Src/app.c:447:6:App_GetGpsCoords	40	static
../Core/Src/app.c:458:6:HAL_GPIO_EXTI_Callback	16	static
../Core/Src/app.c:463:6:HAL_SPI_TxRxCpltCallback	16	static
../Core/Src/app.c:471:6:HAL_SPI_ErrorCallback	16	static
../Core/Src/app.c:479:6:HAL_UART_RxCpltCallback	16	static
../Core/Src/app.c:488:6:HAL_UART_ErrorCallback	16	static
