/home/elias/Documents/ComsBoard_RadioLib/Core/Src/STMSystem/stm32wlxx_it.c:73:6:NMI_Handler	8	static
/home/elias/Documents/ComsBoard_RadioLib/Core/Src/STMSystem/stm32wlxx_it.c:89:6:HardFault_Handler	4	static
/home/elias/Documents/ComsBoard_RadioLib/Core/Src/STMSystem/stm32wlxx_it.c:104:6:MemManage_Handler	4	static
/home/elias/Documents/ComsBoard_RadioLib/Core/Src/STMSystem/stm32wlxx_it.c:119:6:BusFault_Handler	4	static
/home/elias/Documents/ComsBoard_RadioLib/Core/Src/STMSystem/stm32wlxx_it.c:134:6:UsageFault_Handler	4	static
/home/elias/Documents/ComsBoard_RadioLib/Core/Src/STMSystem/stm32wlxx_it.c:149:6:SVC_Handler	4	static
/home/elias/Documents/ComsBoard_RadioLib/Core/Src/STMSystem/stm32wlxx_it.c:162:6:DebugMon_Handler	4	static
/home/elias/Documents/ComsBoard_RadioLib/Core/Src/STMSystem/stm32wlxx_it.c:175:6:PendSV_Handler	4	static
/home/elias/Documents/ComsBoard_RadioLib/Core/Src/STMSystem/stm32wlxx_it.c:188:6:SysTick_Handler	4	static
/home/elias/Documents/ComsBoard_RadioLib/Core/Src/STMSystem/stm32wlxx_it.c:209:6:RTC_WKUP_IRQHandler	8	static
/home/elias/Documents/ComsBoard_RadioLib/Core/Src/STMSystem/stm32wlxx_it.c:223:6:TIM2_IRQHandler	8	static
/home/elias/Documents/ComsBoard_RadioLib/Core/Src/STMSystem/stm32wlxx_it.c:237:6:SPI1_IRQHandler	8	static
/home/elias/Documents/ComsBoard_RadioLib/Core/Src/STMSystem/stm32wlxx_it.c:251:6:RTC_Alarm_IRQHandler	8	static
/home/elias/Documents/ComsBoard_RadioLib/Core/Src/STMSystem/stm32wlxx_it.c:265:6:SUBGHZ_Radio_IRQHandler	8	static
