Archive member included to satisfy reference by file (symbol)

C:/ST/STM32CubeIDE_2.1.1/STM32CubeIDE/plugins/com.st.stm32cube.ide.mcu.externaltools.gnu-tools-for-stm32.14.3.rel1.win32_1.0.100.202602081740/tools/bin/../lib/gcc/arm-none-eabi/14.3.1/../../../../arm-none-eabi/lib/thumb/v7e-m+fp/hard\libc_nano.a(libc_a-exit.o)
                              C:/ST/STM32CubeIDE_2.1.1/STM32CubeIDE/plugins/com.st.stm32cube.ide.mcu.externaltools.gnu-tools-for-stm32.14.3.rel1.win32_1.0.100.202602081740/tools/bin/../lib/gcc/arm-none-eabi/14.3.1/../../../../arm-none-eabi/lib/thumb/v7e-m+fp/hard/crt0.o (exit)
C:/ST/STM32CubeIDE_2.1.1/STM32CubeIDE/plugins/com.st.stm32cube.ide.mcu.externaltools.gnu-tools-for-stm32.14.3.rel1.win32_1.0.100.202602081740/tools/bin/../lib/gcc/arm-none-eabi/14.3.1/../../../../arm-none-eabi/lib/thumb/v7e-m+fp/hard\libc_nano.a(libc_a-malloc.o)
                              ./Middlewares/USB_Device_Library/usbd_cdc.o (malloc)
C:/ST/STM32CubeIDE_2.1.1/STM32CubeIDE/plugins/com.st.stm32cube.ide.mcu.externaltools.gnu-tools-for-stm32.14.3.rel1.win32_1.0.100.202602081740/tools/bin/../lib/gcc/arm-none-eabi/14.3.1/../../../../arm-none-eabi/lib/thumb/v7e-m+fp/hard\libc_nano.a(libc_a-mallocr.o)
                              C:/ST/STM32CubeIDE_2.1.1/STM32CubeIDE/plugins/com.st.stm32cube.ide.mcu.externaltools.gnu-tools-for-stm32.14.3.rel1.win32_1.0.100.202602081740/tools/bin/../lib/gcc/arm-none-eabi/14.3.1/../../../../arm-none-eabi/lib/thumb/v7e-m+fp/hard\libc_nano.a(libc_a-malloc.o) (_malloc_r)
C:/ST/STM32CubeIDE_2.1.1/STM32CubeIDE/plugins/com.st.stm32cube.ide.mcu.externaltools.gnu-tools-for-stm32.14.3.rel1.win32_1.0.100.202602081740/tools/bin/../lib/gcc/arm-none-eabi/14.3.1/../../../../arm-none-eabi/lib/thumb/v7e-m+fp/hard\libc_nano.a(libc_a-mlock.o)
                              C:/ST/STM32CubeIDE_2.1.1/STM32CubeIDE/plugins/com.st.stm32cube.ide.mcu.externaltools.gnu-tools-for-stm32.14.3.rel1.win32_1.0.100.202602081740/tools/bin/../lib/gcc/arm-none-eabi/14.3.1/../../../../arm-none-eabi/lib/thumb/v7e-m+fp/hard\libc_nano.a(libc_a-mallocr.o) (__malloc_lock)
C:/ST/STM32CubeIDE_2.1.1/STM32CubeIDE/plugins/com.st.stm32cube.ide.mcu.externaltools.gnu-tools-for-stm32.14.3.rel1.win32_1.0.100.202602081740/tools/bin/../lib/gcc/arm-none-eabi/14.3.1/../../../../arm-none-eabi/lib/thumb/v7e-m+fp/hard\libc_nano.a(libc_a-findfp.o)
                              C:/ST/STM32CubeIDE_2.1.1/STM32CubeIDE/plugins/com.st.stm32cube.ide.mcu.externaltools.gnu-tools-for-stm32.14.3.rel1.win32_1.0.100.202602081740/tools/bin/../lib/gcc/arm-none-eabi/14.3.1/../../../../arm-none-eabi/lib/thumb/v7e-m+fp/hard\libc_nano.a(libc_a-exit.o) (__stdio_exit_handler)
C:/ST/STM32CubeIDE_2.1.1/STM32CubeIDE/plugins/com.st.stm32cube.ide.mcu.externaltools.gnu-tools-for-stm32.14.3.rel1.win32_1.0.100.202602081740/tools/bin/../lib/gcc/arm-none-eabi/14.3.1/../../../../arm-none-eabi/lib/thumb/v7e-m+fp/hard\libc_nano.a(libc_a-fwalk.o)
                              C:/ST/STM32CubeIDE_2.1.1/STM32CubeIDE/plugins/com.st.stm32cube.ide.mcu.externaltools.gnu-tools-for-stm32.14.3.rel1.win32_1.0.100.202602081740/tools/bin/../lib/gcc/arm-none-eabi/14.3.1/../../../../arm-none-eabi/lib/thumb/v7e-m+fp/hard\libc_nano.a(libc_a-findfp.o) (_fwalk_sglue)
C:/ST/STM32CubeIDE_2.1.1/STM32CubeIDE/plugins/com.st.stm32cube.ide.mcu.externaltools.gnu-tools-for-stm32.14.3.rel1.win32_1.0.100.202602081740/tools/bin/../lib/gcc/arm-none-eabi/14.3.1/../../../../arm-none-eabi/lib/thumb/v7e-m+fp/hard\libc_nano.a(libc_a-stdio.o)
                              C:/ST/STM32CubeIDE_2.1.1/STM32CubeIDE/plugins/com.st.stm32cube.ide.mcu.externaltools.gnu-tools-for-stm32.14.3.rel1.win32_1.0.100.202602081740/tools/bin/../lib/gcc/arm-none-eabi/14.3.1/../../../../arm-none-eabi/lib/thumb/v7e-m+fp/hard\libc_nano.a(libc_a-findfp.o) (__sread)
C:/ST/STM32CubeIDE_2.1.1/STM32CubeIDE/plugins/com.st.stm32cube.ide.mcu.externaltools.gnu-tools-for-stm32.14.3.rel1.win32_1.0.100.202602081740/tools/bin/../lib/gcc/arm-none-eabi/14.3.1/../../../../arm-none-eabi/lib/thumb/v7e-m+fp/hard\libc_nano.a(libc_a-memset.o)
                              C:/ST/STM32CubeIDE_2.1.1/STM32CubeIDE/plugins/com.st.stm32cube.ide.mcu.externaltools.gnu-tools-for-stm32.14.3.rel1.win32_1.0.100.202602081740/tools/bin/../lib/gcc/arm-none-eabi/14.3.1/../../../../arm-none-eabi/lib/thumb/v7e-m+fp/hard/crt0.o (memset)
C:/ST/STM32CubeIDE_2.1.1/STM32CubeIDE/plugins/com.st.stm32cube.ide.mcu.externaltools.gnu-tools-for-stm32.14.3.rel1.win32_1.0.100.202602081740/tools/bin/../lib/gcc/arm-none-eabi/14.3.1/../../../../arm-none-eabi/lib/thumb/v7e-m+fp/hard\libc_nano.a(libc_a-closer.o)
                              C:/ST/STM32CubeIDE_2.1.1/STM32CubeIDE/plugins/com.st.stm32cube.ide.mcu.externaltools.gnu-tools-for-stm32.14.3.rel1.win32_1.0.100.202602081740/tools/bin/../lib/gcc/arm-none-eabi/14.3.1/../../../../arm-none-eabi/lib/thumb/v7e-m+fp/hard\libc_nano.a(libc_a-stdio.o) (_close_r)
[...]
Memory Configuration

Name             Origin             Length             Attributes
RAM              0x20000000         0x00040000         xrw
FLASH            0x08000000         0x00080000         xr
*default*        0x00000000         0xffffffff

Linker script and memory map

LOAD C:/ST/STM32CubeIDE_2.1.1/STM32CubeIDE/plugins/com.st.stm32cube.ide.mcu.externaltools.gnu-tools-for-stm32.14.3.rel1.win32_1.0.100.202602081740/tools/bin/../lib/gcc/arm-none-eabi/14.3.1/thumb/v7e-m+fp/hard/crti.o
LOAD C:/ST/STM32CubeIDE_2.1.1/STM32CubeIDE/plugins/com.st.stm32cube.ide.mcu.externaltools.gnu-tools-for-stm32.14.3.rel1.win32_1.0.100.202602081740/tools/bin/../lib/gcc/arm-none-eabi/14.3.1/thumb/v7e-m+fp/hard/crtbegin.o
LOAD C:/ST/STM32CubeIDE_2.1.1/STM32CubeIDE/plugins/com.st.stm32cube.ide.mcu.externaltools.gnu-tools-for-stm32.14.3.rel1.win32_1.0.100.202602081740/tools/bin/../lib/gcc/arm-none-eabi/14.3.1/../../../../arm-none-eabi/lib/thumb/v7e-m+fp/hard/crt0.o
LOAD ./Core/Src/adc.o
LOAD ./Core/Src/dma.o
LOAD ./Core/Src/gpio.o
LOAD ./Core/Src/i2c.o
LOAD ./Core/Src/main.o
LOAD ./Core/Src/sdmmc.o
LOAD ./Core/Src/stm32f7xx_hal_msp.o
LOAD ./Core/Src/stm32f7xx_it.o
LOAD ./Core/Src/syscalls.o
LOAD ./Core/Src/sysmem.o
LOAD ./Core/Src/system_stm32f7xx.o
LOAD ./Core/Src/usart.o
LOAD ./Core/Startup/startup_stm32f722retx.o
LOAD ./Drivers/STM32F7xx_HAL_Driver/stm32f7xx_hal.o
LOAD ./Drivers/STM32F7xx_HAL_Driver/stm32f7xx_hal_adc.o
LOAD ./Drivers/STM32F7xx_HAL_Driver/stm32f7xx_hal_adc_ex.o
LOAD ./Drivers/STM32F7xx_HAL_Driver/stm32f7xx_hal_cortex.o
LOAD ./Drivers/STM32F7xx_HAL_Driver/stm32f7xx_hal_dma.o
LOAD ./Drivers/STM32F7xx_HAL_Driver/stm32f7xx_hal_dma_ex.o
LOAD ./Drivers/STM32F7xx_HAL_Driver/stm32f7xx_hal_exti.o
LOAD ./Drivers/STM32F7xx_HAL_Driver/stm32f7xx_hal_flash.o
LOAD ./Drivers/STM32F7xx_HAL_Driver/stm32f7xx_hal_flash_ex.o
LOAD ./Drivers/STM32F7xx_HAL_Driver/stm32f7xx_hal_gpio.o
LOAD ./Drivers/STM32F7xx_HAL_Driver/stm32f7xx_hal_i2c.o
LOAD ./Drivers/STM32F7xx_HAL_Driver/stm32f7xx_hal_i2c_ex.o
LOAD ./Drivers/STM32F7xx_HAL_Driver/stm32f7xx_hal_mmc.o
LOAD ./Drivers/STM32F7xx_HAL_Driver/stm32f7xx_hal_pcd.o
LOAD ./Drivers/STM32F7xx_HAL_Driver/stm32f7xx_hal_pcd_ex.o
LOAD ./Drivers/STM32F7xx_HAL_Driver/stm32f7xx_hal_pwr.o
LOAD ./Drivers/STM32F7xx_HAL_Driver/stm32f7xx_hal_pwr_ex.o
LOAD ./Drivers/STM32F7xx_HAL_Driver/stm32f7xx_hal_rcc.o
LOAD ./Drivers/STM32F7xx_HAL_Driver/stm32f7xx_hal_rcc_ex.o
LOAD ./Drivers/STM32F7xx_HAL_Driver/stm32f7xx_hal_sd.o
LOAD ./Drivers/STM32F7xx_HAL_Driver/stm32f7xx_hal_uart.o
LOAD ./Drivers/STM32F7xx_HAL_Driver/stm32f7xx_hal_uart_ex.o
LOAD ./Drivers/STM32F7xx_HAL_Driver/stm32f7xx_ll_sdmmc.o
LOAD ./Drivers/STM32F7xx_HAL_Driver/stm32f7xx_ll_usb.o
LOAD ./FATFS/App/fatfs.o
LOAD ./FATFS/Target/bsp_driver_sd.o
LOAD ./FATFS/Target/fatfs_platform.o
LOAD ./FATFS/Target/sd_diskio.o
LOAD ./Middlewares/FatFs/diskio.o
LOAD ./Middlewares/FatFs/ff.o
LOAD ./Middlewares/FatFs/ff_gen_drv.o
LOAD ./Middlewares/FatFs/syscall.o
LOAD ./Middlewares/USB_Device_Library/usbd_cdc.o
LOAD ./Middlewares/USB_Device_Library/usbd_core.o
LOAD ./Middlewares/USB_Device_Library/usbd_ctlreq.o
LOAD ./Middlewares/USB_Device_Library/usbd_ioreq.o
LOAD ./USB_DEVICE/App/usb_device.o
LOAD ./USB_DEVICE/App/usbd_cdc_if.o
LOAD ./USB_DEVICE/App/usbd_desc.o
LOAD ./USB_DEVICE/Target/usbd_conf.o
START GROUP
LOAD C:/ST/STM32CubeIDE_2.1.1/STM32CubeIDE/plugins/com.st.stm32cube.ide.mcu.externaltools.gnu-tools-for-stm32.14.3.rel1.win32_1.0.100.202602081740/tools/bin/../lib/gcc/arm-none-eabi/14.3.1/../../../../arm-none-eabi/lib/thumb/v7e-m+fp/hard\libc_nano.a
LOAD C:/ST/STM32CubeIDE_2.1.1/STM32CubeIDE/plugins/com.st.stm32cube.ide.mcu.externaltools.gnu-tools-for-stm32.14.3.rel1.win32_1.0.100.202602081740/tools/bin/../lib/gcc/arm-none-eabi/14.3.1/../../../../arm-none-eabi/lib/thumb/v7e-m+fp/hard\libm.a
END GROUP
START GROUP
LOAD C:/ST/STM32CubeIDE_2.1.1/STM32CubeIDE/plugins/com.st.stm32cube.ide.mcu.externaltools.gnu-tools-for-stm32.14.3.rel1.win32_1.0.100.202602081740/tools/bin/../lib/gcc/arm-none-eabi/14.3.1/thumb/v7e-m+fp/hard\libgcc.a
LOAD C:/ST/STM32CubeIDE_2.1.1/STM32CubeIDE/plugins/com.st.stm32cube.ide.mcu.externaltools.gnu-tools-for-stm32.14.3.rel1.win32_1.0.100.202602081740/tools/bin/../lib/gcc/arm-none-eabi/14.3.1/../../../../arm-none-eabi/lib/thumb/v7e-m+fp/hard\libc_nano.a
END GROUP
START GROUP
LOAD C:/ST/STM32CubeIDE_2.1.1/STM32CubeIDE/plugins/com.st.stm32cube.ide.mcu.externaltools.gnu-tools-for-stm32.14.3.rel1.win32_1.0.100.202602081740/tools/bin/../lib/gcc/arm-none-eabi/14.3.1/thumb/v7e-m+fp/hard\libgcc.a
LOAD C:/ST/STM32CubeIDE_2.1.1/STM32CubeIDE/plugins/com.st.stm32cube.ide.mcu.externaltools.gnu-tools-for-stm32.14.3.rel1.win32_1.0.100.202602081740/tools/bin/../lib/gcc/arm-none-eabi/14.3.1/../../../../arm-none-eabi/lib/thumb/v7e-m+fp/hard\libc_nano.a
LOAD C:/ST/STM32CubeIDE_2.1.1/STM32CubeIDE/plugins/com.st.stm32cube.ide.mcu.externaltools.gnu-tools-for-stm32.14.3.rel1.win32_1.0.100.202602081740/tools/bin/../lib/gcc/arm-none-eabi/14.3.1/../../../../arm-none-eabi/lib/thumb/v7e-m+fp/hard\libnosys.a
END GROUP
START GROUP
LOAD C:/ST/STM32CubeIDE_2.1.1/STM32CubeIDE/plugins/com.st.stm32cube.ide.mcu.externaltools.gnu-tools-for-stm32.14.3.rel1.win32_1.0.100.202602081740/tools/bin/../lib/gcc/arm-none-eabi/14.3.1/thumb/v7e-m+fp/hard\libgcc.a
LOAD C:/ST/STM32CubeIDE_2.1.1/STM32CubeIDE/plugins/com.st.stm32cube.ide.mcu.externaltools.gnu-tools-for-stm32.14.3.rel1.win32_1.0.100.202602081740/tools/bin/../lib/gcc/arm-none-eabi/14.3.1/../../../../arm-none-eabi/lib/thumb/v7e-m+fp/hard\libc_nano.a
LOAD C:/ST/STM32CubeIDE_2.1.1/STM32CubeIDE/plugins/com.st.stm32cube.ide.mcu.externaltools.gnu-tools-for-stm32.14.3.rel1.win32_1.0.100.202602081740/tools/bin/../lib/gcc/arm-none-eabi/14.3.1/../../../../arm-none-eabi/lib/thumb/v7e-m+fp/hard\libnosys.a
END GROUP
LOAD C:/ST/STM32CubeIDE_2.1.1/STM32CubeIDE/plugins/com.st.stm32cube.ide.mcu.externaltools.gnu-tools-for-stm32.14.3.rel1.win32_1.0.100.202602081740/tools/bin/../lib/gcc/arm-none-eabi/14.3.1/thumb/v7e-m+fp/hard/crtend.o
LOAD C:/ST/STM32CubeIDE_2.1.1/STM32CubeIDE/plugins/com.st.stm32cube.ide.mcu.externaltools.gnu-tools-for-stm32.14.3.rel1.win32_1.0.100.202602081740/tools/bin/../lib/gcc/arm-none-eabi/14.3.1/thumb/v7e-m+fp/hard/crtn.o
                0x20040000                        _estack = (ORIGIN (RAM) + LENGTH (RAM))
                0x00000200                        _Min_Heap_Size = 0x200
                0x00000400                        _Min_Stack_Size = 0x400

.isr_vector     0x08000000      0x1e0
                0x08000000                        . = ALIGN (0x4)
 *(.isr_vector)
 .isr_vector    0x08000000      0x1e0 ./Core/Startup/startup_stm32f722retx.o
                0x08000000                g_pfnVectors
                0x080001e0                        . = ALIGN (0x4)

.text           0x080001e0     0xbeac
                0x080001e0                        . = ALIGN (0x4)
 *(.text)
 .text          0x080001e0       0x40 C:/ST/STM32CubeIDE_2.1.1/STM32CubeIDE/plugins/com.st.stm32cube.ide.mcu.externaltools.gnu-tools-for-stm32.14.3.rel1.win32_1.0.100.202602081740/tools/bin/../lib/gcc/arm-none-eabi/14.3.1/thumb/v7e-m+fp/hard/crtbegin.o
 .text          0x08000220       0x30 C:/ST/STM32CubeIDE_2.1.1/STM32CubeIDE/plugins/com.st.stm32cube.ide.mcu.externaltools.gnu-tools-for-stm32.14.3.rel1.win32_1.0.100.202602081740/tools/bin/../lib/gcc/arm-none-eabi/14.3.1/thumb/v7e-m+fp/hard\libgcc.a(_aeabi_uldivmod.o)
                0x08000220                __aeabi_uldivmod
 .text          0x08000250      0x2f8 C:/ST/STM32CubeIDE_2.1.1/STM32CubeIDE/plugins/com.st.stm32cube.ide.mcu.externaltools.gnu-tools-for-stm32.14.3.rel1.win32_1.0.100.202602081740/tools/bin/../lib/gcc/arm-none-eabi/14.3.1/thumb/v7e-m+fp/hard\libgcc.a(_udivmoddi4.o)
                0x08000250                __udivmoddi4
 .text          0x08000548        0x4 C:/ST/STM32CubeIDE_2.1.1/STM32CubeIDE/plugins/com.st.stm32cube.ide.mcu.externaltools.gnu-tools-for-stm32.14.3.rel1.win32_1.0.100.202602081740/tools/bin/../lib/gcc/arm-none-eabi/14.3.1/thumb/v7e-m+fp/hard\libgcc.a(_dvmd_tls.o)
                0x08000548                __aeabi_idiv0
                0x08000548                __aeabi_ldiv0
 *(.text*)
 .text.MX_ADC1_Init
                0x0800054c       0xa4 ./Core/Src/adc.o
                0x0800054c                MX_ADC1_Init
 .text.HAL_ADC_MspInit
                0x080005f0       0x80 ./Core/Src/adc.o
                0x080005f0                HAL_ADC_MspInit
 .text.MX_DMA_Init
                0x08000670       0x3c ./Core/Src/dma.o
                0x08000670                MX_DMA_Init
 .text.MX_GPIO_Init
                0x080006ac      0x1c8 ./Core/Src/gpio.o
                0x080006ac                MX_GPIO_Init
 .text.MX_I2C2_Init
                0x08000874       0x80 ./Core/Src/i2c.o
                0x08000874                MX_I2C2_Init
 .text.HAL_I2C_MspInit
                0x080008f4       0xc0 ./Core/Src/i2c.o
                0x080008f4                HAL_I2C_MspInit
 .text.main     0x080009b4       0x4c ./Core/Src/main.o
                0x080009b4                main
 .text.SystemClock_Config
                0x08000a00       0xcc ./Core/Src/main.o
                0x08000a00                SystemClock_Config
 .text.MPU_Config
                0x08000acc       0x58 ./Core/Src/main.o
 .text.Error_Handler
                0x08000b24        0xc ./Core/Src/main.o
                0x08000b24                Error_Handler
 .text.MX_SDMMC1_SD_Init
                0x08000b30       0x40 ./Core/Src/sdmmc.o
                0x08000b30                MX_SDMMC1_SD_Init
 .text.HAL_SD_MspInit
                0x08000b70      0x1d4 ./Core/Src/sdmmc.o
                0x08000b70                HAL_SD_MspInit
 .text.HAL_MspInit
                0x08000d44       0x48 ./Core/Src/stm32f7xx_hal_msp.o
                0x08000d44                HAL_MspInit
 .text.NMI_Handler
                0x08000d8c        0x8 ./Core/Src/stm32f7xx_it.o
                0x08000d8c                NMI_Handler
 .text.HardFault_Handler
                0x08000d94        0x8 ./Core/Src/stm32f7xx_it.o
                0x08000d94                HardFault_Handler
 .text.MemManage_Handler
                0x08000d9c        0x8 ./Core/Src/stm32f7xx_it.o
                0x08000d9c                MemManage_Handler
 .text.BusFault_Handler
                0x08000da4        0x8 ./Core/Src/stm32f7xx_it.o
                0x08000da4                BusFault_Handler
 .text.UsageFault_Handler
                0x08000dac        0x8 ./Core/Src/stm32f7xx_it.o
                0x08000dac                UsageFault_Handler
 .text.SVC_Handler
                0x08000db4        0xe ./Core/Src/stm32f7xx_it.o
                0x08000db4                SVC_Handler
 .text.DebugMon_Handler
                0x08000dc2        0xe ./Core/Src/stm32f7xx_it.o
                0x08000dc2                DebugMon_Handler
 .text.PendSV_Handler
                0x08000dd0        0xe ./Core/Src/stm32f7xx_it.o
                0x08000dd0                PendSV_Handler
 .text.SysTick_Handler
                0x08000dde        0xc ./Core/Src/stm32f7xx_it.o
                0x08000dde                SysTick_Handler
 .text.EXTI0_IRQHandler
                0x08000dea        0xe ./Core/Src/stm32f7xx_it.o
                0x08000dea                EXTI0_IRQHandler
 .text.EXTI1_IRQHandler
                0x08000df8        0xe ./Core/Src/stm32f7xx_it.o
                0x08000df8                EXTI1_IRQHandler
 .text.EXTI2_IRQHandler
                0x08000e06        0xe ./Core/Src/stm32f7xx_it.o
                0x08000e06                EXTI2_IRQHandler
 .text.EXTI4_IRQHandler
                0x08000e14        0xe ./Core/Src/stm32f7xx_it.o
                0x08000e14                EXTI4_IRQHandler
 .text.EXTI9_5_IRQHandler
                0x08000e22        0xe ./Core/Src/stm32f7xx_it.o
                0x08000e22                EXTI9_5_IRQHandler
 .text.SDMMC1_IRQHandler
                0x08000e30       0x14 ./Core/Src/stm32f7xx_it.o
                0x08000e30                SDMMC1_IRQHandler
 .text.DMA2_Stream3_IRQHandler
                0x08000e44       0x14 ./Core/Src/stm32f7xx_it.o
                0x08000e44                DMA2_Stream3_IRQHandler
 .text.OTG_FS_IRQHandler
                0x08000e58       0x14 ./Core/Src/stm32f7xx_it.o
                0x08000e58                OTG_FS_IRQHandler
 .text._sbrk    0x08000e6c       0x6c ./Core/Src/sysmem.o
                0x08000e6c                _sbrk
 .text.SystemInit
                0x08000ed8       0x24 ./Core/Src/system_stm32f7xx.o
                0x08000ed8                SystemInit
 .text.MX_USART2_UART_Init
                0x08000efc       0x60 ./Core/Src/usart.o
                0x08000efc                MX_USART2_UART_Init
 .text.HAL_UART_MspInit
                0x08000f5c       0xbc ./Core/Src/usart.o
                0x08000f5c                HAL_UART_MspInit
 .text.Reset_Handler
                0x08001018       0x50 ./Core/Startup/startup_stm32f722retx.o
                0x08001018                Reset_Handler
 .text.Default_Handler
                0x08001068        0x2 ./Core/Startup/startup_stm32f722retx.o
                0x08001068                RTC_Alarm_IRQHandler
                0x08001068                TIM8_CC_IRQHandler
                0x08001068                UART8_IRQHandler
                0x08001068                SPI4_IRQHandler
                0x08001068                TIM1_CC_IRQHandler
                0x08001068                DMA2_Stream5_IRQHandler
                0x08001068                DMA1_Stream5_IRQHandler
                0x08001068                PVD_IRQHandler
                0x08001068                TAMP_STAMP_IRQHandler
                0x08001068                EXTI3_IRQHandler
                0x08001068                TIM8_TRG_COM_TIM14_IRQHandler
                0x08001068                TIM1_UP_TIM10_IRQHandler
                0x08001068                TIM8_UP_TIM13_IRQHandler
                0x08001068                I2C3_ER_IRQHandler
                0x08001068                I2C2_EV_IRQHandler
                0x08001068                DMA1_Stream2_IRQHandler
                0x08001068                CAN1_RX0_IRQHandler
                0x08001068                FPU_IRQHandler
                0x08001068                OTG_HS_WKUP_IRQHandler
                0x08001068                DMA2_Stream2_IRQHandler
                0x08001068                SPI1_IRQHandler
                0x08001068                TIM6_DAC_IRQHandler
                0x08001068                TIM1_BRK_TIM9_IRQHandler
                0x08001068                SAI2_IRQHandler
                0x08001068                USART6_IRQHandler
                0x08001068                USART3_IRQHandler
                0x08001068                CAN1_RX1_IRQHandler
                0x08001068                UART5_IRQHandler
                0x08001068                DMA2_Stream0_IRQHandler
                0x08001068                TIM4_IRQHandler
                0x08001068                QUADSPI_IRQHandler
                0x08001068                I2C1_EV_IRQHandler
                0x08001068                DMA1_Stream6_IRQHandler
                0x08001068                DMA1_Stream1_IRQHandler
                0x08001068                UART4_IRQHandler
                0x08001068                TIM3_IRQHandler
                0x08001068                RCC_IRQHandler
                0x08001068                TIM8_BRK_TIM12_IRQHandler
                0x08001068                Default_Handler
                0x08001068                EXTI15_10_IRQHandler
                0x08001068                ADC_IRQHandler
                0x08001068                DMA1_Stream7_IRQHandler
                0x08001068                SPI5_IRQHandler
                0x08001068                TIM7_IRQHandler
                0x08001068                TIM5_IRQHandler
                0x08001068                DMA2_Stream7_IRQHandler
                0x08001068                I2C3_EV_IRQHandler
                0x08001068                RTC_WKUP_IRQHandler
                0x08001068                SPI2_IRQHandler
                0x08001068                OTG_HS_EP1_IN_IRQHandler
                0x08001068                DMA1_Stream0_IRQHandler
                0x08001068                CAN1_TX_IRQHandler
                0x08001068                RNG_IRQHandler
                0x08001068                OTG_HS_EP1_OUT_IRQHandler
                0x08001068                WWDG_IRQHandler
                0x08001068                TIM2_IRQHandler
                0x08001068                OTG_FS_WKUP_IRQHandler
                0x08001068                TIM1_TRG_COM_TIM11_IRQHandler
                0x08001068                OTG_HS_IRQHandler
                0x08001068                SDMMC2_IRQHandler
                0x08001068                UART7_IRQHandler
                0x08001068                USART2_IRQHandler
                0x08001068                I2C2_ER_IRQHandler
                0x08001068                DMA2_Stream1_IRQHandler
                0x08001068                CAN1_SCE_IRQHandler
                0x08001068                FLASH_IRQHandler
                0x08001068                DMA2_Stream4_IRQHandler
                0x08001068                USART1_IRQHandler
                0x08001068                SPI3_IRQHandler
                0x08001068                DMA1_Stream4_IRQHandler
                0x08001068                I2C1_ER_IRQHandler
                0x08001068                FMC_IRQHandler
                0x08001068                LPTIM1_IRQHandler
                0x08001068                DMA2_Stream6_IRQHandler
                0x08001068                SAI1_IRQHandler
                0x08001068                DMA1_Stream3_IRQHandler
 .text.HAL_Init
                0x0800106a       0x1a ./Drivers/STM32F7xx_HAL_Driver/stm32f7xx_hal.o
                0x0800106a                HAL_Init
 .text.HAL_InitTick
                0x08001084       0x60 ./Drivers/STM32F7xx_HAL_Driver/stm32f7xx_hal.o
                0x08001084                HAL_InitTick
 .text.HAL_IncTick
                0x080010e4       0x28 ./Drivers/STM32F7xx_HAL_Driver/stm32f7xx_hal.o
                0x080010e4                HAL_IncTick
 .text.HAL_GetTick
                0x0800110c       0x18 ./Drivers/STM32F7xx_HAL_Driver/stm32f7xx_hal.o
                0x0800110c                HAL_GetTick
 .text.HAL_Delay
                0x08001124       0x48 ./Drivers/STM32F7xx_HAL_Driver/stm32f7xx_hal.o
                0x08001124                HAL_Delay
 .text.HAL_ADC_Init
                0x0800116c       0x88 ./Drivers/STM32F7xx_HAL_Driver/stm32f7xx_hal_adc.o
                0x0800116c                HAL_ADC_Init
 .text.HAL_ADC_ConfigChannel
                0x080011f4      0x2b4 ./Drivers/STM32F7xx_HAL_Driver/stm32f7xx_hal_adc.o
                0x080011f4                HAL_ADC_ConfigChannel
 .text.ADC_Init
                0x080014a8      0x1f4 ./Drivers/STM32F7xx_HAL_Driver/stm32f7xx_hal_adc.o
 .text.__NVIC_SetPriorityGrouping
                0x0800169c       0x48 ./Drivers/STM32F7xx_HAL_Driver/stm32f7xx_hal_cortex.o
 .text.__NVIC_GetPriorityGrouping
                0x080016e4       0x1c ./Drivers/STM32F7xx_HAL_Driver/stm32f7xx_hal_cortex.o
 .text.__NVIC_EnableIRQ
                0x08001700       0x3c ./Drivers/STM32F7xx_HAL_Driver/stm32f7xx_hal_cortex.o
 .text.__NVIC_SetPriority
                0x0800173c       0x54 ./Drivers/STM32F7xx_HAL_Driver/stm32f7xx_hal_cortex.o
 .text.NVIC_EncodePriority
                0x08001790       0x66 ./Drivers/STM32F7xx_HAL_Driver/stm32f7xx_hal_cortex.o
 *fill*         0x080017f6        0x2 
 .text.SysTick_Config
                0x080017f8       0x44 ./Drivers/STM32F7xx_HAL_Driver/stm32f7xx_hal_cortex.o
 .text.HAL_NVIC_SetPriorityGrouping
                0x0800183c       0x16 ./Drivers/STM32F7xx_HAL_Driver/stm32f7xx_hal_cortex.o
                0x0800183c                HAL_NVIC_SetPriorityGrouping
 .text.HAL_NVIC_SetPriority
                0x08001852       0x38 ./Drivers/STM32F7xx_HAL_Driver/stm32f7xx_hal_cortex.o
                0x08001852                HAL_NVIC_SetPriority
 .text.HAL_NVIC_EnableIRQ
                0x0800188a       0x1c ./Drivers/STM32F7xx_HAL_Driver/stm32f7xx_hal_cortex.o
                0x0800188a                HAL_NVIC_EnableIRQ
 .text.HAL_SYSTICK_Config
                0x080018a6       0x18 ./Drivers/STM32F7xx_HAL_Driver/stm32f7xx_hal_cortex.o
                0x080018a6                HAL_SYSTICK_Config
 *fill*         0x080018be        0x2 
 .text.HAL_MPU_Disable
                0x080018c0       0x30 ./Drivers/STM32F7xx_HAL_Driver/stm32f7xx_hal_cortex.o
                0x080018c0                HAL_MPU_Disable
 .text.HAL_MPU_Enable
                0x080018f0       0x40 ./Drivers/STM32F7xx_HAL_Driver/stm32f7xx_hal_cortex.o
                0x080018f0                HAL_MPU_Enable
 .text.HAL_MPU_ConfigRegion
                0x08001930       0x80 ./Drivers/STM32F7xx_HAL_Driver/stm32f7xx_hal_cortex.o
                0x08001930                HAL_MPU_ConfigRegion
 .text.HAL_DMA_Init
                0x080019b0      0x15c ./Drivers/STM32F7xx_HAL_Driver/stm32f7xx_hal_dma.o
                0x080019b0                HAL_DMA_Init
 .text.HAL_DMA_Start_IT
                0x08001b0c       0xc0 ./Drivers/STM32F7xx_HAL_Driver/stm32f7xx_hal_dma.o
                0x08001b0c                HAL_DMA_Start_IT
 .text.HAL_DMA_Abort_IT
                0x08001bcc       0x44 ./Drivers/STM32F7xx_HAL_Driver/stm32f7xx_hal_dma.o
                0x08001bcc                HAL_DMA_Abort_IT
 .text.HAL_DMA_IRQHandler
                0x08001c10      0x314 ./Drivers/STM32F7xx_HAL_Driver/stm32f7xx_hal_dma.o
                0x08001c10                HAL_DMA_IRQHandler
 .text.HAL_DMA_GetError
                0x08001f24       0x18 ./Drivers/STM32F7xx_HAL_Driver/stm32f7xx_hal_dma.o
                0x08001f24                HAL_DMA_GetError
 .text.DMA_SetConfig
                0x08001f3c       0x5c ./Drivers/STM32F7xx_HAL_Driver/stm32f7xx_hal_dma.o
 .text.DMA_CalcBaseAndBitshift
                0x08001f98       0x6c ./Drivers/STM32F7xx_HAL_Driver/stm32f7xx_hal_dma.o
 .text.DMA_CheckFifoParam
                0x08002004       0xf8 ./Drivers/STM32F7xx_HAL_Driver/stm32f7xx_hal_dma.o
 .text.HAL_GPIO_Init
                0x080020fc      0x338 ./Drivers/STM32F7xx_HAL_Driver/stm32f7xx_hal_gpio.o
                0x080020fc                HAL_GPIO_Init
 .text.HAL_GPIO_ReadPin
                0x08002434       0x30 ./Drivers/STM32F7xx_HAL_Driver/stm32f7xx_hal_gpio.o
                0x08002434                HAL_GPIO_ReadPin
 .text.HAL_GPIO_WritePin
                0x08002464       0x32 ./Drivers/STM32F7xx_HAL_Driver/stm32f7xx_hal_gpio.o
                0x08002464                HAL_GPIO_WritePin
 .text.HAL_GPIO_TogglePin
                0x08002496       0x34 ./Drivers/STM32F7xx_HAL_Driver/stm32f7xx_hal_gpio.o
                0x08002496                HAL_GPIO_TogglePin
 *fill*         0x080024ca        0x2 
 .text.HAL_GPIO_EXTI_IRQHandler
                0x080024cc       0x30 ./Drivers/STM32F7xx_HAL_Driver/stm32f7xx_hal_gpio.o
                0x080024cc                HAL_GPIO_EXTI_IRQHandler
 .text.HAL_GPIO_EXTI_Callback
                0x080024fc       0x16 ./Drivers/STM32F7xx_HAL_Driver/stm32f7xx_hal_gpio.o
                0x080024fc                HAL_GPIO_EXTI_Callback
 *fill*         0x08002512        0x2 
 .text.HAL_I2C_Init
                0x08002514      0x138 ./Drivers/STM32F7xx_HAL_Driver/stm32f7xx_hal_i2c.o
                0x08002514                HAL_I2C_Init
 .text.HAL_I2CEx_ConfigAnalogFilter
                0x0800264c       0x96 ./Drivers/STM32F7xx_HAL_Driver/stm32f7xx_hal_i2c_ex.o
                0x0800264c                HAL_I2CEx_ConfigAnalogFilter
 .text.HAL_I2CEx_ConfigDigitalFilter
                0x080026e2       0x98 ./Drivers/STM32F7xx_HAL_Driver/stm32f7xx_hal_i2c_ex.o
                0x080026e2                HAL_I2CEx_ConfigDigitalFilter
 .text.HAL_PCD_Init
                0x0800277a      0x22c ./Drivers/STM32F7xx_HAL_Driver/stm32f7xx_hal_pcd.o
                0x0800277a                HAL_PCD_Init
 .text.HAL_PCD_Start
                0x080029a6       0x44 ./Drivers/STM32F7xx_HAL_Driver/stm32f7xx_hal_pcd.o
                0x080029a6                HAL_PCD_Start
 .text.HAL_PCD_IRQHandler
                0x080029ea      0x99c ./Drivers/STM32F7xx_HAL_Driver/stm32f7xx_hal_pcd.o
                0x080029ea                HAL_PCD_IRQHandler
 .text.HAL_PCD_SetAddress
                0x08003386       0x48 ./Drivers/STM32F7xx_HAL_Driver/stm32f7xx_hal_pcd.o
                0x08003386                HAL_PCD_SetAddress
 .text.HAL_PCD_EP_Open
                0x080033ce       0xd4 ./Drivers/STM32F7xx_HAL_Driver/stm32f7xx_hal_pcd.o
                0x080033ce                HAL_PCD_EP_Open
 .text.HAL_PCD_EP_Close
                0x080034a2       0x94 ./Drivers/STM32F7xx_HAL_Driver/stm32f7xx_hal_pcd.o
                0x080034a2                HAL_PCD_EP_Close
 .text.HAL_PCD_EP_Receive
                0x08003536       0x76 ./Drivers/STM32F7xx_HAL_Driver/stm32f7xx_hal_pcd.o
                0x08003536                HAL_PCD_EP_Receive
 .text.HAL_PCD_EP_GetRxCount
                0x080035ac       0x30 ./Drivers/STM32F7xx_HAL_Driver/stm32f7xx_hal_pcd.o
                0x080035ac                HAL_PCD_EP_GetRxCount
 .text.HAL_PCD_EP_Transmit
                0x080035dc       0x74 ./Drivers/STM32F7xx_HAL_Driver/stm32f7xx_hal_pcd.o
                0x080035dc                HAL_PCD_EP_Transmit
 .text.HAL_PCD_EP_SetStall
                0x08003650       0xc6 ./Drivers/STM32F7xx_HAL_Driver/stm32f7xx_hal_pcd.o
                0x08003650                HAL_PCD_EP_SetStall
 .text.HAL_PCD_EP_ClrStall
                0x08003716       0xac ./Drivers/STM32F7xx_HAL_Driver/stm32f7xx_hal_pcd.o
                0x08003716                HAL_PCD_EP_ClrStall
 .text.HAL_PCD_EP_Abort
                0x080037c2       0x62 ./Drivers/STM32F7xx_HAL_Driver/stm32f7xx_hal_pcd.o
                0x080037c2                HAL_PCD_EP_Abort
 .text.PCD_WriteEmptyTxFifo
                0x08003824      0x118 ./Drivers/STM32F7xx_HAL_Driver/stm32f7xx_hal_pcd.o
 .text.PCD_EP_OutXfrComplete_int
                0x0800393c      0x1d0 ./Drivers/STM32F7xx_HAL_Driver/stm32f7xx_hal_pcd.o
 .text.PCD_EP_OutSetupPacket_int
                0x08003b0c       0x8c ./Drivers/STM32F7xx_HAL_Driver/stm32f7xx_hal_pcd.o
 .text.HAL_PCDEx_SetTxFiFo
                0x08003b98       0x8e ./Drivers/STM32F7xx_HAL_Driver/stm32f7xx_hal_pcd_ex.o
                0x08003b98                HAL_PCDEx_SetTxFiFo
 .text.HAL_PCDEx_SetRxFiFo
                0x08003c26       0x22 ./Drivers/STM32F7xx_HAL_Driver/stm32f7xx_hal_pcd_ex.o
                0x08003c26                HAL_PCDEx_SetRxFiFo
 .text.HAL_PCDEx_ActivateLPM
                0x08003c48       0x48 ./Drivers/STM32F7xx_HAL_Driver/stm32f7xx_hal_pcd_ex.o
                0x08003c48                HAL_PCDEx_ActivateLPM
 .text.HAL_RCC_OscConfig
                0x08003c90      0x548 ./Drivers/STM32F7xx_HAL_Driver/stm32f7xx_hal_rcc.o
                0x08003c90                HAL_RCC_OscConfig
 .text.HAL_RCC_ClockConfig
                0x080041d8      0x1d8 ./Drivers/STM32F7xx_HAL_Driver/stm32f7xx_hal_rcc.o
                0x080041d8                HAL_RCC_ClockConfig
 .text.HAL_RCC_GetSysClockFreq
                0x080043b0      0x208 ./Drivers/STM32F7xx_HAL_Driver/stm32f7xx_hal_rcc.o
                0x080043b0                HAL_RCC_GetSysClockFreq
 .text.HAL_RCC_GetHCLKFreq
                0x080045b8       0x18 ./Drivers/STM32F7xx_HAL_Driver/stm32f7xx_hal_rcc.o
                0x080045b8                HAL_RCC_GetHCLKFreq
 .text.HAL_RCC_GetPCLK1Freq
                0x080045d0       0x28 ./Drivers/STM32F7xx_HAL_Driver/stm32f7xx_hal_rcc.o
                0x080045d0                HAL_RCC_GetPCLK1Freq
 .text.HAL_RCC_GetPCLK2Freq
                0x080045f8       0x28 ./Drivers/STM32F7xx_HAL_Driver/stm32f7xx_hal_rcc.o
                0x080045f8                HAL_RCC_GetPCLK2Freq
 .text.HAL_RCCEx_PeriphCLKConfig
                0x08004620      0x694 ./Drivers/STM32F7xx_HAL_Driver/stm32f7xx_hal_rcc_ex.o
                0x08004620                HAL_RCCEx_PeriphCLKConfig
 .text.HAL_SD_Init
                0x08004cb4       0x60 ./Drivers/STM32F7xx_HAL_Driver/stm32f7xx_hal_sd.o
                0x08004cb4                HAL_SD_Init
 .text.HAL_SD_InitCard
                0x08004d14      0x100 ./Drivers/STM32F7xx_HAL_Driver/stm32f7xx_hal_sd.o
                0x08004d14                HAL_SD_InitCard
 .text.HAL_SD_ReadBlocks_DMA
                0x08004e14      0x1c4 ./Drivers/STM32F7xx_HAL_Driver/stm32f7xx_hal_sd.o
                0x08004e14                HAL_SD_ReadBlocks_DMA
 .text.HAL_SD_WriteBlocks_DMA
                0x08004fd8      0x1cc ./Drivers/STM32F7xx_HAL_Driver/stm32f7xx_hal_sd.o
                0x08004fd8                HAL_SD_WriteBlocks_DMA
 .text.HAL_SD_IRQHandler
                0x080051a4      0x2ec ./Drivers/STM32F7xx_HAL_Driver/stm32f7xx_hal_sd.o
                0x080051a4                HAL_SD_IRQHandler
 .text.HAL_SD_ErrorCallback
                0x08005490       0x14 ./Drivers/STM32F7xx_HAL_Driver/stm32f7xx_hal_sd.o
                0x08005490                HAL_SD_ErrorCallback
 .text.HAL_SD_GetCardCSD
                0x080054a4      0x348 ./Drivers/STM32F7xx_HAL_Driver/stm32f7xx_hal_sd.o
                0x080054a4                HAL_SD_GetCardCSD
 .text.HAL_SD_GetCardInfo
                0x080057ec       0x58 ./Drivers/STM32F7xx_HAL_Driver/stm32f7xx_hal_sd.o
                0x080057ec                HAL_SD_GetCardInfo
 .text.HAL_SD_ConfigWideBusOperation
                0x08005844      0x134 ./Drivers/STM32F7xx_HAL_Driver/stm32f7xx_hal_sd.o
                0x08005844                HAL_SD_ConfigWideBusOperation
 .text.HAL_SD_GetCardState
                0x08005978       0x40 ./Drivers/STM32F7xx_HAL_Driver/stm32f7xx_hal_sd.o
                0x08005978                HAL_SD_GetCardState
 .text.SD_DMATransmitCplt
                0x080059b8       0x2a ./Drivers/STM32F7xx_HAL_Driver/stm32f7xx_hal_sd.o
 .text.SD_DMAReceiveCplt
                0x080059e2       0x70 ./Drivers/STM32F7xx_HAL_Driver/stm32f7xx_hal_sd.o
 *fill*         0x08005a52        0x2 
 .text.SD_DMAError
                0x08005a54       0xa4 ./Drivers/STM32F7xx_HAL_Driver/stm32f7xx_hal_sd.o
 .text.SD_DMATxAbort
                0x08005af8       0x6e ./Drivers/STM32F7xx_HAL_Driver/stm32f7xx_hal_sd.o
 .text.SD_DMARxAbort
                0x08005b66       0x6e ./Drivers/STM32F7xx_HAL_Driver/stm32f7xx_hal_sd.o
 .text.SD_InitCard
                0x08005bd4      0x19c ./Drivers/STM32F7xx_HAL_Driver/stm32f7xx_hal_sd.o
 .text.SD_PowerON
                0x08005d70      0x11c ./Drivers/STM32F7xx_HAL_Driver/stm32f7xx_hal_sd.o
 .text.SD_SendStatus
                0x08005e8c       0x50 ./Drivers/STM32F7xx_HAL_Driver/stm32f7xx_hal_sd.o
 .text.SD_WideBus_Enable
                0x08005edc       0x96 ./Drivers/STM32F7xx_HAL_Driver/stm32f7xx_hal_sd.o
 .text.SD_WideBus_Disable
                0x08005f72       0x96 ./Drivers/STM32F7xx_HAL_Driver/stm32f7xx_hal_sd.o
 .text.SD_FindSCR
                0x08006008      0x1a6 ./Drivers/STM32F7xx_HAL_Driver/stm32f7xx_hal_sd.o
 .text.SD_Read_IT
                0x080061ae       0xa2 ./Drivers/STM32F7xx_HAL_Driver/stm32f7xx_hal_sd.o
 .text.SD_Write_IT
                0x08006250       0xaa ./Drivers/STM32F7xx_HAL_Driver/stm32f7xx_hal_sd.o
 .text.HAL_UART_Init
                0x080062fa       0x9c ./Drivers/STM32F7xx_HAL_Driver/stm32f7xx_hal_uart.o
                0x080062fa                HAL_UART_Init
 *fill*         0x08006396        0x2 
 .text.UART_SetConfig
                0x08006398      0x4c8 ./Drivers/STM32F7xx_HAL_Driver/stm32f7xx_hal_uart.o
                0x08006398                UART_SetConfig
 .text.UART_AdvFeatureConfig
                0x08006860      0x144 ./Drivers/STM32F7xx_HAL_Driver/stm32f7xx_hal_uart.o
                0x08006860                UART_AdvFeatureConfig
 .text.UART_CheckIdleState
                0x080069a4       0xae ./Drivers/STM32F7xx_HAL_Driver/stm32f7xx_hal_uart.o
                0x080069a4                UART_CheckIdleState
 .text.UART_WaitOnFlagUntilTimeout
                0x08006a52       0xda ./Drivers/STM32F7xx_HAL_Driver/stm32f7xx_hal_uart.o
                0x08006a52                UART_WaitOnFlagUntilTimeout
 .text.UART_EndRxTransfer
                0x08006b2c       0xc8 ./Drivers/STM32F7xx_HAL_Driver/stm32f7xx_hal_uart.o
 .text.SDMMC_Init
                0x08006bf4       0x58 ./Drivers/STM32F7xx_HAL_Driver/stm32f7xx_ll_sdmmc.o
                0x08006bf4                SDMMC_Init
 .text.SDMMC_ReadFIFO
                0x08006c4c       0x1a ./Drivers/STM32F7xx_HAL_Driver/stm32f7xx_ll_sdmmc.o
                0x08006c4c                SDMMC_ReadFIFO
 .text.SDMMC_WriteFIFO
                0x08006c66       0x22 ./Drivers/STM32F7xx_HAL_Driver/stm32f7xx_ll_sdmmc.o
                0x08006c66                SDMMC_WriteFIFO
 .text.SDMMC_PowerState_ON
                0x08006c88       0x1c ./Drivers/STM32F7xx_HAL_Driver/stm32f7xx_ll_sdmmc.o
                0x08006c88                SDMMC_PowerState_ON
 .text.SDMMC_GetPowerState
                0x08006ca4       0x1c ./Drivers/STM32F7xx_HAL_Driver/stm32f7xx_ll_sdmmc.o
                0x08006ca4                SDMMC_GetPowerState
 .text.SDMMC_SendCommand
                0x08006cc0       0x54 ./Drivers/STM32F7xx_HAL_Driver/stm32f7xx_ll_sdmmc.o
                0x08006cc0                SDMMC_SendCommand
 .text.SDMMC_GetCommandResponse
                0x08006d14       0x1a ./Drivers/STM32F7xx_HAL_Driver/stm32f7xx_ll_sdmmc.o
                0x08006d14                SDMMC_GetCommandResponse
 .text.SDMMC_GetResponse
                0x08006d2e       0x26 ./Drivers/STM32F7xx_HAL_Driver/stm32f7xx_ll_sdmmc.o
                0x08006d2e                SDMMC_GetResponse
 .text.SDMMC_ConfigData
                0x08006d54       0x58 ./Drivers/STM32F7xx_HAL_Driver/stm32f7xx_ll_sdmmc.o
                0x08006d54                SDMMC_ConfigData
 .text.SDMMC_CmdBlockLength
                0x08006dac       0x44 ./Drivers/STM32F7xx_HAL_Driver/stm32f7xx_ll_sdmmc.o
                0x08006dac                SDMMC_CmdBlockLength
 .text.SDMMC_CmdReadSingleBlock
                0x08006df0       0x44 ./Drivers/STM32F7xx_HAL_Driver/stm32f7xx_ll_sdmmc.o
                0x08006df0                SDMMC_CmdReadSingleBlock
 .text.SDMMC_CmdReadMultiBlock
                0x08006e34       0x44 ./Drivers/STM32F7xx_HAL_Driver/stm32f7xx_ll_sdmmc.o
                0x08006e34                SDMMC_CmdReadMultiBlock
 .text.SDMMC_CmdWriteSingleBlock
                0x08006e78       0x44 ./Drivers/STM32F7xx_HAL_Driver/stm32f7xx_ll_sdmmc.o
                0x08006e78                SDMMC_CmdWriteSingleBlock
 .text.SDMMC_CmdWriteMultiBlock
                0x08006ebc       0x44 ./Drivers/STM32F7xx_HAL_Driver/stm32f7xx_ll_sdmmc.o
                0x08006ebc                SDMMC_CmdWriteMultiBlock
 .text.SDMMC_CmdStopTransfer
                0x08006f00       0x44 ./Drivers/STM32F7xx_HAL_Driver/stm32f7xx_ll_sdmmc.o
                0x08006f00                SDMMC_CmdStopTransfer
 .text.SDMMC_CmdSelDesel
                0x08006f44       0x46 ./Drivers/STM32F7xx_HAL_Driver/stm32f7xx_ll_sdmmc.o
                0x08006f44                SDMMC_CmdSelDesel
 .text.SDMMC_CmdGoIdleState
                0x08006f8a       0x3c ./Drivers/STM32F7xx_HAL_Driver/stm32f7xx_ll_sdmmc.o
                0x08006f8a                SDMMC_CmdGoIdleState
 .text.SDMMC_CmdOperCond
                0x08006fc6       0x3e ./Drivers/STM32F7xx_HAL_Driver/stm32f7xx_ll_sdmmc.o
                0x08006fc6                SDMMC_CmdOperCond
 .text.SDMMC_CmdAppCommand
                0x08007004       0x44 ./Drivers/STM32F7xx_HAL_Driver/stm32f7xx_ll_sdmmc.o
                0x08007004                SDMMC_CmdAppCommand
 .text.SDMMC_CmdAppOperCommand
                0x08007048       0x48 ./Drivers/STM32F7xx_HAL_Driver/stm32f7xx_ll_sdmmc.o
                0x08007048                SDMMC_CmdAppOperCommand
 .text.SDMMC_CmdBusWidth
                0x08007090       0x44 ./Drivers/STM32F7xx_HAL_Driver/stm32f7xx_ll_sdmmc.o
                0x08007090                SDMMC_CmdBusWidth
 .text.SDMMC_CmdSendSCR
                0x080070d4       0x42 ./Drivers/STM32F7xx_HAL_Driver/stm32f7xx_ll_sdmmc.o
                0x080070d4                SDMMC_CmdSendSCR
 .text.SDMMC_CmdSendCID
                0x08007116       0x3c ./Drivers/STM32F7xx_HAL_Driver/stm32f7xx_ll_sdmmc.o
                0x08007116                SDMMC_CmdSendCID
 .text.SDMMC_CmdSendCSD
                0x08007152       0x3e ./Drivers/STM32F7xx_HAL_Driver/stm32f7xx_ll_sdmmc.o
                0x08007152                SDMMC_CmdSendCSD
 .text.SDMMC_CmdSetRelAdd
                0x08007190       0x42 ./Drivers/STM32F7xx_HAL_Driver/stm32f7xx_ll_sdmmc.o
                0x08007190                SDMMC_CmdSetRelAdd
 .text.SDMMC_CmdSendStatus
                0x080071d2       0x44 ./Drivers/STM32F7xx_HAL_Driver/stm32f7xx_ll_sdmmc.o
                0x080071d2                SDMMC_CmdSendStatus
 *fill*         0x08007216        0x2 
 .text.SDMMC_GetCmdResp1
                0x08007218      0x1dc ./Drivers/STM32F7xx_HAL_Driver/stm32f7xx_ll_sdmmc.o
                0x08007218                SDMMC_GetCmdResp1
 .text.SDMMC_GetCmdResp2
                0x080073f4       0x90 ./Drivers/STM32F7xx_HAL_Driver/stm32f7xx_ll_sdmmc.o
                0x080073f4                SDMMC_GetCmdResp2
 .text.SDMMC_GetCmdResp3
                0x08007484       0x7c ./Drivers/STM32F7xx_HAL_Driver/stm32f7xx_ll_sdmmc.o
                0x08007484                SDMMC_GetCmdResp3
 .text.SDMMC_GetCmdResp6
                0x08007500       0xec ./Drivers/STM32F7xx_HAL_Driver/stm32f7xx_ll_sdmmc.o
                0x08007500                SDMMC_GetCmdResp6
 .text.SDMMC_GetCmdResp7
                0x080075ec       0x9c ./Drivers/STM32F7xx_HAL_Driver/stm32f7xx_ll_sdmmc.o
                0x080075ec                SDMMC_GetCmdResp7
 .text.SDMMC_GetCmdError
                0x08007688       0x58 ./Drivers/STM32F7xx_HAL_Driver/stm32f7xx_ll_sdmmc.o
 .text.USB_CoreInit
                0x080076e0      0x118 ./Drivers/STM32F7xx_HAL_Driver/stm32f7xx_ll_usb.o
                0x080076e0                USB_CoreInit
 .text.USB_SetTurnaroundTime
                0x080077f8      0x144 ./Drivers/STM32F7xx_HAL_Driver/stm32f7xx_ll_usb.o
                0x080077f8                USB_SetTurnaroundTime
 .text.USB_EnableGlobalInt
                0x0800793c       0x22 ./Drivers/STM32F7xx_HAL_Driver/stm32f7xx_ll_usb.o
                0x0800793c                USB_EnableGlobalInt
 .text.USB_DisableGlobalInt
                0x0800795e       0x22 ./Drivers/STM32F7xx_HAL_Driver/stm32f7xx_ll_usb.o
                0x0800795e                USB_DisableGlobalInt
 .text.USB_SetCurrentMode
                0x08007980       0x98 ./Drivers/STM32F7xx_HAL_Driver/stm32f7xx_ll_usb.o
                0x08007980                USB_SetCurrentMode
 .text.USB_DevInit
                0x08007a18      0x2e0 ./Drivers/STM32F7xx_HAL_Driver/stm32f7xx_ll_usb.o
                0x08007a18                USB_DevInit
 .text.USB_FlushTxFifo
                0x08007cf8       0x64 ./Drivers/STM32F7xx_HAL_Driver/stm32f7xx_ll_usb.o
                0x08007cf8                USB_FlushTxFifo
 .text.USB_FlushRxFifo
                0x08007d5c       0x5c ./Drivers/STM32F7xx_HAL_Driver/stm32f7xx_ll_usb.o
                0x08007d5c                USB_FlushRxFifo
 .text.USB_SetDevSpeed
                0x08007db8       0x32 ./Drivers/STM32F7xx_HAL_Driver/stm32f7xx_ll_usb.o
                0x08007db8                USB_SetDevSpeed
 .text.USB_GetDevSpeed
                0x08007dea       0x4a ./Drivers/STM32F7xx_HAL_Driver/stm32f7xx_ll_usb.o
                0x08007dea                USB_GetDevSpeed
 .text.USB_ActivateEndpoint
                0x08007e34      0x110 ./Drivers/STM32F7xx_HAL_Driver/stm32f7xx_ll_usb.o
                0x08007e34                USB_ActivateEndpoint
 .text.USB_DeactivateEndpoint
                0x08007f44      0x1b8 ./Drivers/STM32F7xx_HAL_Driver/stm32f7xx_ll_usb.o
                0x08007f44                USB_DeactivateEndpoint
 .text.USB_EPStartXfer
                0x080080fc      0x548 ./Drivers/STM32F7xx_HAL_Driver/stm32f7xx_ll_usb.o
                0x080080fc                USB_EPStartXfer
 .text.USB_EPStopXfer
                0x08008644      0x154 ./Drivers/STM32F7xx_HAL_Driver/stm32f7xx_ll_usb.o
                0x08008644                USB_EPStopXfer
 .text.USB_WritePacket
                0x08008798       0x7c ./Drivers/STM32F7xx_HAL_Driver/stm32f7xx_ll_usb.o
                0x08008798                USB_WritePacket
 .text.USB_ReadPacket
                0x08008814       0xb0 ./Drivers/STM32F7xx_HAL_Driver/stm32f7xx_ll_usb.o
                0x08008814                USB_ReadPacket
 .text.USB_EPSetStall
                0x080088c4       0xdc ./Drivers/STM32F7xx_HAL_Driver/stm32f7xx_ll_usb.o
                0x080088c4                USB_EPSetStall
 .text.USB_EPClearStall
                0x080089a0       0xcc ./Drivers/STM32F7xx_HAL_Driver/stm32f7xx_ll_usb.o
                0x080089a0                USB_EPClearStall
 .text.USB_SetDevAddress
                0x08008a6c       0x4c ./Drivers/STM32F7xx_HAL_Driver/stm32f7xx_ll_usb.o
                0x08008a6c                USB_SetDevAddress
 .text.USB_DevConnect
                0x08008ab8       0x42 ./Drivers/STM32F7xx_HAL_Driver/stm32f7xx_ll_usb.o
                0x08008ab8                USB_DevConnect
 .text.USB_DevDisconnect
                0x08008afa       0x42 ./Drivers/STM32F7xx_HAL_Driver/stm32f7xx_ll_usb.o
                0x08008afa                USB_DevDisconnect
 .text.USB_ReadInterrupts
                0x08008b3c       0x26 ./Drivers/STM32F7xx_HAL_Driver/stm32f7xx_ll_usb.o
                0x08008b3c                USB_ReadInterrupts
 .text.USB_ReadDevAllOutEpInterrupt
                0x08008b62       0x34 ./Drivers/STM32F7xx_HAL_Driver/stm32f7xx_ll_usb.o
                0x08008b62                USB_ReadDevAllOutEpInterrupt
 .text.USB_ReadDevAllInEpInterrupt
                0x08008b96       0x34 ./Drivers/STM32F7xx_HAL_Driver/stm32f7xx_ll_usb.o
                0x08008b96                USB_ReadDevAllInEpInterrupt
 .text.USB_ReadDevOutEPInterrupt
                0x08008bca       0x3c ./Drivers/STM32F7xx_HAL_Driver/stm32f7xx_ll_usb.o
                0x08008bca                USB_ReadDevOutEPInterrupt
 .text.USB_ReadDevInEPInterrupt
                0x08008c06       0x5c ./Drivers/STM32F7xx_HAL_Driver/stm32f7xx_ll_usb.o
                0x08008c06                USB_ReadDevInEPInterrupt
 .text.USB_GetMode
                0x08008c62       0x1c ./Drivers/STM32F7xx_HAL_Driver/stm32f7xx_ll_usb.o
                0x08008c62                USB_GetMode
 *fill*         0x08008c7e        0x2 
 .text.USB_ActivateSetup
                0x08008c80       0x48 ./Drivers/STM32F7xx_HAL_Driver/stm32f7xx_ll_usb.o
                0x08008c80                USB_ActivateSetup
 .text.USB_EP0_OutStart
                0x08008cc8       0xbc ./Drivers/STM32F7xx_HAL_Driver/stm32f7xx_ll_usb.o
                0x08008cc8                USB_EP0_OutStart
 .text.USB_CoreReset
                0x08008d84       0x70 ./Drivers/STM32F7xx_HAL_Driver/stm32f7xx_ll_usb.o
 .text.MX_FATFS_Init
                0x08008df4       0x24 ./FATFS/App/fatfs.o
                0x08008df4                MX_FATFS_Init
 .text.BSP_SD_Init
                0x08008e18       0x4c ./FATFS/Target/bsp_driver_sd.o
                0x08008e18                BSP_SD_Init
 .text.BSP_SD_ReadBlocks_DMA
                0x08008e64       0x34 ./FATFS/Target/bsp_driver_sd.o
                0x08008e64                BSP_SD_ReadBlocks_DMA
 .text.BSP_SD_WriteBlocks_DMA
                0x08008e98       0x34 ./FATFS/Target/bsp_driver_sd.o
                0x08008e98                BSP_SD_WriteBlocks_DMA
 .text.BSP_SD_GetCardState
                0x08008ecc       0x20 ./FATFS/Target/bsp_driver_sd.o
                0x08008ecc                BSP_SD_GetCardState
 .text.BSP_SD_GetCardInfo
                0x08008eec       0x1c ./FATFS/Target/bsp_driver_sd.o
                0x08008eec                BSP_SD_GetCardInfo
 .text.HAL_SD_AbortCallback
                0x08008f08       0x14 ./FATFS/Target/bsp_driver_sd.o
                0x08008f08                HAL_SD_AbortCallback
 .text.HAL_SD_TxCpltCallback
                0x08008f1c       0x14 ./FATFS/Target/bsp_driver_sd.o
                0x08008f1c                HAL_SD_TxCpltCallback
 .text.HAL_SD_RxCpltCallback
                0x08008f30       0x14 ./FATFS/Target/bsp_driver_sd.o
                0x08008f30                HAL_SD_RxCpltCallback
 .text.BSP_SD_AbortCallback
                0x08008f44        0xe ./FATFS/Target/bsp_driver_sd.o
                0x08008f44                BSP_SD_AbortCallback
 .text.BSP_SD_IsDetected
                0x08008f52       0x24 ./FATFS/Target/bsp_driver_sd.o
                0x08008f52                BSP_SD_IsDetected
 *fill*         0x08008f76        0x2 
 .text.BSP_PlatformIsDetected
                0x08008f78       0x2c ./FATFS/Target/fatfs_platform.o
                0x08008f78                BSP_PlatformIsDetected
 .text.SD_CheckStatusWithTimeout
                0x08008fa4       0x3a ./FATFS/Target/sd_diskio.o
 *fill*         0x08008fde        0x2 
 .text.SD_CheckStatus
                0x08008fe0       0x3c ./FATFS/Target/sd_diskio.o
 .text.SD_initialize
                0x0800901c       0x38 ./FATFS/Target/sd_diskio.o
                0x0800901c                SD_initialize
 .text.SD_status
                0x08009054       0x1c ./FATFS/Target/sd_diskio.o
                0x08009054                SD_status
 .text.SD_read  0x08009070       0xac ./FATFS/Target/sd_diskio.o
                0x08009070                SD_read
 .text.SD_write
                0x0800911c       0xac ./FATFS/Target/sd_diskio.o
                0x0800911c                SD_write
 .text.SD_ioctl
                0x080091c8       0xb0 ./FATFS/Target/sd_diskio.o
                0x080091c8                SD_ioctl
 .text.BSP_SD_WriteCpltCallback
                0x08009278       0x18 ./FATFS/Target/sd_diskio.o
                0x08009278                BSP_SD_WriteCpltCallback
 .text.BSP_SD_ReadCpltCallback
                0x08009290       0x18 ./FATFS/Target/sd_diskio.o
                0x08009290                BSP_SD_ReadCpltCallback
 .text.FATFS_LinkDriverEx
                0x080092a8       0x98 ./Middlewares/FatFs/ff_gen_drv.o
                0x080092a8                FATFS_LinkDriverEx
 .text.FATFS_LinkDriver
                0x08009340       0x1e ./Middlewares/FatFs/ff_gen_drv.o
                0x08009340                FATFS_LinkDriver
 *fill*         0x0800935e        0x2 
 .text.USBD_CDC_Init
                0x08009360      0x1f0 ./Middlewares/USB_Device_Library/usbd_cdc.o
 .text.USBD_CDC_DeInit
                0x08009550      0x104 ./Middlewares/USB_Device_Library/usbd_cdc.o
 .text.USBD_CDC_Setup
                0x08009654      0x1b8 ./Middlewares/USB_Device_Library/usbd_cdc.o
 .text.USBD_CDC_DataIn
                0x0800980c       0xfe ./Middlewares/USB_Device_Library/usbd_cdc.o
 .text.USBD_CDC_DataOut
                0x0800990a       0x70 ./Middlewares/USB_Device_Library/usbd_cdc.o
 .text.USBD_CDC_EP0_RxReady
                0x0800997a       0x74 ./Middlewares/USB_Device_Library/usbd_cdc.o
 *fill*         0x080099ee        0x2 
 .text.USBD_CDC_GetFSCfgDesc
                0x080099f0       0x70 ./Middlewares/USB_Device_Library/usbd_cdc.o
 .text.USBD_CDC_GetHSCfgDesc
                0x08009a60       0x70 ./Middlewares/USB_Device_Library/usbd_cdc.o
 .text.USBD_CDC_GetOtherSpeedCfgDesc
                0x08009ad0       0x70 ./Middlewares/USB_Device_Library/usbd_cdc.o
 .text.USBD_CDC_GetDeviceQualifierDescriptor
                0x08009b40       0x20 ./Middlewares/USB_Device_Library/usbd_cdc.o
                0x08009b40                USBD_CDC_GetDeviceQualifierDescriptor
 .text.USBD_CDC_RegisterInterface
                0x08009b60       0x34 ./Middlewares/USB_Device_Library/usbd_cdc.o
                0x08009b60                USBD_CDC_RegisterInterface
 .text.USBD_CDC_SetTxBuffer
                0x08009b94       0x44 ./Middlewares/USB_Device_Library/usbd_cdc.o
                0x08009b94                USBD_CDC_SetTxBuffer
 .text.USBD_CDC_SetRxBuffer
                0x08009bd8       0x3a ./Middlewares/USB_Device_Library/usbd_cdc.o
                0x08009bd8                USBD_CDC_SetRxBuffer
 *fill*         0x08009c12        0x2 
 .text.USBD_CDC_ReceivePacket
                0x08009c14       0x6c ./Middlewares/USB_Device_Library/usbd_cdc.o
                0x08009c14                USBD_CDC_ReceivePacket
 .text.USBD_Init
                0x08009c80       0x60 ./Middlewares/USB_Device_Library/usbd_core.o
                0x08009c80                USBD_Init
 .text.USBD_RegisterClass
                0x08009ce0       0x6c ./Middlewares/USB_Device_Library/usbd_core.o
                0x08009ce0                USBD_RegisterClass
 .text.USBD_Start
                0x08009d4c       0x18 ./Middlewares/USB_Device_Library/usbd_core.o
                0x08009d4c                USBD_Start
 .text.USBD_RunTestMode
                0x08009d64       0x16 ./Middlewares/USB_Device_Library/usbd_core.o
                0x08009d64                USBD_RunTestMode
 .text.USBD_SetClassConfig
                0x08009d7a       0x38 ./Middlewares/USB_Device_Library/usbd_core.o
                0x08009d7a                USBD_SetClassConfig
 .text.USBD_ClrClassConfig
                0x08009db2       0x34 ./Middlewares/USB_Device_Library/usbd_core.o
                0x08009db2                USBD_ClrClassConfig
 .text.USBD_LL_SetupStage
                0x08009de6       0xaa ./Middlewares/USB_Device_Library/usbd_core.o
                0x08009de6                USBD_LL_SetupStage
 .text.USBD_LL_DataOutStage
                0x08009e90      0x178 ./Middlewares/USB_Device_Library/usbd_core.o
                0x08009e90                USBD_LL_DataOutStage
 .text.USBD_LL_DataInStage
                0x0800a008      0x176 ./Middlewares/USB_Device_Library/usbd_core.o
                0x0800a008                USBD_LL_DataInStage
 .text.USBD_LL_Reset
                0x0800a17e       0xa6 ./Middlewares/USB_Device_Library/usbd_core.o
                0x0800a17e                USBD_LL_Reset
 .text.USBD_LL_SetSpeed
                0x0800a224       0x20 ./Middlewares/USB_Device_Library/usbd_core.o
                0x0800a224                USBD_LL_SetSpeed
 .text.USBD_LL_Suspend
                0x0800a244       0x38 ./Middlewares/USB_Device_Library/usbd_core.o
                0x0800a244                USBD_LL_Suspend
 .text.USBD_LL_Resume
                0x0800a27c       0x30 ./Middlewares/USB_Device_Library/usbd_core.o
                0x0800a27c                USBD_LL_Resume
 .text.USBD_LL_SOF
                0x0800a2ac       0x40 ./Middlewares/USB_Device_Library/usbd_core.o
                0x0800a2ac                USBD_LL_SOF
 .text.USBD_LL_IsoINIncomplete
                0x0800a2ec       0x64 ./Middlewares/USB_Device_Library/usbd_core.o
                0x0800a2ec                USBD_LL_IsoINIncomplete
 .text.USBD_LL_IsoOUTIncomplete
                0x0800a350       0x64 ./Middlewares/USB_Device_Library/usbd_core.o
                0x0800a350                USBD_LL_IsoOUTIncomplete
 .text.USBD_LL_DevConnected
                0x0800a3b4       0x16 ./Middlewares/USB_Device_Library/usbd_core.o
                0x0800a3b4                USBD_LL_DevConnected
 .text.USBD_LL_DevDisconnected
                0x0800a3ca       0x46 ./Middlewares/USB_Device_Library/usbd_core.o
                0x0800a3ca                USBD_LL_DevDisconnected
 .text.USBD_CoreFindIF
                0x0800a410       0x1a ./Middlewares/USB_Device_Library/usbd_core.o
                0x0800a410                USBD_CoreFindIF
 .text.USBD_CoreFindEP
                0x0800a42a       0x1a ./Middlewares/USB_Device_Library/usbd_core.o
                0x0800a42a                USBD_CoreFindEP
 .text.USBD_GetEpDesc
                0x0800a444       0x70 ./Middlewares/USB_Device_Library/usbd_core.o
                0x0800a444                USBD_GetEpDesc
 .text.USBD_GetNextDesc
                0x0800a4b4       0x38 ./Middlewares/USB_Device_Library/usbd_core.o
                0x0800a4b4                USBD_GetNextDesc
 .text.SWAPBYTE
                0x0800a4ec       0x3e ./Middlewares/USB_Device_Library/usbd_ctlreq.o
 *fill*         0x0800a52a        0x2 
 .text.USBD_StdDevReq
                0x0800a52c       0xe4 ./Middlewares/USB_Device_Library/usbd_ctlreq.o
                0x0800a52c                USBD_StdDevReq
 .text.USBD_StdItfReq
                0x0800a610       0xd8 ./Middlewares/USB_Device_Library/usbd_ctlreq.o
                0x0800a610                USBD_StdItfReq
 .text.USBD_StdEPReq
                0x0800a6e8      0x33e ./Middlewares/USB_Device_Library/usbd_ctlreq.o
                0x0800a6e8                USBD_StdEPReq
 *fill*         0x0800aa26        0x2 
 .text.USBD_GetDescriptor
                0x0800aa28      0x328 ./Middlewares/USB_Device_Library/usbd_ctlreq.o
 .text.USBD_SetAddress
                0x0800ad50       0x88 ./Middlewares/USB_Device_Library/usbd_ctlreq.o
 .text.USBD_SetConfig
                0x0800add8      0x154 ./Middlewares/USB_Device_Library/usbd_ctlreq.o
 .text.USBD_GetConfig
                0x0800af2c       0x6c ./Middlewares/USB_Device_Library/usbd_ctlreq.o
 .text.USBD_GetStatus
                0x0800af98       0x68 ./Middlewares/USB_Device_Library/usbd_ctlreq.o
 .text.USBD_SetFeature
                0x0800b000       0x52 ./Middlewares/USB_Device_Library/usbd_ctlreq.o
 .text.USBD_ClrFeature
                0x0800b052       0x44 ./Middlewares/USB_Device_Library/usbd_ctlreq.o
 .text.USBD_ParseSetupRequest
                0x0800b096       0x74 ./Middlewares/USB_Device_Library/usbd_ctlreq.o
                0x0800b096                USBD_ParseSetupRequest
 .text.USBD_CtlError
                0x0800b10a       0x22 ./Middlewares/USB_Device_Library/usbd_ctlreq.o
                0x0800b10a                USBD_CtlError
 .text.USBD_GetString
                0x0800b12c       0xa4 ./Middlewares/USB_Device_Library/usbd_ctlreq.o
                0x0800b12c                USBD_GetString
 .text.USBD_GetLen
                0x0800b1d0       0x34 ./Middlewares/USB_Device_Library/usbd_ctlreq.o
 .text.USBD_CtlSendData
                0x0800b204       0x3c ./Middlewares/USB_Device_Library/usbd_ioreq.o
                0x0800b204                USBD_CtlSendData
 .text.USBD_CtlContinueSendData
                0x0800b240       0x22 ./Middlewares/USB_Device_Library/usbd_ioreq.o
                0x0800b240                USBD_CtlContinueSendData
 .text.USBD_CtlPrepareRx
                0x0800b262       0x42 ./Middlewares/USB_Device_Library/usbd_ioreq.o
                0x0800b262                USBD_CtlPrepareRx
 .text.USBD_CtlContinueRx
                0x0800b2a4       0x22 ./Middlewares/USB_Device_Library/usbd_ioreq.o
                0x0800b2a4                USBD_CtlContinueRx
 .text.USBD_CtlSendStatus
                0x0800b2c6       0x26 ./Middlewares/USB_Device_Library/usbd_ioreq.o
                0x0800b2c6                USBD_CtlSendStatus
 .text.USBD_CtlReceiveStatus
                0x0800b2ec       0x26 ./Middlewares/USB_Device_Library/usbd_ioreq.o
                0x0800b2ec                USBD_CtlReceiveStatus
 *fill*         0x0800b312        0x2 
 .text.MX_USB_DEVICE_Init
                0x0800b314       0x60 ./USB_DEVICE/App/usb_device.o
                0x0800b314                MX_USB_DEVICE_Init
 .text.CDC_Init_FS
                0x0800b374       0x28 ./USB_DEVICE/App/usbd_cdc_if.o
 .text.CDC_DeInit_FS
                0x0800b39c       0x10 ./USB_DEVICE/App/usbd_cdc_if.o
 .text.CDC_Control_FS
                0x0800b3ac       0xbc ./USB_DEVICE/App/usbd_cdc_if.o
 .text.CDC_Receive_FS
                0x0800b468       0x28 ./USB_DEVICE/App/usbd_cdc_if.o
 .text.CDC_TransmitCplt_FS
                0x0800b490       0x22 ./USB_DEVICE/App/usbd_cdc_if.o
 *fill*         0x0800b4b2        0x2 
 .text.USBD_FS_DeviceDescriptor
                0x0800b4b4       0x24 ./USB_DEVICE/App/usbd_desc.o
                0x0800b4b4                USBD_FS_DeviceDescriptor
 .text.USBD_FS_LangIDStrDescriptor
                0x0800b4d8       0x24 ./USB_DEVICE/App/usbd_desc.o
                0x0800b4d8                USBD_FS_LangIDStrDescriptor
 .text.USBD_FS_ProductStrDescriptor
                0x0800b4fc       0x3c ./USB_DEVICE/App/usbd_desc.o
                0x0800b4fc                USBD_FS_ProductStrDescriptor
 .text.USBD_FS_ManufacturerStrDescriptor
                0x0800b538       0x28 ./USB_DEVICE/App/usbd_desc.o
                0x0800b538                USBD_FS_ManufacturerStrDescriptor
 .text.USBD_FS_SerialStrDescriptor
                0x0800b560       0x24 ./USB_DEVICE/App/usbd_desc.o
                0x0800b560                USBD_FS_SerialStrDescriptor
 .text.USBD_FS_ConfigStrDescriptor
                0x0800b584       0x3c ./USB_DEVICE/App/usbd_desc.o
                0x0800b584                USBD_FS_ConfigStrDescriptor
 .text.USBD_FS_InterfaceStrDescriptor
                0x0800b5c0       0x3c ./USB_DEVICE/App/usbd_desc.o
                0x0800b5c0                USBD_FS_InterfaceStrDescriptor
 .text.USBD_FS_USR_BOSDescriptor
                0x0800b5fc       0x24 ./USB_DEVICE/App/usbd_desc.o
                0x0800b5fc                USBD_FS_USR_BOSDescriptor
 .text.Get_SerialNum
                0x0800b620       0x58 ./USB_DEVICE/App/usbd_desc.o
 .text.IntToUnicode
                0x0800b678       0x7e ./USB_DEVICE/App/usbd_desc.o
 *fill*         0x0800b6f6        0x2 
 .text.HAL_PCD_MspInit
                0x0800b6f8       0xe4 ./USB_DEVICE/Target/usbd_conf.o
                0x0800b6f8                HAL_PCD_MspInit
 .text.HAL_PCD_SetupStageCallback
                0x0800b7dc       0x24 ./USB_DEVICE/Target/usbd_conf.o
                0x0800b7dc                HAL_PCD_SetupStageCallback
 .text.HAL_PCD_DataOutStageCallback
                0x0800b800       0x36 ./USB_DEVICE/Target/usbd_conf.o
                0x0800b800                HAL_PCD_DataOutStageCallback
 .text.HAL_PCD_DataInStageCallback
                0x0800b836       0x34 ./USB_DEVICE/Target/usbd_conf.o
                0x0800b836                HAL_PCD_DataInStageCallback
 .text.HAL_PCD_SOFCallback
                0x0800b86a       0x1c ./USB_DEVICE/Target/usbd_conf.o
                0x0800b86a                HAL_PCD_SOFCallback
 .text.HAL_PCD_ResetCallback
                0x0800b886       0x50 ./USB_DEVICE/Target/usbd_conf.o
                0x0800b886                HAL_PCD_ResetCallback
 *fill*         0x0800b8d6        0x2 
 .text.HAL_PCD_SuspendCallback
                0x0800b8d8       0x4c ./USB_DEVICE/Target/usbd_conf.o
                0x0800b8d8                HAL_PCD_SuspendCallback
 .text.HAL_PCD_ResumeCallback
                0x0800b924       0x1c ./USB_DEVICE/Target/usbd_conf.o
                0x0800b924                HAL_PCD_ResumeCallback
 .text.HAL_PCD_ISOOUTIncompleteCallback
                0x0800b940       0x24 ./USB_DEVICE/Target/usbd_conf.o
                0x0800b940                HAL_PCD_ISOOUTIncompleteCallback
 .text.HAL_PCD_ISOINIncompleteCallback
                0x0800b964       0x24 ./USB_DEVICE/Target/usbd_conf.o
                0x0800b964                HAL_PCD_ISOINIncompleteCallback
 .text.HAL_PCD_ConnectCallback
                0x0800b988       0x1c ./USB_DEVICE/Target/usbd_conf.o
                0x0800b988                HAL_PCD_ConnectCallback
 .text.HAL_PCD_DisconnectCallback
                0x0800b9a4       0x1c ./USB_DEVICE/Target/usbd_conf.o
                0x0800b9a4                HAL_PCD_DisconnectCallback
 .text.USBD_LL_Init
                0x0800b9c0       0xa0 ./USB_DEVICE/Target/usbd_conf.o
                0x0800b9c0                USBD_LL_Init
 .text.USBD_LL_Start
                0x0800ba60       0x36 ./USB_DEVICE/Target/usbd_conf.o
                0x0800ba60                USBD_LL_Start
 .text.USBD_LL_OpenEP
                0x0800ba96       0x4c ./USB_DEVICE/Target/usbd_conf.o
                0x0800ba96                USBD_LL_OpenEP
 .text.USBD_LL_CloseEP
                0x0800bae2       0x3e ./USB_DEVICE/Target/usbd_conf.o
                0x0800bae2                USBD_LL_CloseEP
 .text.USBD_LL_StallEP
                0x0800bb20       0x3e ./USB_DEVICE/Target/usbd_conf.o
                0x0800bb20                USBD_LL_StallEP
 .text.USBD_LL_ClearStallEP
                0x0800bb5e       0x3e ./USB_DEVICE/Target/usbd_conf.o
                0x0800bb5e                USBD_LL_ClearStallEP
 .text.USBD_LL_IsStallEP
                0x0800bb9c       0x58 ./USB_DEVICE/Target/usbd_conf.o
                0x0800bb9c                USBD_LL_IsStallEP
 .text.USBD_LL_SetUSBAddress
                0x0800bbf4       0x3e ./USB_DEVICE/Target/usbd_conf.o
                0x0800bbf4                USBD_LL_SetUSBAddress
 .text.USBD_LL_Transmit
                0x0800bc32       0x42 ./USB_DEVICE/Target/usbd_conf.o
                0x0800bc32                USBD_LL_Transmit
 .text.USBD_LL_PrepareReceive
                0x0800bc74       0x42 ./USB_DEVICE/Target/usbd_conf.o
                0x0800bc74                USBD_LL_PrepareReceive
 .text.USBD_LL_GetRxDataSize
                0x0800bcb6       0x26 ./USB_DEVICE/Target/usbd_conf.o
                0x0800bcb6                USBD_LL_GetRxDataSize
 .text.HAL_PCDEx_LPM_Callback
                0x0800bcdc       0x9c ./USB_DEVICE/Target/usbd_conf.o
                0x0800bcdc                HAL_PCDEx_LPM_Callback
 .text.SystemClockConfig_Resume
                0x0800bd78        0xc ./USB_DEVICE/Target/usbd_conf.o
 .text.USBD_Get_USB_Status
                0x0800bd84       0x58 ./USB_DEVICE/Target/usbd_conf.o
                0x0800bd84                USBD_Get_USB_Status
 .text.malloc   0x0800bddc       0x10 C:/ST/STM32CubeIDE_2.1.1/STM32CubeIDE/plugins/com.st.stm32cube.ide.mcu.externaltools.gnu-tools-for-stm32.14.3.rel1.win32_1.0.100.202602081740/tools/bin/../lib/gcc/arm-none-eabi/14.3.1/../../../../arm-none-eabi/lib/thumb/v7e-m+fp/hard\libc_nano.a(libc_a-malloc.o)
                0x0800bddc                malloc
 .text.free     0x0800bdec       0x10 C:/ST/STM32CubeIDE_2.1.1/STM32CubeIDE/plugins/com.st.stm32cube.ide.mcu.externaltools.gnu-tools-for-stm32.14.3.rel1.win32_1.0.100.202602081740/tools/bin/../lib/gcc/arm-none-eabi/14.3.1/../../../../arm-none-eabi/lib/thumb/v7e-m+fp/hard\libc_nano.a(libc_a-malloc.o)
                0x0800bdec                free
 .text.sbrk_aligned
                0x0800bdfc       0x44 C:/ST/STM32CubeIDE_2.1.1/STM32CubeIDE/plugins/com.st.stm32cube.ide.mcu.externaltools.gnu-tools-for-stm32.14.3.rel1.win32_1.0.100.202602081740/tools/bin/../lib/gcc/arm-none-eabi/14.3.1/../../../../arm-none-eabi/lib/thumb/v7e-m+fp/hard\libc_nano.a(libc_a-mallocr.o)
 .text._malloc_r
                0x0800be40      0x100 C:/ST/STM32CubeIDE_2.1.1/STM32CubeIDE/plugins/com.st.stm32cube.ide.mcu.externaltools.gnu-tools-for-stm32.14.3.rel1.win32_1.0.100.202602081740/tools/bin/../lib/gcc/arm-none-eabi/14.3.1/../../../../arm-none-eabi/lib/thumb/v7e-m+fp/hard\libc_nano.a(libc_a-mallocr.o)
                0x0800be40                _malloc_r
 .text.__malloc_lock
                0x0800bf40        0xc C:/ST/STM32CubeIDE_2.1.1/STM32CubeIDE/plugins/com.st.stm32cube.ide.mcu.externaltools.gnu-tools-for-stm32.14.3.rel1.win32_1.0.100.202602081740/tools/bin/../lib/gcc/arm-none-eabi/14.3.1/../../../../arm-none-eabi/lib/thumb/v7e-m+fp/hard\libc_nano.a(libc_a-mlock.o)
                0x0800bf40                __malloc_lock
 .text.__malloc_unlock
                0x0800bf4c        0xc C:/ST/STM32CubeIDE_2.1.1/STM32CubeIDE/plugins/com.st.stm32cube.ide.mcu.externaltools.gnu-tools-for-stm32.14.3.rel1.win32_1.0.100.202602081740/tools/bin/../lib/gcc/arm-none-eabi/14.3.1/../../../../arm-none-eabi/lib/thumb/v7e-m+fp/hard\libc_nano.a(libc_a-mlock.o)
                0x0800bf4c                __malloc_unlock
 .text.memset   0x0800bf58       0x10 C:/ST/STM32CubeIDE_2.1.1/STM32CubeIDE/plugins/com.st.stm32cube.ide.mcu.externaltools.gnu-tools-for-stm32.14.3.rel1.win32_1.0.100.202602081740/tools/bin/../lib/gcc/arm-none-eabi/14.3.1/../../../../arm-none-eabi/lib/thumb/v7e-m+fp/hard\libc_nano.a(libc_a-memset.o)
                0x0800bf58                memset
 .text._sbrk_r  0x0800bf68       0x20 C:/ST/STM32CubeIDE_2.1.1/STM32CubeIDE/plugins/com.st.stm32cube.ide.mcu.externaltools.gnu-tools-for-stm32.14.3.rel1.win32_1.0.100.202602081740/tools/bin/../lib/gcc/arm-none-eabi/14.3.1/../../../../arm-none-eabi/lib/thumb/v7e-m+fp/hard\libc_nano.a(libc_a-sbrkr.o)
                0x0800bf68                _sbrk_r
 .text.__errno  0x0800bf88        0xc C:/ST/STM32CubeIDE_2.1.1/STM32CubeIDE/plugins/com.st.stm32cube.ide.mcu.externaltools.gnu-tools-for-stm32.14.3.rel1.win32_1.0.100.202602081740/tools/bin/../lib/gcc/arm-none-eabi/14.3.1/../../../../arm-none-eabi/lib/thumb/v7e-m+fp/hard\libc_nano.a(libc_a-errno.o)
                0x0800bf88                __errno
 .text.__libc_init_array
                0x0800bf94       0x48 C:/ST/STM32CubeIDE_2.1.1/STM32CubeIDE/plugins/com.st.stm32cube.ide.mcu.externaltools.gnu-tools-for-stm32.14.3.rel1.win32_1.0.100.202602081740/tools/bin/../lib/gcc/arm-none-eabi/14.3.1/../../../../arm-none-eabi/lib/thumb/v7e-m+fp/hard\libc_nano.a(libc_a-init.o)
                0x0800bf94                __libc_init_array
 .text.__retarget_lock_acquire_recursive
                0x0800bfdc        0x2 C:/ST/STM32CubeIDE_2.1.1/STM32CubeIDE/plugins/com.st.stm32cube.ide.mcu.externaltools.gnu-tools-for-stm32.14.3.rel1.win32_1.0.100.202602081740/tools/bin/../lib/gcc/arm-none-eabi/14.3.1/../../../../arm-none-eabi/lib/thumb/v7e-m+fp/hard\libc_nano.a(libc_a-lock.o)
                0x0800bfdc                __retarget_lock_acquire_recursive
 .text.__retarget_lock_release_recursive
                0x0800bfde        0x2 C:/ST/STM32CubeIDE_2.1.1/STM32CubeIDE/plugins/com.st.stm32cube.ide.mcu.externaltools.gnu-tools-for-stm32.14.3.rel1.win32_1.0.100.202602081740/tools/bin/../lib/gcc/arm-none-eabi/14.3.1/../../../../arm-none-eabi/lib/thumb/v7e-m+fp/hard\libc_nano.a(libc_a-lock.o)
                0x0800bfde                __retarget_lock_release_recursive
 .text._free_r  0x0800bfe0       0x94 C:/ST/STM32CubeIDE_2.1.1/STM32CubeIDE/plugins/com.st.stm32cube.ide.mcu.externaltools.gnu-tools-for-stm32.14.3.rel1.win32_1.0.100.202602081740/tools/bin/../lib/gcc/arm-none-eabi/14.3.1/../../../../arm-none-eabi/lib/thumb/v7e-m+fp/hard\libc_nano.a(libc_a-freer.o)
                0x0800bfe0                _free_r
 *(.glue_7)
 .glue_7        0x0800c074        0x0 linker stubs
 *(.glue_7t)
 .glue_7t       0x0800c074        0x0 linker stubs
 *(.eh_frame)
 .eh_frame      0x0800c074        0x0 C:/ST/STM32CubeIDE_2.1.1/STM32CubeIDE/plugins/com.st.stm32cube.ide.mcu.externaltools.gnu-tools-for-stm32.14.3.rel1.win32_1.0.100.202602081740/tools/bin/../lib/gcc/arm-none-eabi/14.3.1/thumb/v7e-m+fp/hard/crtbegin.o
 *(.init)
 .init          0x0800c074        0x4 C:/ST/STM32CubeIDE_2.1.1/STM32CubeIDE/plugins/com.st.stm32cube.ide.mcu.externaltools.gnu-tools-for-stm32.14.3.rel1.win32_1.0.100.202602081740/tools/bin/../lib/gcc/arm-none-eabi/14.3.1/thumb/v7e-m+fp/hard/crti.o
                0x0800c074                _init
 .init          0x0800c078        0x8 C:/ST/STM32CubeIDE_2.1.1/STM32CubeIDE/plugins/com.st.stm32cube.ide.mcu.externaltools.gnu-tools-for-stm32.14.3.rel1.win32_1.0.100.202602081740/tools/bin/../lib/gcc/arm-none-eabi/14.3.1/thumb/v7e-m+fp/hard/crtn.o
 *(.fini)
 .fini          0x0800c080        0x4 C:/ST/STM32CubeIDE_2.1.1/STM32CubeIDE/plugins/com.st.stm32cube.ide.mcu.externaltools.gnu-tools-for-stm32.14.3.rel1.win32_1.0.100.202602081740/tools/bin/../lib/gcc/arm-none-eabi/14.3.1/thumb/v7e-m+fp/hard/crti.o
                0x0800c080                _fini
 .fini          0x0800c084        0x8 C:/ST/STM32CubeIDE_2.1.1/STM32CubeIDE/plugins/com.st.stm32cube.ide.mcu.externaltools.gnu-tools-for-stm32.14.3.rel1.win32_1.0.100.202602081740/tools/bin/../lib/gcc/arm-none-eabi/14.3.1/thumb/v7e-m+fp/hard/crtn.o
                0x0800c08c                        . = ALIGN (0x4)
                0x0800c08c                        _etext = .

.vfp11_veneer   0x0800c08c        0x0
 .vfp11_veneer  0x0800c08c        0x0 linker stubs

.v4_bx          0x0800c08c        0x0
 .v4_bx         0x0800c08c        0x0 linker stubs

.iplt           0x0800c08c        0x0
 .iplt          0x0800c08c        0x0 C:/ST/STM32CubeIDE_2.1.1/STM32CubeIDE/plugins/com.st.stm32cube.ide.mcu.externaltools.gnu-tools-for-stm32.14.3.rel1.win32_1.0.100.202602081740/tools/bin/../lib/gcc/arm-none-eabi/14.3.1/thumb/v7e-m+fp/hard/crtbegin.o

.rodata         0x0800c08c       0x7c
                0x0800c08c                        . = ALIGN (0x4)
 *(.rodata)
 .rodata        0x0800c08c       0x46 ./USB_DEVICE/App/usbd_desc.o
 *(.rodata*)
 *fill*         0x0800c0d2        0x2 
 .rodata.AHBPrescTable
                0x0800c0d4       0x10 ./Core/Src/system_stm32f7xx.o
                0x0800c0d4                AHBPrescTable
 .rodata.APBPrescTable
                0x0800c0e4        0x8 ./Core/Src/system_stm32f7xx.o
                0x0800c0e4                APBPrescTable
 .rodata.flagBitshiftOffset.0
                0x0800c0ec        0x8 ./Drivers/STM32F7xx_HAL_Driver/stm32f7xx_hal_dma.o
 .rodata.SD_Driver
                0x0800c0f4       0x14 ./FATFS/Target/sd_diskio.o
                0x0800c0f4                SD_Driver
                0x0800c108                        . = ALIGN (0x4)

.ARM.extab      0x0800c108        0x0
                0x0800c108                        . = ALIGN (0x4)
 *(.ARM.extab* .gnu.linkonce.armextab.*)
                0x0800c108                        . = ALIGN (0x4)

.ARM            0x0800c108        0x8
                0x0800c108                        . = ALIGN (0x4)
                0x0800c108                        __exidx_start = .
 *(.ARM.exidx*)
 .ARM.exidx     0x0800c108        0x8 C:/ST/STM32CubeIDE_2.1.1/STM32CubeIDE/plugins/com.st.stm32cube.ide.mcu.externaltools.gnu-tools-for-stm32.14.3.rel1.win32_1.0.100.202602081740/tools/bin/../lib/gcc/arm-none-eabi/14.3.1/thumb/v7e-m+fp/hard\libgcc.a(_udivmoddi4.o)
                0x0800c110                        __exidx_end = .
                0x0800c110                        . = ALIGN (0x4)

.preinit_array  0x0800c110        0x0
                0x0800c110                        . = ALIGN (0x4)
                0x0800c110                        PROVIDE (__preinit_array_start = .)
 *(.preinit_array*)
                0x0800c110                        PROVIDE (__preinit_array_end = .)
                0x0800c110                        . = ALIGN (0x4)

.init_array     0x0800c110        0x4
                0x0800c110                        . = ALIGN (0x4)
                0x0800c110                        PROVIDE (__init_array_start = .)
 *(SORT_BY_NAME(.init_array.*))
 *(.init_array*)
 .init_array    0x0800c110        0x4 C:/ST/STM32CubeIDE_2.1.1/STM32CubeIDE/plugins/com.st.stm32cube.ide.mcu.externaltools.gnu-tools-for-stm32.14.3.rel1.win32_1.0.100.202602081740/tools/bin/../lib/gcc/arm-none-eabi/14.3.1/thumb/v7e-m+fp/hard/crtbegin.o
                0x0800c114                        PROVIDE (__init_array_end = .)
                0x0800c114                        . = ALIGN (0x4)

.fini_array     0x0800c114        0x4
                0x0800c114                        . = ALIGN (0x4)
                [!provide]                        PROVIDE (__fini_array_start = .)
 *(SORT_BY_NAME(.fini_array.*))
 *(.fini_array*)
 .fini_array    0x0800c114        0x4 C:/ST/STM32CubeIDE_2.1.1/STM32CubeIDE/plugins/com.st.stm32cube.ide.mcu.externaltools.gnu-tools-for-stm32.14.3.rel1.win32_1.0.100.202602081740/tools/bin/../lib/gcc/arm-none-eabi/14.3.1/thumb/v7e-m+fp/hard/crtbegin.o
                [!provide]                        PROVIDE (__fini_array_end = .)
                0x0800c118                        . = ALIGN (0x4)
                0x0800c118                        _sidata = LOADADDR (.data)

.rel.dyn        0x0800c118        0x0
 .rel.iplt      0x0800c118        0x0 C:/ST/STM32CubeIDE_2.1.1/STM32CubeIDE/plugins/com.st.stm32cube.ide.mcu.externaltools.gnu-tools-for-stm32.14.3.rel1.win32_1.0.100.202602081740/tools/bin/../lib/gcc/arm-none-eabi/14.3.1/thumb/v7e-m+fp/hard/crtbegin.o

.data           0x20000000      0x15c load address 0x0800c118
                0x20000000                        . = ALIGN (0x4)
                0x20000000                        _sdata = .
 *(.data)
 *(.data*)
 .data.SystemCoreClock
                0x20000000        0x4 ./Core/Src/system_stm32f7xx.o
                0x20000000                SystemCoreClock
 .data.uwTickPrio
                0x20000004        0x4 ./Drivers/STM32F7xx_HAL_Driver/stm32f7xx_hal.o
                0x20000004                uwTickPrio
 .data.uwTickFreq
                0x20000008        0x1 ./Drivers/STM32F7xx_HAL_Driver/stm32f7xx_hal.o
                0x20000008                uwTickFreq
 .data.Stat     0x20000009        0x1 ./FATFS/Target/sd_diskio.o
 *fill*         0x2000000a        0x2 
 .data.USBD_CDC_DeviceQualifierDesc
                0x2000000c        0xa ./Middlewares/USB_Device_Library/usbd_cdc.o
 *fill*         0x20000016        0x2 
 .data.USBD_CDC
                0x20000018       0x38 ./Middlewares/USB_Device_Library/usbd_cdc.o
                0x20000018                USBD_CDC
 .data.USBD_CDC_CfgDesc
                0x20000050       0x43 ./Middlewares/USB_Device_Library/usbd_cdc.o
 .data.CDCInEpAdd
                0x20000093        0x1 ./Middlewares/USB_Device_Library/usbd_cdc.o
 .data.CDCOutEpAdd
                0x20000094        0x1 ./Middlewares/USB_Device_Library/usbd_cdc.o
 .data.CDCCmdEpAdd
                0x20000095        0x1 ./Middlewares/USB_Device_Library/usbd_cdc.o
 *fill*         0x20000096        0x2 
 .data.USBD_Interface_fops_FS
                0x20000098       0x14 ./USB_DEVICE/App/usbd_cdc_if.o
                0x20000098                USBD_Interface_fops_FS
 .data.FS_Desc  0x200000ac       0x20 ./USB_DEVICE/App/usbd_desc.o
                0x200000ac                FS_Desc
 .data.USBD_FS_DeviceDesc
                0x200000cc       0x12 ./USB_DEVICE/App/usbd_desc.o
                0x200000cc                USBD_FS_DeviceDesc
 *fill*         0x200000de        0x2 
 .data.USBD_FS_BOSDesc
                0x200000e0        0xc ./USB_DEVICE/App/usbd_desc.o
                0x200000e0                USBD_FS_BOSDesc
 .data.USBD_LangIDDesc
                0x200000ec        0x4 ./USB_DEVICE/App/usbd_desc.o
                0x200000ec                USBD_LangIDDesc
 .data.USBD_StringSerial
                0x200000f0       0x1a ./USB_DEVICE/App/usbd_desc.o
                0x200000f0                USBD_StringSerial
 *fill*         0x2000010a        0x2 
 .data._impure_ptr
                0x2000010c        0x4 C:/ST/STM32CubeIDE_2.1.1/STM32CubeIDE/plugins/com.st.stm32cube.ide.mcu.externaltools.gnu-tools-for-stm32.14.3.rel1.win32_1.0.100.202602081740/tools/bin/../lib/gcc/arm-none-eabi/14.3.1/../../../../arm-none-eabi/lib/thumb/v7e-m+fp/hard\libc_nano.a(libc_a-impure.o)
                0x2000010c                _impure_ptr
 .data._impure_data
                0x20000110       0x4c C:/ST/STM32CubeIDE_2.1.1/STM32CubeIDE/plugins/com.st.stm32cube.ide.mcu.externaltools.gnu-tools-for-stm32.14.3.rel1.win32_1.0.100.202602081740/tools/bin/../lib/gcc/arm-none-eabi/14.3.1/../../../../arm-none-eabi/lib/thumb/v7e-m+fp/hard\libc_nano.a(libc_a-impure.o)
                0x20000110                _impure_data
 *(.RamFunc)
 *(.RamFunc*)
                0x2000015c                        . = ALIGN (0x4)
                0x2000015c                        _edata = .

.igot.plt       0x2000015c        0x0 load address 0x0800c274
 .igot.plt      0x2000015c        0x0 C:/ST/STM32CubeIDE_2.1.1/STM32CubeIDE/plugins/com.st.stm32cube.ide.mcu.externaltools.gnu-tools-for-stm32.14.3.rel1.win32_1.0.100.202602081740/tools/bin/../lib/gcc/arm-none-eabi/14.3.1/thumb/v7e-m+fp/hard/crtbegin.o
                0x2000015c                        . = ALIGN (0x4)

.bss            0x2000015c     0x1d50 load address 0x0800c274
                0x2000015c                        _sbss = .
                0x2000015c                        __bss_start__ = _sbss
 *(.bss)
 .bss           0x2000015c       0x1c C:/ST/STM32CubeIDE_2.1.1/STM32CubeIDE/plugins/com.st.stm32cube.ide.mcu.externaltools.gnu-tools-for-stm32.14.3.rel1.win32_1.0.100.202602081740/tools/bin/../lib/gcc/arm-none-eabi/14.3.1/thumb/v7e-m+fp/hard/crtbegin.o
 *(.bss*)
 .bss.hadc1     0x20000178       0x48 ./Core/Src/adc.o
                0x20000178                hadc1
 .bss.hi2c2     0x200001c0       0x54 ./Core/Src/i2c.o
                0x200001c0                hi2c2
 .bss.hsd1      0x20000214       0x84 ./Core/Src/sdmmc.o
                0x20000214                hsd1
 .bss.hdma_sdmmc1
                0x20000298       0x60 ./Core/Src/sdmmc.o
                0x20000298                hdma_sdmmc1
 .bss.__sbrk_heap_end
                0x200002f8        0x4 ./Core/Src/sysmem.o
 .bss.huart2    0x200002fc       0x88 ./Core/Src/usart.o
                0x200002fc                huart2
 .bss.uwTick    0x20000384        0x4 ./Drivers/STM32F7xx_HAL_Driver/stm32f7xx_hal.o
                0x20000384                uwTick
 .bss.retSD     0x20000388        0x1 ./FATFS/App/fatfs.o
                0x20000388                retSD
 *fill*         0x20000389        0x3 
 .bss.SDPath    0x2000038c        0x4 ./FATFS/App/fatfs.o
                0x2000038c                SDPath
 .bss.WriteStatus
                0x20000390        0x4 ./FATFS/Target/sd_diskio.o
 .bss.ReadStatus
                0x20000394        0x4 ./FATFS/Target/sd_diskio.o
 .bss.disk      0x20000398        0xc ./Middlewares/FatFs/ff_gen_drv.o
                0x20000398                disk
 .bss.cfgidx.0  0x200003a4        0x1 ./Middlewares/USB_Device_Library/usbd_ctlreq.o
 *fill*         0x200003a5        0x3 
 .bss.hUsbDeviceFS
                0x200003a8      0x2dc ./USB_DEVICE/App/usb_device.o
                0x200003a8                hUsbDeviceFS
 .bss.UserRxBufferFS
                0x20000684      0x800 ./USB_DEVICE/App/usbd_cdc_if.o
                0x20000684                UserRxBufferFS
 .bss.UserTxBufferFS
                0x20000e84      0x800 ./USB_DEVICE/App/usbd_cdc_if.o
                0x20000e84                UserTxBufferFS
 .bss.USBD_StrDesc
                0x20001684      0x200 ./USB_DEVICE/App/usbd_desc.o
                0x20001684                USBD_StrDesc
 .bss.hpcd_USB_OTG_FS
                0x20001884      0x4e0 ./USB_DEVICE/Target/usbd_conf.o
                0x20001884                hpcd_USB_OTG_FS
 .bss.__malloc_sbrk_start
                0x20001d64        0x4 C:/ST/STM32CubeIDE_2.1.1/STM32CubeIDE/plugins/com.st.stm32cube.ide.mcu.externaltools.gnu-tools-for-stm32.14.3.rel1.win32_1.0.100.202602081740/tools/bin/../lib/gcc/arm-none-eabi/14.3.1/../../../../arm-none-eabi/lib/thumb/v7e-m+fp/hard\libc_nano.a(libc_a-mallocr.o)
                0x20001d64                __malloc_sbrk_start
 .bss.__malloc_free_list
                0x20001d68        0x4 C:/ST/STM32CubeIDE_2.1.1/STM32CubeIDE/plugins/com.st.stm32cube.ide.mcu.externaltools.gnu-tools-for-stm32.14.3.rel1.win32_1.0.100.202602081740/tools/bin/../lib/gcc/arm-none-eabi/14.3.1/../../../../arm-none-eabi/lib/thumb/v7e-m+fp/hard\libc_nano.a(libc_a-mallocr.o)
                0x20001d68                __malloc_free_list
 .bss.__sf      0x20001d6c      0x138 C:/ST/STM32CubeIDE_2.1.1/STM32CubeIDE/plugins/com.st.stm32cube.ide.mcu.externaltools.gnu-tools-for-stm32.14.3.rel1.win32_1.0.100.202602081740/tools/bin/../lib/gcc/arm-none-eabi/14.3.1/../../../../arm-none-eabi/lib/thumb/v7e-m+fp/hard\libc_nano.a(libc_a-findfp.o)
                0x20001d6c                __sf
 .bss.errno     0x20001ea4        0x4 C:/ST/STM32CubeIDE_2.1.1/STM32CubeIDE/plugins/com.st.stm32cube.ide.mcu.externaltools.gnu-tools-for-stm32.14.3.rel1.win32_1.0.100.202602081740/tools/bin/../lib/gcc/arm-none-eabi/14.3.1/../../../../arm-none-eabi/lib/thumb/v7e-m+fp/hard\libc_nano.a(libc_a-reent.o)
                0x20001ea4                errno
 .bss.__lock___malloc_recursive_mutex
                0x20001ea8        0x1 C:/ST/STM32CubeIDE_2.1.1/STM32CubeIDE/plugins/com.st.stm32cube.ide.mcu.externaltools.gnu-tools-for-stm32.14.3.rel1.win32_1.0.100.202602081740/tools/bin/../lib/gcc/arm-none-eabi/14.3.1/../../../../arm-none-eabi/lib/thumb/v7e-m+fp/hard\libc_nano.a(libc_a-lock.o)
                0x20001ea8                __lock___malloc_recursive_mutex
 *(COMMON)
                0x20001eac                        . = ALIGN (0x4)
 *fill*         0x20001ea9        0x3 
                0x20001eac                        _ebss = .
                0x20001eac                        __bss_end__ = _ebss

._user_heap_stack
                0x20001eac      0x604 load address 0x0800c274
                0x20001eb0                        . = ALIGN (0x8)
 *fill*         0x20001eac        0x4 
                [!provide]                        PROVIDE (end = .)
                0x20001eb0                        PROVIDE (_end = .)
                0x200020b0                        . = (. + _Min_Heap_Size)
 *fill*         0x20001eb0      0x200 
                0x200024b0                        . = (. + _Min_Stack_Size)
 *fill*         0x200020b0      0x400 
                0x200024b0                        . = ALIGN (0x8)

/DISCARD/
 libc.a(*)
 libm.a(*)
 libgcc.a(*)

.ARM.attributes
                0x00000000       0x30
 *(.ARM.attributes)
 .ARM.attributes
                0x00000000       0x22 C:/ST/STM32CubeIDE_2.1.1/STM32CubeIDE/plugins/com.st.stm32cube.ide.mcu.externaltools.gnu-tools-for-stm32.14.3.rel1.win32_1.0.100.202602081740/tools/bin/../lib/gcc/arm-none-eabi/14.3.1/thumb/v7e-m+fp/hard/crti.o
 .ARM.attributes
                0x00000022       0x34 C:/ST/STM32CubeIDE_2.1.1/STM32CubeIDE/plugins/com.st.stm32cube.ide.mcu.externaltools.gnu-tools-for-stm32.14.3.rel1.win32_1.0.100.202602081740/tools/bin/../lib/gcc/arm-none-eabi/14.3.1/thumb/v7e-m+fp/hard/crtbegin.o
 .ARM.attributes
                0x00000056       0x34 ./Core/Src/adc.o
 .ARM.attributes
                0x0000008a       0x34 ./Core/Src/dma.o
 .ARM.attributes
                0x000000be       0x34 ./Core/Src/gpio.o
 .ARM.attributes
                0x000000f2       0x34 ./Core/Src/i2c.o
 .ARM.attributes
                0x00000126       0x34 ./Core/Src/main.o
 .ARM.attributes
                0x0000015a       0x34 ./Core/Src/sdmmc.o
 .ARM.attributes
                0x0000018e       0x34 ./Core/Src/stm32f7xx_hal_msp.o
 .ARM.attributes
                0x000001c2       0x34 ./Core/Src/stm32f7xx_it.o
 .ARM.attributes
                0x000001f6       0x34 ./Core/Src/sysmem.o
 .ARM.attributes
                0x0000022a       0x34 ./Core/Src/system_stm32f7xx.o
 .ARM.attributes
                0x0000025e       0x34 ./Core/Src/usart.o
 .ARM.attributes
                0x00000292       0x21 ./Core/Startup/startup_stm32f722retx.o
 .ARM.attributes
                0x000002b3       0x34 ./Drivers/STM32F7xx_HAL_Driver/stm32f7xx_hal.o
 .ARM.attributes
                0x000002e7       0x34 ./Drivers/STM32F7xx_HAL_Driver/stm32f7xx_hal_adc.o
 .ARM.attributes
                0x0000031b       0x34 ./Drivers/STM32F7xx_HAL_Driver/stm32f7xx_hal_cortex.o
 .ARM.attributes
                0x0000034f       0x34 ./Drivers/STM32F7xx_HAL_Driver/stm32f7xx_hal_dma.o
 .ARM.attributes
                0x00000383       0x34 ./Drivers/STM32F7xx_HAL_Driver/stm32f7xx_hal_gpio.o
 .ARM.attributes
                0x000003b7       0x34 ./Drivers/STM32F7xx_HAL_Driver/stm32f7xx_hal_i2c.o
 .ARM.attributes
                0x000003eb       0x34 ./Drivers/STM32F7xx_HAL_Driver/stm32f7xx_hal_i2c_ex.o
 .ARM.attributes
                0x0000041f       0x34 ./Drivers/STM32F7xx_HAL_Driver/stm32f7xx_hal_pcd.o
 .ARM.attributes
                0x00000453       0x34 ./Drivers/STM32F7xx_HAL_Driver/stm32f7xx_hal_pcd_ex.o
 .ARM.attributes
                0x00000487       0x34 ./Drivers/STM32F7xx_HAL_Driver/stm32f7xx_hal_rcc.o
 .ARM.attributes
                0x000004bb       0x34 ./Drivers/STM32F7xx_HAL_Driver/stm32f7xx_hal_rcc_ex.o
 .ARM.attributes
                0x000004ef       0x34 ./Drivers/STM32F7xx_HAL_Driver/stm32f7xx_hal_sd.o
 .ARM.attributes
                0x00000523       0x34 ./Drivers/STM32F7xx_HAL_Driver/stm32f7xx_hal_uart.o
 .ARM.attributes
                0x00000557       0x34 ./Drivers/STM32F7xx_HAL_Driver/stm32f7xx_ll_sdmmc.o
 .ARM.attributes
                0x0000058b       0x34 ./Drivers/STM32F7xx_HAL_Driver/stm32f7xx_ll_usb.o
 .ARM.attributes
                0x000005bf       0x34 ./FATFS/App/fatfs.o
 .ARM.attributes
                0x000005f3       0x34 ./FATFS/Target/bsp_driver_sd.o
 .ARM.attributes
                0x00000627       0x34 ./FATFS/Target/fatfs_platform.o
 .ARM.attributes
                0x0000065b       0x34 ./FATFS/Target/sd_diskio.o
 .ARM.attributes
                0x0000068f       0x34 ./Middlewares/FatFs/ff_gen_drv.o
 .ARM.attributes
                0x000006c3       0x34 ./Middlewares/USB_Device_Library/usbd_cdc.o
 .ARM.attributes
                0x000006f7       0x34 ./Middlewares/USB_Device_Library/usbd_core.o
 .ARM.attributes
                0x0000072b       0x34 ./Middlewares/USB_Device_Library/usbd_ctlreq.o
 .ARM.attributes
                0x0000075f       0x34 ./Middlewares/USB_Device_Library/usbd_ioreq.o
 .ARM.attributes
                0x00000793       0x34 ./USB_DEVICE/App/usb_device.o
 .ARM.attributes
                0x000007c7       0x34 ./USB_DEVICE/App/usbd_cdc_if.o
 .ARM.attributes
                0x000007fb       0x34 ./USB_DEVICE/App/usbd_desc.o
 .ARM.attributes
                0x0000082f       0x34 ./USB_DEVICE/Target/usbd_conf.o
 .ARM.attributes
                0x00000863       0x34 C:/ST/STM32CubeIDE_2.1.1/STM32CubeIDE/plugins/com.st.stm32cube.ide.mcu.externaltools.gnu-tools-for-stm32.14.3.rel1.win32_1.0.100.202602081740/tools/bin/../lib/gcc/arm-none-eabi/14.3.1/../../../../arm-none-eabi/lib/thumb/v7e-m+fp/hard\libc_nano.a(libc_a-malloc.o)
 .ARM.attributes
                0x00000897       0x34 C:/ST/STM32CubeIDE_2.1.1/STM32CubeIDE/plugins/com.st.stm32cube.ide.mcu.externaltools.gnu-tools-for-stm32.14.3.rel1.win32_1.0.100.202602081740/tools/bin/../lib/gcc/arm-none-eabi/14.3.1/../../../../arm-none-eabi/lib/thumb/v7e-m+fp/hard\libc_nano.a(libc_a-mallocr.o)
 .ARM.attributes
                0x000008cb       0x34 C:/ST/STM32CubeIDE_2.1.1/STM32CubeIDE/plugins/com.st.stm32cube.ide.mcu.externaltools.gnu-tools-for-stm32.14.3.rel1.win32_1.0.100.202602081740/tools/bin/../lib/gcc/arm-none-eabi/14.3.1/../../../../arm-none-eabi/lib/thumb/v7e-m+fp/hard\libc_nano.a(libc_a-mlock.o)
 .ARM.attributes
                0x000008ff       0x34 C:/ST/STM32CubeIDE_2.1.1/STM32CubeIDE/plugins/com.st.stm32cube.ide.mcu.externaltools.gnu-tools-for-stm32.14.3.rel1.win32_1.0.100.202602081740/tools/bin/../lib/gcc/arm-none-eabi/14.3.1/../../../../arm-none-eabi/lib/thumb/v7e-m+fp/hard\libc_nano.a(libc_a-findfp.o)
 .ARM.attributes
                0x00000933       0x34 C:/ST/STM32CubeIDE_2.1.1/STM32CubeIDE/plugins/com.st.stm32cube.ide.mcu.externaltools.gnu-tools-for-stm32.14.3.rel1.win32_1.0.100.202602081740/tools/bin/../lib/gcc/arm-none-eabi/14.3.1/../../../../arm-none-eabi/lib/thumb/v7e-m+fp/hard\libc_nano.a(libc_a-memset.o)
 .ARM.attributes
                0x00000967       0x34 C:/ST/STM32CubeIDE_2.1.1/STM32CubeIDE/plugins/com.st.stm32cube.ide.mcu.externaltools.gnu-tools-for-stm32.14.3.rel1.win32_1.0.100.202602081740/tools/bin/../lib/gcc/arm-none-eabi/14.3.1/../../../../arm-none-eabi/lib/thumb/v7e-m+fp/hard\libc_nano.a(libc_a-reent.o)
 .ARM.attributes
                0x0000099b       0x34 C:/ST/STM32CubeIDE_2.1.1/STM32CubeIDE/plugins/com.st.stm32cube.ide.mcu.externaltools.gnu-tools-for-stm32.14.3.rel1.win32_1.0.100.202602081740/tools/bin/../lib/gcc/arm-none-eabi/14.3.1/../../../../arm-none-eabi/lib/thumb/v7e-m+fp/hard\libc_nano.a(libc_a-impure.o)
 .ARM.attributes
                0x000009cf       0x34 C:/ST/STM32CubeIDE_2.1.1/STM32CubeIDE/plugins/com.st.stm32cube.ide.mcu.externaltools.gnu-tools-for-stm32.14.3.rel1.win32_1.0.100.202602081740/tools/bin/../lib/gcc/arm-none-eabi/14.3.1/../../../../arm-none-eabi/lib/thumb/v7e-m+fp/hard\libc_nano.a(libc_a-sbrkr.o)
 .ARM.attributes
                0x00000a03       0x34 C:/ST/STM32CubeIDE_2.1.1/STM32CubeIDE/plugins/com.st.stm32cube.ide.mcu.externaltools.gnu-tools-for-stm32.14.3.rel1.win32_1.0.100.202602081740/tools/bin/../lib/gcc/arm-none-eabi/14.3.1/../../../../arm-none-eabi/lib/thumb/v7e-m+fp/hard\libc_nano.a(libc_a-errno.o)
 .ARM.attributes
                0x00000a37       0x34 C:/ST/STM32CubeIDE_2.1.1/STM32CubeIDE/plugins/com.st.stm32cube.ide.mcu.externaltools.gnu-tools-for-stm32.14.3.rel1.win32_1.0.100.202602081740/tools/bin/../lib/gcc/arm-none-eabi/14.3.1/../../../../arm-none-eabi/lib/thumb/v7e-m+fp/hard\libc_nano.a(libc_a-init.o)
 .ARM.attributes
                0x00000a6b       0x34 C:/ST/STM32CubeIDE_2.1.1/STM32CubeIDE/plugins/com.st.stm32cube.ide.mcu.externaltools.gnu-tools-for-stm32.14.3.rel1.win32_1.0.100.202602081740/tools/bin/../lib/gcc/arm-none-eabi/14.3.1/../../../../arm-none-eabi/lib/thumb/v7e-m+fp/hard\libc_nano.a(libc_a-lock.o)
 .ARM.attributes
                0x00000a9f       0x34 C:/ST/STM32CubeIDE_2.1.1/STM32CubeIDE/plugins/com.st.stm32cube.ide.mcu.externaltools.gnu-tools-for-stm32.14.3.rel1.win32_1.0.100.202602081740/tools/bin/../lib/gcc/arm-none-eabi/14.3.1/../../../../arm-none-eabi/lib/thumb/v7e-m+fp/hard\libc_nano.a(libc_a-freer.o)
 .ARM.attributes
                0x00000ad3       0x22 C:/ST/STM32CubeIDE_2.1.1/STM32CubeIDE/plugins/com.st.stm32cube.ide.mcu.externaltools.gnu-tools-for-stm32.14.3.rel1.win32_1.0.100.202602081740/tools/bin/../lib/gcc/arm-none-eabi/14.3.1/thumb/v7e-m+fp/hard\libgcc.a(_aeabi_uldivmod.o)
 .ARM.attributes
                0x00000af5       0x34 C:/ST/STM32CubeIDE_2.1.1/STM32CubeIDE/plugins/com.st.stm32cube.ide.mcu.externaltools.gnu-tools-for-stm32.14.3.rel1.win32_1.0.100.202602081740/tools/bin/../lib/gcc/arm-none-eabi/14.3.1/thumb/v7e-m+fp/hard\libgcc.a(_udivmoddi4.o)
 .ARM.attributes
                0x00000b29       0x22 C:/ST/STM32CubeIDE_2.1.1/STM32CubeIDE/plugins/com.st.stm32cube.ide.mcu.externaltools.gnu-tools-for-stm32.14.3.rel1.win32_1.0.100.202602081740/tools/bin/../lib/gcc/arm-none-eabi/14.3.1/thumb/v7e-m+fp/hard\libgcc.a(_dvmd_tls.o)
 .ARM.attributes
                0x00000b4b       0x22 C:/ST/STM32CubeIDE_2.1.1/STM32CubeIDE/plugins/com.st.stm32cube.ide.mcu.externaltools.gnu-tools-for-stm32.14.3.rel1.win32_1.0.100.202602081740/tools/bin/../lib/gcc/arm-none-eabi/14.3.1/thumb/v7e-m+fp/hard/crtn.o
OUTPUT(AranduCore.elf elf32-littlearm)
LOAD linker stubs
LOAD C:/ST/STM32CubeIDE_2.1.1/STM32CubeIDE/plugins/com.st.stm32cube.ide.mcu.externaltools.gnu-tools-for-stm32.14.3.rel1.win32_1.0.100.202602081740/tools/bin/../lib/gcc/arm-none-eabi/14.3.1/../../../../arm-none-eabi/lib/thumb/v7e-m+fp/hard\libc.a
LOAD C:/ST/STM32CubeIDE_2.1.1/STM32CubeIDE/plugins/com.st.stm32cube.ide.mcu.externaltools.gnu-tools-for-stm32.14.3.rel1.win32_1.0.100.202602081740/tools/bin/../lib/gcc/arm-none-eabi/14.3.1/../../../../arm-none-eabi/lib/thumb/v7e-m+fp/hard\libm.a
LOAD C:/ST/STM32CubeIDE_2.1.1/STM32CubeIDE/plugins/com.st.stm32cube.ide.mcu.externaltools.gnu-tools-for-stm32.14.3.rel1.win32_1.0.100.202602081740/tools/bin/../lib/gcc/arm-none-eabi/14.3.1/thumb/v7e-m+fp/hard\libgcc.a

.debug_info     0x00000000    0x1ecc6
 .debug_info    0x00000000      0x9b9 ./Core/Src/adc.o
 .debug_info    0x000009b9      0x4e9 ./Core/Src/dma.o
 .debug_info    0x00000ea2      0x6ba ./Core/Src/gpio.o
 .debug_info    0x0000155c      0xc16 ./Core/Src/i2c.o
 .debug_info    0x00002172      0x70a ./Core/Src/main.o
 .debug_info    0x0000287c      0xf27 ./Core/Src/sdmmc.o
 .debug_info    0x000037a3      0x28d ./Core/Src/stm32f7xx_hal_msp.o
 .debug_info    0x00003a30      0xcbe ./Core/Src/stm32f7xx_it.o
 .debug_info    0x000046ee      0x168 ./Core/Src/sysmem.o
 .debug_info    0x00004856      0x6ed ./Core/Src/system_stm32f7xx.o
 .debug_info    0x00004f43      0xc4d ./Core/Src/usart.o
 .debug_info    0x00005b90       0x30 ./Core/Startup/startup_stm32f722retx.o
 .debug_info    0x00005bc0      0x990 ./Drivers/STM32F7xx_HAL_Driver/stm32f7xx_hal.o
 .debug_info    0x00006550      0xc92 ./Drivers/STM32F7xx_HAL_Driver/stm32f7xx_hal_adc.o
 .debug_info    0x000071e2      0xf36 ./Drivers/STM32F7xx_HAL_Driver/stm32f7xx_hal_cortex.o
 .debug_info    0x00008118      0x8e7 ./Drivers/STM32F7xx_HAL_Driver/stm32f7xx_hal_dma.o
 .debug_info    0x000089ff      0x6e7 ./Drivers/STM32F7xx_HAL_Driver/stm32f7xx_hal_gpio.o
 .debug_info    0x000090e6     0x2147 ./Drivers/STM32F7xx_HAL_Driver/stm32f7xx_hal_i2c.o
 .debug_info    0x0000b22d      0x922 ./Drivers/STM32F7xx_HAL_Driver/stm32f7xx_hal_i2c_ex.o
 .debug_info    0x0000bb4f     0x1599 ./Drivers/STM32F7xx_HAL_Driver/stm32f7xx_hal_pcd.o
 .debug_info    0x0000d0e8      0x7a3 ./Drivers/STM32F7xx_HAL_Driver/stm32f7xx_hal_pcd_ex.o
 .debug_info    0x0000d88b      0x8fc ./Drivers/STM32F7xx_HAL_Driver/stm32f7xx_hal_rcc.o
 .debug_info    0x0000e187      0x6b2 ./Drivers/STM32F7xx_HAL_Driver/stm32f7xx_hal_rcc_ex.o
 .debug_info    0x0000e839     0x1bc9 ./Drivers/STM32F7xx_HAL_Driver/stm32f7xx_hal_sd.o
 .debug_info    0x00010402     0x3a11 ./Drivers/STM32F7xx_HAL_Driver/stm32f7xx_hal_uart.o
 .debug_info    0x00013e13     0x10b0 ./Drivers/STM32F7xx_HAL_Driver/stm32f7xx_ll_sdmmc.o
 .debug_info    0x00014ec3     0x19fc ./Drivers/STM32F7xx_HAL_Driver/stm32f7xx_ll_usb.o
 .debug_info    0x000168bf      0x4d9 ./FATFS/App/fatfs.o
 .debug_info    0x00016d98      0xabc ./FATFS/Target/bsp_driver_sd.o
 .debug_info    0x00017854      0x1cc ./FATFS/Target/fatfs_platform.o
 .debug_info    0x00017a20      0x569 ./FATFS/Target/sd_diskio.o
 .debug_info    0x00017f89      0x37f ./Middlewares/FatFs/ff_gen_drv.o
 .debug_info    0x00018308     0x1309 ./Middlewares/USB_Device_Library/usbd_cdc.o
 .debug_info    0x00019611      0xe1f ./Middlewares/USB_Device_Library/usbd_core.o
 .debug_info    0x0001a430      0xaf8 ./Middlewares/USB_Device_Library/usbd_ctlreq.o
 .debug_info    0x0001af28      0x76f ./Middlewares/USB_Device_Library/usbd_ioreq.o
 .debug_info    0x0001b697      0x71b ./USB_DEVICE/App/usb_device.o
 .debug_info    0x0001bdb2      0x914 ./USB_DEVICE/App/usbd_cdc_if.o
 .debug_info    0x0001c6c6      0x4ba ./USB_DEVICE/App/usbd_desc.o
 .debug_info    0x0001cb80     0x2146 ./USB_DEVICE/Target/usbd_conf.o

.debug_abbrev   0x00000000     0x4fd2
 .debug_abbrev  0x00000000      0x1f3 ./Core/Src/adc.o