/usr/include/newlib/c++/13.2.1/cmath:2482:3:constexpr float std::round(float)	16	static
/home/elias/Documents/ComsBoard_RadioLib/Core/RadioLib-master/src/protocols/Pager/Pager.cpp:21:13:void PagerClientReadBit()	8	static
/home/elias/Documents/ComsBoard_RadioLib/Core/RadioLib-master/src/protocols/Pager/Pager.cpp:28:1:PagerClient::PagerClient(PhysicalLayer*)	16	static
/home/elias/Documents/ComsBoard_RadioLib/Core/RadioLib-master/src/protocols/Pager/Pager.cpp:40:9:int16_t PagerClient::begin(float, uint16_t, bool, uint16_t)	32	static
/home/elias/Documents/ComsBoard_RadioLib/Core/RadioLib-master/src/protocols/Pager/Pager.cpp:64:9:int16_t PagerClient::sendTone(uint32_t)	24	static
/home/elias/Documents/ComsBoard_RadioLib/Core/RadioLib-master/src/protocols/Pager/Pager.cpp:74:9:int16_t PagerClient::transmit(const char*, uint32_t, uint8_t, uint8_t)	32	static
/home/elias/Documents/ComsBoard_RadioLib/Core/RadioLib-master/src/protocols/Pager/Pager.cpp:78:9:int16_t PagerClient::transmit(const uint8_t*, size_t, uint32_t, uint8_t, uint8_t)	88	static
/home/elias/Documents/ComsBoard_RadioLib/Core/RadioLib-master/src/protocols/Pager/Pager.cpp:246:9:int16_t PagerClient::startReceive(uint32_t, uint32_t, uint32_t)	24	static
/home/elias/Documents/ComsBoard_RadioLib/Core/RadioLib-master/src/protocols/Pager/Pager.cpp:257:9:int16_t PagerClient::startReceive(uint32_t, uint32_t*, uint32_t*, size_t)	24	static
/home/elias/Documents/ComsBoard_RadioLib/Core/RadioLib-master/src/protocols/Pager/Pager.cpp:268:9:int16_t PagerClient::startReceiveCommon()	32	static
/home/elias/Documents/ComsBoard_RadioLib/Core/RadioLib-master/src/protocols/Pager/Pager.cpp:300:8:size_t PagerClient::available()	16	static
/home/elias/Documents/ComsBoard_RadioLib/Core/RadioLib-master/src/protocols/Pager/Pager.cpp:349:9:int16_t PagerClient::readData(uint8_t*, size_t*, uint32_t*)	80	static
/home/elias/Documents/ComsBoard_RadioLib/Core/RadioLib-master/src/protocols/Pager/Pager.cpp:478:6:bool PagerClient::addressMatched(uint32_t)	24	static
/home/elias/Documents/ComsBoard_RadioLib/Core/RadioLib-master/src/protocols/Pager/Pager.cpp:498:6:void PagerClient::write(const uint32_t*, size_t)	32	static
/home/elias/Documents/ComsBoard_RadioLib/Core/RadioLib-master/src/protocols/Pager/Pager.cpp:506:6:void PagerClient::write(uint32_t)	40	static
/home/elias/Documents/ComsBoard_RadioLib/Core/RadioLib-master/src/protocols/Pager/Pager.cpp:540:10:uint32_t PagerClient::read()	24	static
/home/elias/Documents/ComsBoard_RadioLib/Core/RadioLib-master/src/protocols/Pager/Pager.cpp:560:9:uint8_t PagerClient::encodeBCD(char)	16	static
/home/elias/Documents/ComsBoard_RadioLib/Core/RadioLib-master/src/protocols/Pager/Pager.cpp:578:6:char PagerClient::decodeBCD(uint8_t)	16	static
