../Core/Src/app.c:54:13:modeUsesGps	4	static
../Core/Src/app.c:63:13:modeUsesAfsk	4	static
../Core/Src/app.c:78:13:modeUsesDra	4	static
../Core/Src/app.c:93:13:gpsStartRx	8	static
../Core/Src/app.c:99:13:onRxFrame	24	static
../Core/Src/app.c:115:13:onRxFrameRaw	24	static
../Core/Src/app.c:139:13:onRxFrameMonitor	24	static
../Core/Src/app.c:158:13:formatAprsLat	72	static
../Core/Src/app.c:172:13:formatAprsLon	72	static
../Core/Src/app.c:186:13:buildGpsBeaconInfo	64	static
../Core/Src/app.c:216:13:updateSpiStatusIdle	8	static
../Core/Src/app.c:236:13:loadFixedFrame	16	static
../Core/Src/app.c:242:13:loadTrackerFrame	272	static
../Core/Src/app.c:257:13:spiStatusStartIfReady	8	static
../Core/Src/app.c:282:6:HAL_TIM_PeriodElapsedCallback	16	static
../Core/Src/app.c:290:6:App_AFSK_TimerCallback	8	static
../Core/Src/app.c:301:6:App_Init	8	static
../Core/Src/app.c:352:6:App_Run	16	static
../Core/Src/app.c:615:6:App_GpsHasFix	4	static
../Core/Src/app.c:620:6:App_GetGpsCoords	40	static
../Core/Src/app.c:631:6:HAL_GPIO_EXTI_Callback	16	static
../Core/Src/app.c:636:6:HAL_SPI_TxRxCpltCallback	16	static
../Core/Src/app.c:644:6:HAL_SPI_ErrorCallback	16	static
../Core/Src/app.c:652:6:HAL_UART_RxCpltCallback	16	static
../Core/Src/app.c:661:6:HAL_UART_ErrorCallback	16	static
