../Drivers/STM32WLxx_HAL_Driver/Src/stm32wlxx_hal_tim_ex.c:162:19:HAL_TIMEx_HallSensor_Init	48	static
../Drivers/STM32WLxx_HAL_Driver/Src/stm32wlxx_hal_tim_ex.c:264:19:HAL_TIMEx_HallSensor_DeInit	16	static
../Drivers/STM32WLxx_HAL_Driver/Src/stm32wlxx_hal_tim_ex.c:309:13:HAL_TIMEx_HallSensor_MspInit	16	static
../Drivers/STM32WLxx_HAL_Driver/Src/stm32wlxx_hal_tim_ex.c:324:13:HAL_TIMEx_HallSensor_MspDeInit	16	static
../Drivers/STM32WLxx_HAL_Driver/Src/stm32wlxx_hal_tim_ex.c:339:19:HAL_TIMEx_HallSensor_Start	24	static
../Drivers/STM32WLxx_HAL_Driver/Src/stm32wlxx_hal_tim_ex.c:393:19:HAL_TIMEx_HallSensor_Stop	16	static
../Drivers/STM32WLxx_HAL_Driver/Src/stm32wlxx_hal_tim_ex.c:421:19:HAL_TIMEx_HallSensor_Start_IT	24	static
../Drivers/STM32WLxx_HAL_Driver/Src/stm32wlxx_hal_tim_ex.c:478:19:HAL_TIMEx_HallSensor_Stop_IT	16	static
../Drivers/STM32WLxx_HAL_Driver/Src/stm32wlxx_hal_tim_ex.c:511:19:HAL_TIMEx_HallSensor_Start_DMA	32	static
../Drivers/STM32WLxx_HAL_Driver/Src/stm32wlxx_hal_tim_ex.c:587:19:HAL_TIMEx_HallSensor_Stop_DMA	16	static
../Drivers/STM32WLxx_HAL_Driver/Src/stm32wlxx_hal_tim_ex.c:649:19:HAL_TIMEx_OCN_Start	24	static
../Drivers/STM32WLxx_HAL_Driver/Src/stm32wlxx_hal_tim_ex.c:700:19:HAL_TIMEx_OCN_Stop	16	static
../Drivers/STM32WLxx_HAL_Driver/Src/stm32wlxx_hal_tim_ex.c:732:19:HAL_TIMEx_OCN_Start_IT	24	static
../Drivers/STM32WLxx_HAL_Driver/Src/stm32wlxx_hal_tim_ex.c:819:19:HAL_TIMEx_OCN_Stop_IT	24	static
../Drivers/STM32WLxx_HAL_Driver/Src/stm32wlxx_hal_tim_ex.c:894:19:HAL_TIMEx_OCN_Start_DMA	32	static
../Drivers/STM32WLxx_HAL_Driver/Src/stm32wlxx_hal_tim_ex.c:1032:19:HAL_TIMEx_OCN_Stop_DMA	24	static
../Drivers/STM32WLxx_HAL_Driver/Src/stm32wlxx_hal_tim_ex.c:1122:19:HAL_TIMEx_PWMN_Start	24	static
../Drivers/STM32WLxx_HAL_Driver/Src/stm32wlxx_hal_tim_ex.c:1172:19:HAL_TIMEx_PWMN_Stop	16	static
../Drivers/STM32WLxx_HAL_Driver/Src/stm32wlxx_hal_tim_ex.c:1204:19:HAL_TIMEx_PWMN_Start_IT	24	static
../Drivers/STM32WLxx_HAL_Driver/Src/stm32wlxx_hal_tim_ex.c:1290:19:HAL_TIMEx_PWMN_Stop_IT	24	static
../Drivers/STM32WLxx_HAL_Driver/Src/stm32wlxx_hal_tim_ex.c:1365:19:HAL_TIMEx_PWMN_Start_DMA	32	static
../Drivers/STM32WLxx_HAL_Driver/Src/stm32wlxx_hal_tim_ex.c:1503:19:HAL_TIMEx_PWMN_Stop_DMA	24	static
../Drivers/STM32WLxx_HAL_Driver/Src/stm32wlxx_hal_tim_ex.c:1594:19:HAL_TIMEx_OnePulseN_Start	24	static
../Drivers/STM32WLxx_HAL_Driver/Src/stm32wlxx_hal_tim_ex.c:1643:19:HAL_TIMEx_OnePulseN_Stop	24	static
../Drivers/STM32WLxx_HAL_Driver/Src/stm32wlxx_hal_tim_ex.c:1682:19:HAL_TIMEx_OnePulseN_Start_IT	24	static
../Drivers/STM32WLxx_HAL_Driver/Src/stm32wlxx_hal_tim_ex.c:1737:19:HAL_TIMEx_OnePulseN_Stop_IT	24	static
../Drivers/STM32WLxx_HAL_Driver/Src/stm32wlxx_hal_tim_ex.c:1817:19:HAL_TIMEx_ConfigCommutEvent	24	static
../Drivers/STM32WLxx_HAL_Driver/Src/stm32wlxx_hal_tim_ex.c:1873:19:HAL_TIMEx_ConfigCommutEvent_IT	24	static
../Drivers/STM32WLxx_HAL_Driver/Src/stm32wlxx_hal_tim_ex.c:1930:19:HAL_TIMEx_ConfigCommutEvent_DMA	24	static
../Drivers/STM32WLxx_HAL_Driver/Src/stm32wlxx_hal_tim_ex.c:1979:19:HAL_TIMEx_MasterConfigSynchronization	24	static
../Drivers/STM32WLxx_HAL_Driver/Src/stm32wlxx_hal_tim_ex.c:2052:19:HAL_TIMEx_ConfigBreakDeadTime	24	static
../Drivers/STM32WLxx_HAL_Driver/Src/stm32wlxx_hal_tim_ex.c:2120:19:HAL_TIMEx_ConfigBreakInput	48	static
../Drivers/STM32WLxx_HAL_Driver/Src/stm32wlxx_hal_tim_ex.c:2269:19:HAL_TIMEx_RemapConfig	24	static
../Drivers/STM32WLxx_HAL_Driver/Src/stm32wlxx_hal_tim_ex.c:2325:19:HAL_TIMEx_GroupChannel5	16	static
../Drivers/STM32WLxx_HAL_Driver/Src/stm32wlxx_hal_tim_ex.c:2363:19:HAL_TIMEx_DisarmBreakInput	24	static
../Drivers/STM32WLxx_HAL_Driver/Src/stm32wlxx_hal_tim_ex.c:2417:19:HAL_TIMEx_ReArmBreakInput	24	static
../Drivers/STM32WLxx_HAL_Driver/Src/stm32wlxx_hal_tim_ex.c:2506:13:HAL_TIMEx_CommutCallback	16	static
../Drivers/STM32WLxx_HAL_Driver/Src/stm32wlxx_hal_tim_ex.c:2520:13:HAL_TIMEx_CommutHalfCpltCallback	16	static
../Drivers/STM32WLxx_HAL_Driver/Src/stm32wlxx_hal_tim_ex.c:2535:13:HAL_TIMEx_BreakCallback	16	static
../Drivers/STM32WLxx_HAL_Driver/Src/stm32wlxx_hal_tim_ex.c:2550:13:HAL_TIMEx_Break2Callback	16	static
../Drivers/STM32WLxx_HAL_Driver/Src/stm32wlxx_hal_tim_ex.c:2583:22:HAL_TIMEx_HallSensor_GetState	16	static
../Drivers/STM32WLxx_HAL_Driver/Src/stm32wlxx_hal_tim_ex.c:2598:29:HAL_TIMEx_GetChannelNState	24	static
../Drivers/STM32WLxx_HAL_Driver/Src/stm32wlxx_hal_tim_ex.c:2627:6:TIMEx_DMACommutationCplt	24	static
../Drivers/STM32WLxx_HAL_Driver/Src/stm32wlxx_hal_tim_ex.c:2646:6:TIMEx_DMACommutationHalfCplt	24	static
../Drivers/STM32WLxx_HAL_Driver/Src/stm32wlxx_hal_tim_ex.c:2666:13:TIM_DMADelayPulseNCplt	24	static
../Drivers/STM32WLxx_HAL_Driver/Src/stm32wlxx_hal_tim_ex.c:2716:13:TIM_DMAErrorCCxN	24	static
../Drivers/STM32WLxx_HAL_Driver/Src/stm32wlxx_hal_tim_ex.c:2761:13:TIM_CCxNChannelCmd	32	static
