../SubGHz_Phy/App/subghz_phy_app.c:112:6:SubghzApp_Init	56	static
../SubGHz_Phy/App/subghz_phy_app.c:175:13:OnTxTimerEvent	16	static
../SubGHz_Phy/App/subghz_phy_app.c:180:13:TransmitPacket	24	static
../SubGHz_Phy/App/subghz_phy_app.c:198:6:Transmitir_Mensaje_AX25	32	static
../SubGHz_Phy/App/subghz_phy_app.c:215:6:Transmitir_HolaMundo_AX25	8	static
../SubGHz_Phy/App/subghz_phy_app.c:222:13:OnTxDone	8	static
../SubGHz_Phy/App/subghz_phy_app.c:232:13:OnRxDone	24	static
../SubGHz_Phy/App/subghz_phy_app.c:238:13:OnTxTimeout	8	static
../SubGHz_Phy/App/subghz_phy_app.c:248:13:OnRxTimeout	4	static
../SubGHz_Phy/App/subghz_phy_app.c:254:13:OnRxError	4	static
