/home/elias/Documents/ComsBoard/cmake/stm32cubemx/../../Drivers/STM32WLxx_HAL_Driver/Inc/stm32wlxx_ll_bus.h:449:22:LL_AHB2_GRP1_EnableClock	24	static
/home/elias/Documents/ComsBoard/cmake/stm32cubemx/../../Drivers/STM32WLxx_HAL_Driver/Inc/stm32wlxx_ll_bus.h:1303:22:LL_APB2_GRP1_EnableClock	24	static
/home/elias/Documents/ComsBoard/cmake/stm32cubemx/../../Drivers/STM32WLxx_HAL_Driver/Inc/stm32wlxx_ll_bus.h:1351:22:LL_APB2_GRP1_DisableClock	16	static
/home/elias/Documents/ComsBoard/Core/Src/adc.c:30:6:MX_ADC_Init	8	static
/home/elias/Documents/ComsBoard/Core/Src/adc.c:72:6:HAL_ADC_MspInit	40	static
/home/elias/Documents/ComsBoard/Core/Src/adc.c:99:6:HAL_ADC_MspDeInit	16	static
