../Core/Src/app.c:43:13:modeUsesGps	4	static
../Core/Src/app.c:52:13:modeUsesAfsk	4	static
../Core/Src/app.c:65:13:modeUsesDra	4	static
../Core/Src/app.c:78:13:gpsStartRx	8	static
../Core/Src/app.c:84:13:onRxFrame	24	static
../Core/Src/app.c:96:13:formatAprsLat	72	static
../Core/Src/app.c:110:13:formatAprsLon	72	static
../Core/Src/app.c:124:13:buildGpsBeaconInfo	64	static
../Core/Src/app.c:154:13:updateSpiStatusIdle	8	static
../Core/Src/app.c:174:13:loadFixedFrame	16	static
../Core/Src/app.c:180:13:loadTrackerFrame	272	static
../Core/Src/app.c:195:6:HAL_TIM_PeriodElapsedCallback	16	static
../Core/Src/app.c:203:6:App_AFSK_TimerCallback	8	static
../Core/Src/app.c:214:6:App_Init	8	static
../Core/Src/app.c:256:6:App_Run	16	static
../Core/Src/app.c:423:6:App_GpsHasFix	4	static
../Core/Src/app.c:428:6:App_GetGpsCoords	40	static
../Core/Src/app.c:439:6:HAL_GPIO_EXTI_Callback	16	static
../Core/Src/app.c:451:6:HAL_UART_RxCpltCallback	16	static
../Core/Src/app.c:460:6:HAL_UART_ErrorCallback	16	static
