Archive member included to satisfy reference by file (symbol)

/opt/st/stm32cubeide_2.1.0/plugins/com.st.stm32cube.ide.mcu.externaltools.gnu-tools-for-stm32.14.3.rel1.linux64_1.0.100.202602081740/tools/bin/../lib/gcc/arm-none-eabi/14.3.1/../../../../arm-none-eabi/lib/thumb/v7e-m/nofp/libc_nano.a(libc_a-atol.o)
                              ./Core/Src/tinygps.o (atol)
/opt/st/stm32cubeide_2.1.0/plugins/com.st.stm32cube.ide.mcu.externaltools.gnu-tools-for-stm32.14.3.rel1.linux64_1.0.100.202602081740/tools/bin/../lib/gcc/arm-none-eabi/14.3.1/../../../../arm-none-eabi/lib/thumb/v7e-m/nofp/libc_nano.a(libc_a-exit.o)
                              /opt/st/stm32cubeide_2.1.0/plugins/com.st.stm32cube.ide.mcu.externaltools.gnu-tools-for-stm32.14.3.rel1.linux64_1.0.100.202602081740/tools/bin/../lib/gcc/arm-none-eabi/14.3.1/../../../../arm-none-eabi/lib/thumb/v7e-m/nofp/crt0.o (exit)
/opt/st/stm32cubeide_2.1.0/plugins/com.st.stm32cube.ide.mcu.externaltools.gnu-tools-for-stm32.14.3.rel1.linux64_1.0.100.202602081740/tools/bin/../lib/gcc/arm-none-eabi/14.3.1/../../../../arm-none-eabi/lib/thumb/v7e-m/nofp/libc_nano.a(libc_a-strtol.o)
                              /opt/st/stm32cubeide_2.1.0/plugins/com.st.stm32cube.ide.mcu.externaltools.gnu-tools-for-stm32.14.3.rel1.linux64_1.0.100.202602081740/tools/bin/../lib/gcc/arm-none-eabi/14.3.1/../../../../arm-none-eabi/lib/thumb/v7e-m/nofp/libc_nano.a(libc_a-atol.o) (_strtol_r)
/opt/st/stm32cubeide_2.1.0/plugins/com.st.stm32cube.ide.mcu.externaltools.gnu-tools-for-stm32.14.3.rel1.linux64_1.0.100.202602081740/tools/bin/../lib/gcc/arm-none-eabi/14.3.1/../../../../arm-none-eabi/lib/thumb/v7e-m/nofp/libc_nano.a(libc_a-ctype_.o)
                              ./Core/Src/tinygps.o (_ctype_)
/opt/st/stm32cubeide_2.1.0/plugins/com.st.stm32cube.ide.mcu.externaltools.gnu-tools-for-stm32.14.3.rel1.linux64_1.0.100.202602081740/tools/bin/../lib/gcc/arm-none-eabi/14.3.1/../../../../arm-none-eabi/lib/thumb/v7e-m/nofp/libc_nano.a(libc_a-findfp.o)
                              /opt/st/stm32cubeide_2.1.0/plugins/com.st.stm32cube.ide.mcu.externaltools.gnu-tools-for-stm32.14.3.rel1.linux64_1.0.100.202602081740/tools/bin/../lib/gcc/arm-none-eabi/14.3.1/../../../../arm-none-eabi/lib/thumb/v7e-m/nofp/libc_nano.a(libc_a-exit.o) (__stdio_exit_handler)
/opt/st/stm32cubeide_2.1.0/plugins/com.st.stm32cube.ide.mcu.externaltools.gnu-tools-for-stm32.14.3.rel1.linux64_1.0.100.202602081740/tools/bin/../lib/gcc/arm-none-eabi/14.3.1/../../../../arm-none-eabi/lib/thumb/v7e-m/nofp/libc_nano.a(libc_a-fwalk.o)
                              /opt/st/stm32cubeide_2.1.0/plugins/com.st.stm32cube.ide.mcu.externaltools.gnu-tools-for-stm32.14.3.rel1.linux64_1.0.100.202602081740/tools/bin/../lib/gcc/arm-none-eabi/14.3.1/../../../../arm-none-eabi/lib/thumb/v7e-m/nofp/libc_nano.a(libc_a-findfp.o) (_fwalk_sglue)
/opt/st/stm32cubeide_2.1.0/plugins/com.st.stm32cube.ide.mcu.externaltools.gnu-tools-for-stm32.14.3.rel1.linux64_1.0.100.202602081740/tools/bin/../lib/gcc/arm-none-eabi/14.3.1/../../../../arm-none-eabi/lib/thumb/v7e-m/nofp/libc_nano.a(libc_a-snprintf.o)
                              ./Core/Src/app.o (snprintf)
/opt/st/stm32cubeide_2.1.0/plugins/com.st.stm32cube.ide.mcu.externaltools.gnu-tools-for-stm32.14.3.rel1.linux64_1.0.100.202602081740/tools/bin/../lib/gcc/arm-none-eabi/14.3.1/../../../../arm-none-eabi/lib/thumb/v7e-m/nofp/libc_nano.a(libc_a-stdio.o)
                              /opt/st/stm32cubeide_2.1.0/plugins/com.st.stm32cube.ide.mcu.externaltools.gnu-tools-for-stm32.14.3.rel1.linux64_1.0.100.202602081740/tools/bin/../lib/gcc/arm-none-eabi/14.3.1/../../../../arm-none-eabi/lib/thumb/v7e-m/nofp/libc_nano.a(libc_a-findfp.o) (__sread)
/opt/st/stm32cubeide_2.1.0/plugins/com.st.stm32cube.ide.mcu.externaltools.gnu-tools-for-stm32.14.3.rel1.linux64_1.0.100.202602081740/tools/bin/../lib/gcc/arm-none-eabi/14.3.1/../../../../arm-none-eabi/lib/thumb/v7e-m/nofp/libc_nano.a(libc_a-memset.o)
                              /opt/st/stm32cubeide_2.1.0/plugins/com.st.stm32cube.ide.mcu.externaltools.gnu-tools-for-stm32.14.3.rel1.linux64_1.0.100.202602081740/tools/bin/../lib/gcc/arm-none-eabi/14.3.1/../../../../arm-none-eabi/lib/thumb/v7e-m/nofp/crt0.o (memset)
/opt/st/stm32cubeide_2.1.0/plugins/com.st.stm32cube.ide.mcu.externaltools.gnu-tools-for-stm32.14.3.rel1.linux64_1.0.100.202602081740/tools/bin/../lib/gcc/arm-none-eabi/14.3.1/../../../../arm-none-eabi/lib/thumb/v7e-m/nofp/libc_nano.a(libc_a-strstr.o)
                              ./Core/Src/dra818.o (strstr)
/opt/st/stm32cubeide_2.1.0/plugins/com.st.stm32cube.ide.mcu.externaltools.gnu-tools-for-stm32.14.3.rel1.linux64_1.0.100.202602081740/tools/bin/../lib/gcc/arm-none-eabi/14.3.1/../../../../arm-none-eabi/lib/thumb/v7e-m/nofp/libc_nano.a(libc_a-closer.o)
[...]
Memory Configuration

Name             Origin             Length             Attributes
RAM              0x20000000         0x00010000         xrw
RAM2             0x10000000         0x00008000         xrw
FLASH            0x08000000         0x00040000         xr
*default*        0x00000000         0xffffffff

Linker script and memory map

LOAD /opt/st/stm32cubeide_2.1.0/plugins/com.st.stm32cube.ide.mcu.externaltools.gnu-tools-for-stm32.14.3.rel1.linux64_1.0.100.202602081740/tools/bin/../lib/gcc/arm-none-eabi/14.3.1/thumb/v7e-m/nofp/crti.o
LOAD /opt/st/stm32cubeide_2.1.0/plugins/com.st.stm32cube.ide.mcu.externaltools.gnu-tools-for-stm32.14.3.rel1.linux64_1.0.100.202602081740/tools/bin/../lib/gcc/arm-none-eabi/14.3.1/thumb/v7e-m/nofp/crtbegin.o
LOAD /opt/st/stm32cubeide_2.1.0/plugins/com.st.stm32cube.ide.mcu.externaltools.gnu-tools-for-stm32.14.3.rel1.linux64_1.0.100.202602081740/tools/bin/../lib/gcc/arm-none-eabi/14.3.1/../../../../arm-none-eabi/lib/thumb/v7e-m/nofp/crt0.o
LOAD ./Core/Src/adc.o
LOAD ./Core/Src/afsk.o
LOAD ./Core/Src/app.o
LOAD ./Core/Src/ax25.o
LOAD ./Core/Src/dac.o
LOAD ./Core/Src/dra818.o
LOAD ./Core/Src/gpio.o
LOAD ./Core/Src/main.o
LOAD ./Core/Src/spi.o
LOAD ./Core/Src/stm32wlxx_hal_msp.o
LOAD ./Core/Src/stm32wlxx_it.o
LOAD ./Core/Src/syscalls.o
LOAD ./Core/Src/sysmem.o
LOAD ./Core/Src/system_stm32wlxx.o
LOAD ./Core/Src/tim.o
LOAD ./Core/Src/tinygps.o
LOAD ./Core/Src/usart.o
LOAD ./Core/Startup/startup_stm32wle5ccux.o
LOAD ./Drivers/STM32WLxx_HAL_Driver/stm32wlxx_hal.o
LOAD ./Drivers/STM32WLxx_HAL_Driver/stm32wlxx_hal_adc.o
LOAD ./Drivers/STM32WLxx_HAL_Driver/stm32wlxx_hal_adc_ex.o
LOAD ./Drivers/STM32WLxx_HAL_Driver/stm32wlxx_hal_cortex.o
LOAD ./Drivers/STM32WLxx_HAL_Driver/stm32wlxx_hal_dac.o
LOAD ./Drivers/STM32WLxx_HAL_Driver/stm32wlxx_hal_dac_ex.o
LOAD ./Drivers/STM32WLxx_HAL_Driver/stm32wlxx_hal_dma.o
LOAD ./Drivers/STM32WLxx_HAL_Driver/stm32wlxx_hal_dma_ex.o
LOAD ./Drivers/STM32WLxx_HAL_Driver/stm32wlxx_hal_exti.o
LOAD ./Drivers/STM32WLxx_HAL_Driver/stm32wlxx_hal_flash.o
LOAD ./Drivers/STM32WLxx_HAL_Driver/stm32wlxx_hal_flash_ex.o
LOAD ./Drivers/STM32WLxx_HAL_Driver/stm32wlxx_hal_gpio.o
LOAD ./Drivers/STM32WLxx_HAL_Driver/stm32wlxx_hal_pwr.o
LOAD ./Drivers/STM32WLxx_HAL_Driver/stm32wlxx_hal_pwr_ex.o
LOAD ./Drivers/STM32WLxx_HAL_Driver/stm32wlxx_hal_rcc.o
LOAD ./Drivers/STM32WLxx_HAL_Driver/stm32wlxx_hal_rcc_ex.o
LOAD ./Drivers/STM32WLxx_HAL_Driver/stm32wlxx_hal_spi.o
LOAD ./Drivers/STM32WLxx_HAL_Driver/stm32wlxx_hal_spi_ex.o
LOAD ./Drivers/STM32WLxx_HAL_Driver/stm32wlxx_hal_tim.o
LOAD ./Drivers/STM32WLxx_HAL_Driver/stm32wlxx_hal_tim_ex.o
LOAD ./Drivers/STM32WLxx_HAL_Driver/stm32wlxx_hal_uart.o
LOAD ./Drivers/STM32WLxx_HAL_Driver/stm32wlxx_hal_uart_ex.o
LOAD ./Drivers/STM32WLxx_HAL_Driver/stm32wlxx_ll_adc.o
START GROUP
LOAD /opt/st/stm32cubeide_2.1.0/plugins/com.st.stm32cube.ide.mcu.externaltools.gnu-tools-for-stm32.14.3.rel1.linux64_1.0.100.202602081740/tools/bin/../lib/gcc/arm-none-eabi/14.3.1/../../../../arm-none-eabi/lib/thumb/v7e-m/nofp/libc_nano.a
LOAD /opt/st/stm32cubeide_2.1.0/plugins/com.st.stm32cube.ide.mcu.externaltools.gnu-tools-for-stm32.14.3.rel1.linux64_1.0.100.202602081740/tools/bin/../lib/gcc/arm-none-eabi/14.3.1/../../../../arm-none-eabi/lib/thumb/v7e-m/nofp/libm.a
END GROUP
START GROUP
LOAD /opt/st/stm32cubeide_2.1.0/plugins/com.st.stm32cube.ide.mcu.externaltools.gnu-tools-for-stm32.14.3.rel1.linux64_1.0.100.202602081740/tools/bin/../lib/gcc/arm-none-eabi/14.3.1/thumb/v7e-m/nofp/libgcc.a
LOAD /opt/st/stm32cubeide_2.1.0/plugins/com.st.stm32cube.ide.mcu.externaltools.gnu-tools-for-stm32.14.3.rel1.linux64_1.0.100.202602081740/tools/bin/../lib/gcc/arm-none-eabi/14.3.1/../../../../arm-none-eabi/lib/thumb/v7e-m/nofp/libc_nano.a
END GROUP
START GROUP
LOAD /opt/st/stm32cubeide_2.1.0/plugins/com.st.stm32cube.ide.mcu.externaltools.gnu-tools-for-stm32.14.3.rel1.linux64_1.0.100.202602081740/tools/bin/../lib/gcc/arm-none-eabi/14.3.1/thumb/v7e-m/nofp/libgcc.a
LOAD /opt/st/stm32cubeide_2.1.0/plugins/com.st.stm32cube.ide.mcu.externaltools.gnu-tools-for-stm32.14.3.rel1.linux64_1.0.100.202602081740/tools/bin/../lib/gcc/arm-none-eabi/14.3.1/../../../../arm-none-eabi/lib/thumb/v7e-m/nofp/libc_nano.a
LOAD /opt/st/stm32cubeide_2.1.0/plugins/com.st.stm32cube.ide.mcu.externaltools.gnu-tools-for-stm32.14.3.rel1.linux64_1.0.100.202602081740/tools/bin/../lib/gcc/arm-none-eabi/14.3.1/../../../../arm-none-eabi/lib/thumb/v7e-m/nofp/libnosys.a
END GROUP
START GROUP
LOAD /opt/st/stm32cubeide_2.1.0/plugins/com.st.stm32cube.ide.mcu.externaltools.gnu-tools-for-stm32.14.3.rel1.linux64_1.0.100.202602081740/tools/bin/../lib/gcc/arm-none-eabi/14.3.1/thumb/v7e-m/nofp/libgcc.a
LOAD /opt/st/stm32cubeide_2.1.0/plugins/com.st.stm32cube.ide.mcu.externaltools.gnu-tools-for-stm32.14.3.rel1.linux64_1.0.100.202602081740/tools/bin/../lib/gcc/arm-none-eabi/14.3.1/../../../../arm-none-eabi/lib/thumb/v7e-m/nofp/libc_nano.a
LOAD /opt/st/stm32cubeide_2.1.0/plugins/com.st.stm32cube.ide.mcu.externaltools.gnu-tools-for-stm32.14.3.rel1.linux64_1.0.100.202602081740/tools/bin/../lib/gcc/arm-none-eabi/14.3.1/../../../../arm-none-eabi/lib/thumb/v7e-m/nofp/libnosys.a
END GROUP
LOAD /opt/st/stm32cubeide_2.1.0/plugins/com.st.stm32cube.ide.mcu.externaltools.gnu-tools-for-stm32.14.3.rel1.linux64_1.0.100.202602081740/tools/bin/../lib/gcc/arm-none-eabi/14.3.1/thumb/v7e-m/nofp/crtend.o
LOAD /opt/st/stm32cubeide_2.1.0/plugins/com.st.stm32cube.ide.mcu.externaltools.gnu-tools-for-stm32.14.3.rel1.linux64_1.0.100.202602081740/tools/bin/../lib/gcc/arm-none-eabi/14.3.1/thumb/v7e-m/nofp/crtn.o
                0x20010000                        _estack = (ORIGIN (RAM) + LENGTH (RAM))
                0x00000200                        _Min_Heap_Size = 0x200
                0x00000400                        _Min_Stack_Size = 0x400

.isr_vector     0x08000000      0x138
                0x08000000                        . = ALIGN (0x4)
 *(.isr_vector)
 .isr_vector    0x08000000      0x138 ./Core/Startup/startup_stm32wle5ccux.o
                0x08000000                g_pfnVectors
                0x08000138                        . = ALIGN (0x4)

.text           0x08000140     0xc234
                0x08000140                        . = ALIGN (0x4)
 *(.text)
 .text          0x08000140       0x40 /opt/st/stm32cubeide_2.1.0/plugins/com.st.stm32cube.ide.mcu.externaltools.gnu-tools-for-stm32.14.3.rel1.linux64_1.0.100.202602081740/tools/bin/../lib/gcc/arm-none-eabi/14.3.1/thumb/v7e-m/nofp/crtbegin.o
 .text          0x08000180       0x14 /opt/st/stm32cubeide_2.1.0/plugins/com.st.stm32cube.ide.mcu.externaltools.gnu-tools-for-stm32.14.3.rel1.linux64_1.0.100.202602081740/tools/bin/../lib/gcc/arm-none-eabi/14.3.1/../../../../arm-none-eabi/lib/thumb/v7e-m/nofp/libc_nano.a(libc_a-strcmp.o)
                0x08000180                strcmp
 .text          0x08000194       0x10 /opt/st/stm32cubeide_2.1.0/plugins/com.st.stm32cube.ide.mcu.externaltools.gnu-tools-for-stm32.14.3.rel1.linux64_1.0.100.202602081740/tools/bin/../lib/gcc/arm-none-eabi/14.3.1/../../../../arm-none-eabi/lib/thumb/v7e-m/nofp/libc_nano.a(libc_a-strlen.o)
                0x08000194                strlen
 *fill*         0x080001a4        0xc 
 .text          0x080001b0       0xa0 /opt/st/stm32cubeide_2.1.0/plugins/com.st.stm32cube.ide.mcu.externaltools.gnu-tools-for-stm32.14.3.rel1.linux64_1.0.100.202602081740/tools/bin/../lib/gcc/arm-none-eabi/14.3.1/../../../../arm-none-eabi/lib/thumb/v7e-m/nofp/libc_nano.a(libc_a-memchr.o)
                0x080001b0                memchr
 .text          0x08000250      0x378 /opt/st/stm32cubeide_2.1.0/plugins/com.st.stm32cube.ide.mcu.externaltools.gnu-tools-for-stm32.14.3.rel1.linux64_1.0.100.202602081740/tools/bin/../lib/gcc/arm-none-eabi/14.3.1/thumb/v7e-m/nofp/libgcc.a(_arm_addsubdf3.o)
                0x08000250                __aeabi_drsub
                0x08000258                __aeabi_dsub
                0x08000258                __subdf3
                0x0800025c                __adddf3
                0x0800025c                __aeabi_dadd
                0x080004d4                __aeabi_ui2d
                0x080004d4                __floatunsidf
                0x080004f4                __floatsidf
                0x080004f4                __aeabi_i2d
                0x08000518                __extendsfdf2
                0x08000518                __aeabi_f2d
                0x0800055c                __aeabi_ul2d
                0x0800055c                __floatundidf
                0x0800056c                __floatdidf
                0x0800056c                __aeabi_l2d
 .text          0x080005c8      0x424 /opt/st/stm32cubeide_2.1.0/plugins/com.st.stm32cube.ide.mcu.externaltools.gnu-tools-for-stm32.14.3.rel1.linux64_1.0.100.202602081740/tools/bin/../lib/gcc/arm-none-eabi/14.3.1/thumb/v7e-m/nofp/libgcc.a(_arm_muldivdf3.o)
                0x080005c8                __aeabi_dmul
                0x080005c8                __muldf3
                0x0800081c                __aeabi_ddiv
                0x0800081c                __divdf3
 .text          0x080009ec      0x110 /opt/st/stm32cubeide_2.1.0/plugins/com.st.stm32cube.ide.mcu.externaltools.gnu-tools-for-stm32.14.3.rel1.linux64_1.0.100.202602081740/tools/bin/../lib/gcc/arm-none-eabi/14.3.1/thumb/v7e-m/nofp/libgcc.a(_arm_cmpdf2.o)
                0x080009ec                __gtdf2
                0x080009ec                __gedf2
                0x080009f4                __ltdf2
                0x080009f4                __ledf2
                0x080009fc                __cmpdf2
                0x080009fc                __eqdf2
                0x080009fc                __nedf2
                0x08000a78                __aeabi_cdrcmple
                0x08000a88                __aeabi_cdcmple
                0x08000a88                __aeabi_cdcmpeq
                0x08000a98                __aeabi_dcmpeq
                0x08000aac                __aeabi_dcmplt
                0x08000ac0                __aeabi_dcmple
                0x08000ad4                __aeabi_dcmpge
                0x08000ae8                __aeabi_dcmpgt
 .text          0x08000afc       0x50 /opt/st/stm32cubeide_2.1.0/plugins/com.st.stm32cube.ide.mcu.externaltools.gnu-tools-for-stm32.14.3.rel1.linux64_1.0.100.202602081740/tools/bin/../lib/gcc/arm-none-eabi/14.3.1/thumb/v7e-m/nofp/libgcc.a(_arm_fixdfsi.o)
                0x08000afc                __fixdfsi
                0x08000afc                __aeabi_d2iz
 .text          0x08000b4c      0x21c /opt/st/stm32cubeide_2.1.0/plugins/com.st.stm32cube.ide.mcu.externaltools.gnu-tools-for-stm32.14.3.rel1.linux64_1.0.100.202602081740/tools/bin/../lib/gcc/arm-none-eabi/14.3.1/thumb/v7e-m/nofp/libgcc.a(_arm_addsubsf3.o)
                0x08000b4c                __aeabi_frsub
                0x08000b54                __subsf3
                0x08000b54                __aeabi_fsub
                0x08000b58                __aeabi_fadd
                0x08000b58                __addsf3
                0x08000cb8                __aeabi_ui2f
                0x08000cb8                __floatunsisf
                0x08000cc0                __aeabi_i2f
                0x08000cc0                __floatsisf
                0x08000cdc                __floatundisf
                0x08000cdc                __aeabi_ul2f
                0x08000cec                __floatdisf
                0x08000cec                __aeabi_l2f
 .text          0x08000d68      0x2a0 /opt/st/stm32cubeide_2.1.0/plugins/com.st.stm32cube.ide.mcu.externaltools.gnu-tools-for-stm32.14.3.rel1.linux64_1.0.100.202602081740/tools/bin/../lib/gcc/arm-none-eabi/14.3.1/thumb/v7e-m/nofp/libgcc.a(_arm_muldivsf3.o)
                0x08000d68                __mulsf3
                0x08000d68                __aeabi_fmul
                0x08000ed0                __divsf3
                0x08000ed0                __aeabi_fdiv
 .text          0x08001008       0xec /opt/st/stm32cubeide_2.1.0/plugins/com.st.stm32cube.ide.mcu.externaltools.gnu-tools-for-stm32.14.3.rel1.linux64_1.0.100.202602081740/tools/bin/../lib/gcc/arm-none-eabi/14.3.1/thumb/v7e-m/nofp/libgcc.a(_arm_cmpsf2.o)
                0x08001008                __gtsf2
                0x08001008                __gesf2
                0x08001010                __lesf2
                0x08001010                __ltsf2
                0x08001018                __nesf2
                0x08001018                __eqsf2
                0x08001018                __cmpsf2
                0x08001078                __aeabi_cfrcmple
                0x08001080                __aeabi_cfcmple
                0x08001080                __aeabi_cfcmpeq
                0x08001090                __aeabi_fcmpeq
                0x080010a4                __aeabi_fcmplt
                0x080010b8                __aeabi_fcmple
                0x080010cc                __aeabi_fcmpge
                0x080010e0                __aeabi_fcmpgt
 .text          0x080010f4       0x4c /opt/st/stm32cubeide_2.1.0/plugins/com.st.stm32cube.ide.mcu.externaltools.gnu-tools-for-stm32.14.3.rel1.linux64_1.0.100.202602081740/tools/bin/../lib/gcc/arm-none-eabi/14.3.1/thumb/v7e-m/nofp/libgcc.a(_arm_fixsfsi.o)
                0x080010f4                __fixsfsi
                0x080010f4                __aeabi_f2iz
 .text          0x08001140       0x40 /opt/st/stm32cubeide_2.1.0/plugins/com.st.stm32cube.ide.mcu.externaltools.gnu-tools-for-stm32.14.3.rel1.linux64_1.0.100.202602081740/tools/bin/../lib/gcc/arm-none-eabi/14.3.1/thumb/v7e-m/nofp/libgcc.a(_arm_fixunssfsi.o)
                0x08001140                __aeabi_f2uiz
                0x08001140                __fixunssfsi
 .text          0x08001180       0x30 /opt/st/stm32cubeide_2.1.0/plugins/com.st.stm32cube.ide.mcu.externaltools.gnu-tools-for-stm32.14.3.rel1.linux64_1.0.100.202602081740/tools/bin/../lib/gcc/arm-none-eabi/14.3.1/thumb/v7e-m/nofp/libgcc.a(_aeabi_uldivmod.o)
                0x08001180                __aeabi_uldivmod
 .text          0x080011b0      0x2f8 /opt/st/stm32cubeide_2.1.0/plugins/com.st.stm32cube.ide.mcu.externaltools.gnu-tools-for-stm32.14.3.rel1.linux64_1.0.100.202602081740/tools/bin/../lib/gcc/arm-none-eabi/14.3.1/thumb/v7e-m/nofp/libgcc.a(_udivmoddi4.o)
                0x080011b0                __udivmoddi4
 .text          0x080014a8        0x4 /opt/st/stm32cubeide_2.1.0/plugins/com.st.stm32cube.ide.mcu.externaltools.gnu-tools-for-stm32.14.3.rel1.linux64_1.0.100.202602081740/tools/bin/../lib/gcc/arm-none-eabi/14.3.1/thumb/v7e-m/nofp/libgcc.a(_dvmd_tls.o)
                0x080014a8                __aeabi_ldiv0
                0x080014a8                __aeabi_idiv0
 *(.text*)
 .text.LL_AHB2_GRP1_EnableClock
                0x080014ac       0x30 ./Core/Src/adc.o
 .text.LL_APB2_GRP1_EnableClock
                0x080014dc       0x30 ./Core/Src/adc.o
 .text.MX_ADC_Init
                0x0800150c       0x9c ./Core/Src/adc.o
                0x0800150c                MX_ADC_Init
 .text.HAL_ADC_MspInit
                0x080015a8       0x58 ./Core/Src/adc.o
                0x080015a8                HAL_ADC_MspInit
 .text.i32abs   0x08001600       0x1a ./Core/Src/afsk.o
 *fill*         0x0800161a        0x2 
 .text.rxGetSymbol
                0x0800161c       0xf0 ./Core/Src/afsk.o
 .text.AFSK_Init
                0x0800170c       0xdc ./Core/Src/afsk.o
                0x0800170c                AFSK_Init
 .text.AFSK_TX_Load
                0x080017e8       0x40 ./Core/Src/afsk.o
                0x080017e8                AFSK_TX_Load
 .text.AFSK_TX_Start
                0x08001828       0x4c ./Core/Src/afsk.o
                0x08001828                AFSK_TX_Start
 .text.AFSK_TX_Stop
                0x08001874       0x24 ./Core/Src/afsk.o
                0x08001874                AFSK_TX_Stop
 .text.AFSK_TX_IsDone
                0x08001898       0x18 ./Core/Src/afsk.o
                0x08001898                AFSK_TX_IsDone
 .text.AFSK_TimerTick
                0x080018b0      0x1f0 ./Core/Src/afsk.o
                0x080018b0                AFSK_TimerTick
 .text.gpsStartRx
                0x08001aa0       0x38 ./Core/Src/app.o
 .text.onRxFrame
                0x08001ad8       0x18 ./Core/Src/app.o
 .text.formatAprsLat
                0x08001af0      0x104 ./Core/Src/app.o
 *fill*         0x08001bf4        0x4 
 .text.formatAprsLon
                0x08001bf8      0x104 ./Core/Src/app.o
 .text.buildGpsBeaconInfo
                0x08001cfc       0xd0 ./Core/Src/app.o
 .text.updateSpiStatusIdle
                0x08001dcc       0x40 ./Core/Src/app.o
 .text.HAL_TIM_PeriodElapsedCallback
                0x08001e0c       0x1e ./Core/Src/app.o
                0x08001e0c                HAL_TIM_PeriodElapsedCallback
 *fill*         0x08001e2a        0x2 
 .text.App_AFSK_TimerCallback
                0x08001e2c       0x30 ./Core/Src/app.o
                0x08001e2c                App_AFSK_TimerCallback
 .text.App_Init
                0x08001e5c       0xcc ./Core/Src/app.o
                0x08001e5c                App_Init
 .text.App_Run  0x08001f28      0x18c ./Core/Src/app.o
                0x08001f28                App_Run
 .text.HAL_GPIO_EXTI_Callback
                0x080020b4       0x48 ./Core/Src/app.o
                0x080020b4                HAL_GPIO_EXTI_Callback
 .text.HAL_UART_RxCpltCallback
                0x080020fc       0x40 ./Core/Src/app.o
                0x080020fc                HAL_UART_RxCpltCallback
 .text.HAL_UART_ErrorCallback
                0x0800213c       0x48 ./Core/Src/app.o
                0x0800213c                HAL_UART_ErrorCallback
 .text.crc16_update
                0x08002184       0x5c ./Core/Src/ax25.o
 .text.crc16_block
                0x080021e0       0x4a ./Core/Src/ax25.o
 *fill*         0x0800222a        0x2 
 .text.appendBit
                0x0800222c       0x8c ./Core/Src/ax25.o
 .text.appendBytePlain
                0x080022b8       0x3c ./Core/Src/ax25.o
 .text.appendByteStuffed
                0x080022f4       0x6e ./Core/Src/ax25.o
 .text.encodeAddr
                0x08002362       0xa0 ./Core/Src/ax25.o
 *fill*         0x08002402        0x2 
 .text.AX25_BuildTxFrame
                0x08002404      0x2bc ./Core/Src/ax25.o
                0x08002404                AX25_BuildTxFrame
 .text.rxReset  0x080026c0       0x40 ./Core/Src/ax25.o
 .text.rxProcessFrame
                0x08002700      0x174 ./Core/Src/ax25.o
 .text.AX25_Init
                0x08002874       0x20 ./Core/Src/ax25.o
                0x08002874                AX25_Init
 .text.AX25_RxBit
                0x08002894       0xf4 ./Core/Src/ax25.o
                0x08002894                AX25_RxBit
 .text.LL_AHB2_GRP1_EnableClock
                0x08002988       0x30 ./Core/Src/dac.o
 .text.LL_APB1_GRP1_EnableClock
                0x080029b8       0x30 ./Core/Src/dac.o
 .text.MX_DAC_Init
                0x080029e8       0x64 ./Core/Src/dac.o
                0x080029e8                MX_DAC_Init
 .text.HAL_DAC_MspInit
                0x08002a4c       0x58 ./Core/Src/dac.o
                0x08002a4c                HAL_DAC_MspInit
 .text.draReceiveResponse
                0x08002aa4       0x88 ./Core/Src/dra818.o
 .text.draSendCmd
                0x08002b2c       0xac ./Core/Src/dra818.o
 .text.DRA818_Configure
                0x08002bd8       0x80 ./Core/Src/dra818.o
                0x08002bd8                DRA818_Configure
 .text.DRA818_Init
                0x08002c58       0xe0 ./Core/Src/dra818.o
                0x08002c58                DRA818_Init
 .text.DRA818_SetPTT
                0x08002d38       0x20 ./Core/Src/dra818.o
                0x08002d38                DRA818_SetPTT
 .text.DRA818_IsChannelBusy
                0x08002d58       0x20 ./Core/Src/dra818.o
                0x08002d58                DRA818_IsChannelBusy
 .text.LL_AHB2_GRP1_EnableClock
                0x08002d78       0x30 ./Core/Src/gpio.o
 .text.MX_GPIO_Init
                0x08002da8       0x84 ./Core/Src/gpio.o
                0x08002da8                MX_GPIO_Init
 .text.main     0x08002e2c       0x32 ./Core/Src/main.o
                0x08002e2c                main
 *fill*         0x08002e5e        0x2 
 .text.SystemClock_Config
                0x08002e60       0xc0 ./Core/Src/main.o
                0x08002e60                SystemClock_Config
 .text.Error_Handler
                0x08002f20        0xc ./Core/Src/main.o
                0x08002f20                Error_Handler
 .text.LL_AHB2_GRP1_EnableClock
                0x08002f2c       0x30 ./Core/Src/spi.o
 .text.LL_APB2_GRP1_EnableClock
                0x08002f5c       0x30 ./Core/Src/spi.o
 .text.MX_SPI1_Init
                0x08002f8c       0x74 ./Core/Src/spi.o
                0x08002f8c                MX_SPI1_Init
 .text.HAL_SPI_MspInit
                0x08003000       0x98 ./Core/Src/spi.o
                0x08003000                HAL_SPI_MspInit
 .text.HAL_MspInit
                0x08003098        0xc ./Core/Src/stm32wlxx_hal_msp.o
                0x08003098                HAL_MspInit
 .text.NMI_Handler
                0x080030a4        0x8 ./Core/Src/stm32wlxx_it.o
                0x080030a4                NMI_Handler
 .text.HardFault_Handler
                0x080030ac        0x8 ./Core/Src/stm32wlxx_it.o
                0x080030ac                HardFault_Handler
 .text.MemManage_Handler
                0x080030b4        0x8 ./Core/Src/stm32wlxx_it.o
                0x080030b4                MemManage_Handler
 .text.BusFault_Handler
                0x080030bc        0x8 ./Core/Src/stm32wlxx_it.o
                0x080030bc                BusFault_Handler
 .text.UsageFault_Handler
                0x080030c4        0x8 ./Core/Src/stm32wlxx_it.o
                0x080030c4                UsageFault_Handler
 .text.SVC_Handler
                0x080030cc        0xc ./Core/Src/stm32wlxx_it.o
                0x080030cc                SVC_Handler
 .text.DebugMon_Handler
                0x080030d8        0xc ./Core/Src/stm32wlxx_it.o
                0x080030d8                DebugMon_Handler
 .text.PendSV_Handler
                0x080030e4        0xc ./Core/Src/stm32wlxx_it.o
                0x080030e4                PendSV_Handler
 .text.SysTick_Handler
                0x080030f0        0xc ./Core/Src/stm32wlxx_it.o
                0x080030f0                SysTick_Handler
 .text.TIM2_IRQHandler
                0x080030fc       0x14 ./Core/Src/stm32wlxx_it.o
                0x080030fc                TIM2_IRQHandler
 .text.SPI1_IRQHandler
                0x08003110       0x14 ./Core/Src/stm32wlxx_it.o
                0x08003110                SPI1_IRQHandler
 .text.EXTI0_IRQHandler
                0x08003124        0xe ./Core/Src/stm32wlxx_it.o
                0x08003124                EXTI0_IRQHandler
 *fill*         0x08003132        0x2 
 .text.USART2_IRQHandler
                0x08003134       0x14 ./Core/Src/stm32wlxx_it.o
                0x08003134                USART2_IRQHandler
 .text._sbrk    0x08003148       0x6c ./Core/Src/sysmem.o
                0x08003148                _sbrk
 .text.SystemInit
                0x080031b4        0xc ./Core/Src/system_stm32wlxx.o
                0x080031b4                SystemInit
 .text.LL_APB1_GRP1_EnableClock
                0x080031c0       0x30 ./Core/Src/tim.o
 .text.MX_TIM2_Init
                0x080031f0       0x9c ./Core/Src/tim.o
                0x080031f0                MX_TIM2_Init
 .text.HAL_TIM_Base_MspInit
                0x0800328c       0x30 ./Core/Src/tim.o
                0x0800328c                HAL_TIM_Base_MspInit
 .text.TinyGPSPlus_Init
                0x080032bc       0x1a ./Core/Src/tinygps.o
                0x080032bc                TinyGPSPlus_Init
 .text.fromHex  0x080032d6       0x3c ./Core/Src/tinygps.o
 *fill*         0x08003312        0x2 
 .text.parseDegrees
                0x08003314      0x108 ./Core/Src/tinygps.o
 .text.endOfTermHandler
                0x0800341c      0x308 ./Core/Src/tinygps.o
 .text.TinyGPSPlus_Encode
                0x08003724      0x17c ./Core/Src/tinygps.o
                0x08003724                TinyGPSPlus_Encode
 .text.TinyGPSLocation_Lat
                0x080038a0       0x78 ./Core/Src/tinygps.o
                0x080038a0                TinyGPSLocation_Lat
 .text.TinyGPSLocation_Lng
                0x08003918       0x78 ./Core/Src/tinygps.o
                0x08003918                TinyGPSLocation_Lng
 .text.LL_AHB2_GRP1_EnableClock
                0x08003990       0x30 ./Core/Src/usart.o
 .text.LL_APB1_GRP1_EnableClock
                0x080039c0       0x30 ./Core/Src/usart.o
 .text.LL_APB1_GRP1_DisableClock
                0x080039f0       0x24 ./Core/Src/usart.o
 .text.LL_APB2_GRP1_EnableClock
                0x08003a14       0x30 ./Core/Src/usart.o
 .text.LL_APB2_GRP1_DisableClock
                0x08003a44       0x24 ./Core/Src/usart.o
 .text.MX_USART1_UART_Init
                0x08003a68       0x98 ./Core/Src/usart.o
                0x08003a68                MX_USART1_UART_Init
 .text.MX_USART2_UART_Init
                0x08003b00       0x98 ./Core/Src/usart.o
                0x08003b00                MX_USART2_UART_Init
 .text.HAL_UART_MspInit
                0x08003b98       0xfc ./Core/Src/usart.o
                0x08003b98                HAL_UART_MspInit
 .text.HAL_UART_MspDeInit
                0x08003c94       0x54 ./Core/Src/usart.o
                0x08003c94                HAL_UART_MspDeInit
 .text.Reset_Handler
                0x08003ce8       0x50 ./Core/Startup/startup_stm32wle5ccux.o
                0x08003ce8                Reset_Handler
 .text.Default_Handler
                0x08003d38        0x2 ./Core/Startup/startup_stm32wle5ccux.o
                0x08003d38                RTC_Alarm_IRQHandler
                0x08003d38                EXTI2_IRQHandler
                0x08003d38                TIM1_CC_IRQHandler
                0x08003d38                EXTI3_IRQHandler
                0x08003d38                LPTIM2_IRQHandler
                0x08003d38                I2C3_ER_IRQHandler
                0x08003d38                LPTIM3_IRQHandler
                0x08003d38                I2C2_EV_IRQHandler
                0x08003d38                TAMP_STAMP_LSECSS_SSRU_IRQHandler
                0x08003d38                DMA2_Channel2_IRQHandler
                0x08003d38                DMA1_Channel4_IRQHandler
                0x08003d38                PKA_IRQHandler
                0x08003d38                TIM17_IRQHandler
                0x08003d38                DMA1_Channel7_IRQHandler
                0x08003d38                SUBGHZSPI_IRQHandler
                0x08003d38                DMA2_Channel1_IRQHandler
                0x08003d38                I2C1_EV_IRQHandler
                0x08003d38                SUBGHZ_Radio_IRQHandler
                0x08003d38                DMAMUX1_OVR_IRQHandler
                0x08003d38                DMA1_Channel6_IRQHandler
                0x08003d38                TIM16_IRQHandler
                0x08003d38                DMA2_Channel4_IRQHandler
                0x08003d38                RCC_IRQHandler
                0x08003d38                TIM1_TRG_COM_IRQHandler
                0x08003d38                DMA1_Channel1_IRQHandler
                0x08003d38                Default_Handler
                0x08003d38                DMA2_Channel7_IRQHandler
                0x08003d38                EXTI15_10_IRQHandler
                0x08003d38                ADC_IRQHandler
                0x08003d38                I2C3_EV_IRQHandler
                0x08003d38                EXTI9_5_IRQHandler
                0x08003d38                RTC_WKUP_IRQHandler
                0x08003d38                PVD_PVM_IRQHandler
                0x08003d38                SPI2_IRQHandler
                0x08003d38                DMA2_Channel5_IRQHandler
                0x08003d38                DMA1_Channel5_IRQHandler
                0x08003d38                EXTI4_IRQHandler
                0x08003d38                RNG_IRQHandler
                0x08003d38                DMA1_Channel3_IRQHandler
                0x08003d38                COMP_IRQHandler
                0x08003d38                HSEM_IRQHandler
                0x08003d38                TIM1_UP_IRQHandler
                0x08003d38                WWDG_IRQHandler
                0x08003d38                LPUART1_IRQHandler
                0x08003d38                DMA2_Channel6_IRQHandler
                0x08003d38                TIM1_BRK_IRQHandler
                0x08003d38                DAC_IRQHandler
                0x08003d38                EXTI1_IRQHandler
                0x08003d38                AES_IRQHandler
                0x08003d38                I2C2_ER_IRQHandler
                0x08003d38                DMA1_Channel2_IRQHandler
                0x08003d38                FLASH_IRQHandler
                0x08003d38                USART1_IRQHandler
                0x08003d38                I2C1_ER_IRQHandler
                0x08003d38                LPTIM1_IRQHandler
                0x08003d38                DMA2_Channel3_IRQHandler
 *fill*         0x08003d3a        0x2 
 .text.HAL_Init
                0x08003d3c       0x40 ./Drivers/STM32WLxx_HAL_Driver/stm32wlxx_hal.o
                0x08003d3c                HAL_Init
 .text.HAL_InitTick
                0x08003d7c       0x74 ./Drivers/STM32WLxx_HAL_Driver/stm32wlxx_hal.o
                0x08003d7c                HAL_InitTick
 .text.HAL_IncTick
                0x08003df0       0x24 ./Drivers/STM32WLxx_HAL_Driver/stm32wlxx_hal.o
                0x08003df0                HAL_IncTick
 .text.HAL_GetTick
                0x08003e14       0x14 ./Drivers/STM32WLxx_HAL_Driver/stm32wlxx_hal.o
                0x08003e14                HAL_GetTick
 .text.HAL_Delay
                0x08003e28       0x48 ./Drivers/STM32WLxx_HAL_Driver/stm32wlxx_hal.o
                0x08003e28                HAL_Delay
 .text.LL_ADC_SetCommonPathInternalCh
                0x08003e70       0x24 ./Drivers/STM32WLxx_HAL_Driver/stm32wlxx_hal_adc.o
 .text.LL_ADC_GetCommonPathInternalCh
                0x08003e94       0x1a ./Drivers/STM32WLxx_HAL_Driver/stm32wlxx_hal_adc.o
 .text.LL_ADC_SetSamplingTimeCommonChannels
                0x08003eae       0x3c ./Drivers/STM32WLxx_HAL_Driver/stm32wlxx_hal_adc.o
 .text.LL_ADC_GetSamplingTimeCommonChannels
                0x08003eea       0x30 ./Drivers/STM32WLxx_HAL_Driver/stm32wlxx_hal_adc.o
 .text.LL_ADC_REG_SetSequencerRanks
                0x08003f1a       0x42 ./Drivers/STM32WLxx_HAL_Driver/stm32wlxx_hal_adc.o
 .text.LL_ADC_REG_SetSequencerChAdd
                0x08003f5c       0x24 ./Drivers/STM32WLxx_HAL_Driver/stm32wlxx_hal_adc.o
 .text.LL_ADC_REG_SetSequencerChRem
                0x08003f80       0x26 ./Drivers/STM32WLxx_HAL_Driver/stm32wlxx_hal_adc.o
 .text.LL_ADC_SetChannelSamplingTime
                0x08003fa6       0x38 ./Drivers/STM32WLxx_HAL_Driver/stm32wlxx_hal_adc.o
 .text.LL_ADC_EnableInternalRegulator
                0x08003fde       0x26 ./Drivers/STM32WLxx_HAL_Driver/stm32wlxx_hal_adc.o
 .text.LL_ADC_IsInternalRegulatorEnabled
                0x08004004       0x26 ./Drivers/STM32WLxx_HAL_Driver/stm32wlxx_hal_adc.o
 .text.LL_ADC_Enable
                0x0800402a       0x26 ./Drivers/STM32WLxx_HAL_Driver/stm32wlxx_hal_adc.o
 .text.LL_ADC_Disable
                0x08004050       0x26 ./Drivers/STM32WLxx_HAL_Driver/stm32wlxx_hal_adc.o
 .text.LL_ADC_IsEnabled
                0x08004076       0x24 ./Drivers/STM32WLxx_HAL_Driver/stm32wlxx_hal_adc.o
 .text.LL_ADC_IsDisableOngoing
                0x0800409a       0x24 ./Drivers/STM32WLxx_HAL_Driver/stm32wlxx_hal_adc.o
 .text.LL_ADC_REG_StartConversion
                0x080040be       0x26 ./Drivers/STM32WLxx_HAL_Driver/stm32wlxx_hal_adc.o
 .text.LL_ADC_REG_IsConversionOngoing
                0x080040e4       0x24 ./Drivers/STM32WLxx_HAL_Driver/stm32wlxx_hal_adc.o
 .text.HAL_ADC_Init
                0x08004108      0x328 ./Drivers/STM32WLxx_HAL_Driver/stm32wlxx_hal_adc.o
                0x08004108                HAL_ADC_Init
 .text.HAL_ADC_Start
                0x08004430       0x8c ./Drivers/STM32WLxx_HAL_Driver/stm32wlxx_hal_adc.o
                0x08004430                HAL_ADC_Start
 .text.HAL_ADC_ConfigChannel
                0x080044bc      0x270 ./Drivers/STM32WLxx_HAL_Driver/stm32wlxx_hal_adc.o
                0x080044bc                HAL_ADC_ConfigChannel
 .text.ADC_Enable
                0x0800472c      0x10c ./Drivers/STM32WLxx_HAL_Driver/stm32wlxx_hal_adc.o
                0x0800472c                ADC_Enable
 .text.ADC_Disable
                0x08004838       0xbe ./Drivers/STM32WLxx_HAL_Driver/stm32wlxx_hal_adc.o
                0x08004838                ADC_Disable
 .text.LL_ADC_GetCommonClock
                0x080048f6       0x1a ./Drivers/STM32WLxx_HAL_Driver/stm32wlxx_hal_adc_ex.o
 .text.LL_ADC_GetClock
                0x08004910       0x1a ./Drivers/STM32WLxx_HAL_Driver/stm32wlxx_hal_adc_ex.o
 .text.LL_ADC_SetCalibrationFactor
                0x0800492a       0x28 ./Drivers/STM32WLxx_HAL_Driver/stm32wlxx_hal_adc_ex.o
 .text.LL_ADC_GetCalibrationFactor
                0x08004952       0x1c ./Drivers/STM32WLxx_HAL_Driver/stm32wlxx_hal_adc_ex.o
 .text.LL_ADC_Enable
                0x0800496e       0x26 ./Drivers/STM32WLxx_HAL_Driver/stm32wlxx_hal_adc_ex.o
 .text.LL_ADC_Disable
                0x08004994       0x26 ./Drivers/STM32WLxx_HAL_Driver/stm32wlxx_hal_adc_ex.o
 .text.LL_ADC_IsEnabled
                0x080049ba       0x24 ./Drivers/STM32WLxx_HAL_Driver/stm32wlxx_hal_adc_ex.o
 .text.LL_ADC_StartCalibration
                0x080049de       0x26 ./Drivers/STM32WLxx_HAL_Driver/stm32wlxx_hal_adc_ex.o
 .text.LL_ADC_IsCalibrationOnGoing
                0x08004a04       0x26 ./Drivers/STM32WLxx_HAL_Driver/stm32wlxx_hal_adc_ex.o
 *fill*         0x08004a2a        0x2 
 .text.HAL_ADCEx_Calibration_Start
                0x08004a2c      0x1f4 ./Drivers/STM32WLxx_HAL_Driver/stm32wlxx_hal_adc_ex.o
                0x08004a2c                HAL_ADCEx_Calibration_Start
 .text.__NVIC_SetPriorityGrouping
                0x08004c20       0x48 ./Drivers/STM32WLxx_HAL_Driver/stm32wlxx_hal_cortex.o
 .text.__NVIC_GetPriorityGrouping
                0x08004c68       0x1c ./Drivers/STM32WLxx_HAL_Driver/stm32wlxx_hal_cortex.o
 .text.__NVIC_EnableIRQ
                0x08004c84       0x38 ./Drivers/STM32WLxx_HAL_Driver/stm32wlxx_hal_cortex.o
 .text.__NVIC_SetPriority
                0x08004cbc       0x54 ./Drivers/STM32WLxx_HAL_Driver/stm32wlxx_hal_cortex.o
 .text.NVIC_EncodePriority
                0x08004d10       0x64 ./Drivers/STM32WLxx_HAL_Driver/stm32wlxx_hal_cortex.o
 .text.SysTick_Config
                0x08004d74       0x44 ./Drivers/STM32WLxx_HAL_Driver/stm32wlxx_hal_cortex.o
 .text.HAL_NVIC_SetPriorityGrouping
                0x08004db8       0x16 ./Drivers/STM32WLxx_HAL_Driver/stm32wlxx_hal_cortex.o
                0x08004db8                HAL_NVIC_SetPriorityGrouping
 .text.HAL_NVIC_SetPriority
                0x08004dce       0x34 ./Drivers/STM32WLxx_HAL_Driver/stm32wlxx_hal_cortex.o
                0x08004dce                HAL_NVIC_SetPriority
 .text.HAL_NVIC_EnableIRQ
                0x08004e02       0x1c ./Drivers/STM32WLxx_HAL_Driver/stm32wlxx_hal_cortex.o
                0x08004e02                HAL_NVIC_EnableIRQ
 .text.HAL_SYSTICK_Config
                0x08004e1e       0x18 ./Drivers/STM32WLxx_HAL_Driver/stm32wlxx_hal_cortex.o
                0x08004e1e                HAL_SYSTICK_Config
 .text.HAL_DAC_Init
                0x08004e36       0x44 ./Drivers/STM32WLxx_HAL_Driver/stm32wlxx_hal_dac.o
                0x08004e36                HAL_DAC_Init
 .text.HAL_DAC_Start
                0x08004e7a       0x7a ./Drivers/STM32WLxx_HAL_Driver/stm32wlxx_hal_dac.o
                0x08004e7a                HAL_DAC_Start
 .text.HAL_DAC_SetValue
                0x08004ef4       0x46 ./Drivers/STM32WLxx_HAL_Driver/stm32wlxx_hal_dac.o
                0x08004ef4                HAL_DAC_SetValue
 .text.HAL_DAC_ConfigChannel
                0x08004f3a      0x206 ./Drivers/STM32WLxx_HAL_Driver/stm32wlxx_hal_dac.o
                0x08004f3a                HAL_DAC_ConfigChannel
 .text.HAL_DMA_Abort
                0x08005140       0xbc ./Drivers/STM32WLxx_HAL_Driver/stm32wlxx_hal_dma.o
                0x08005140                HAL_DMA_Abort
 .text.HAL_DMA_Abort_IT
                0x080051fc       0xbe ./Drivers/STM32WLxx_HAL_Driver/stm32wlxx_hal_dma.o
                0x080051fc                HAL_DMA_Abort_IT
 *fill*         0x080052ba        0x2 
 .text.HAL_GPIO_Init
                0x080052bc      0x2c0 ./Drivers/STM32WLxx_HAL_Driver/stm32wlxx_hal_gpio.o
                0x080052bc                HAL_GPIO_Init
 .text.HAL_GPIO_DeInit
                0x0800557c      0x19c ./Drivers/STM32WLxx_HAL_Driver/stm32wlxx_hal_gpio.o
                0x0800557c                HAL_GPIO_DeInit
 .text.HAL_GPIO_ReadPin
                0x08005718       0x2e ./Drivers/STM32WLxx_HAL_Driver/stm32wlxx_hal_gpio.o
                0x08005718                HAL_GPIO_ReadPin
 .text.HAL_GPIO_WritePin
                0x08005746       0x2e ./Drivers/STM32WLxx_HAL_Driver/stm32wlxx_hal_gpio.o
                0x08005746                HAL_GPIO_WritePin
 .text.HAL_GPIO_EXTI_IRQHandler
                0x08005774       0x30 ./Drivers/STM32WLxx_HAL_Driver/stm32wlxx_hal_gpio.o
                0x08005774                HAL_GPIO_EXTI_IRQHandler
 .text.HAL_PWR_EnableBkUpAccess
                0x080057a4       0x1c ./Drivers/STM32WLxx_HAL_Driver/stm32wlxx_hal_pwr.o
                0x080057a4                HAL_PWR_EnableBkUpAccess
 .text.HAL_PWREx_GetVoltageRange
                0x080057c0       0x18 ./Drivers/STM32WLxx_HAL_Driver/stm32wlxx_hal_pwr_ex.o
                0x080057c0                HAL_PWREx_GetVoltageRange
 .text.LL_PWR_IsEnabledBkUpAccess
                0x080057d8       0x24 ./Drivers/STM32WLxx_HAL_Driver/stm32wlxx_hal_rcc.o
 .text.LL_RCC_HSE_EnableTcxo
                0x080057fc       0x1c ./Drivers/STM32WLxx_HAL_Driver/stm32wlxx_hal_rcc.o
 .text.LL_RCC_HSE_DisableTcxo
                0x08005818       0x1c ./Drivers/STM32WLxx_HAL_Driver/stm32wlxx_hal_rcc.o
 .text.LL_RCC_HSE_IsEnabledDiv2
                0x08005834       0x22 ./Drivers/STM32WLxx_HAL_Driver/stm32wlxx_hal_rcc.o
 .text.LL_RCC_HSE_Enable
                0x08005856       0x1c ./Drivers/STM32WLxx_HAL_Driver/stm32wlxx_hal_rcc.o
 .text.LL_RCC_HSE_Disable
                0x08005872       0x1c ./Drivers/STM32WLxx_HAL_Driver/stm32wlxx_hal_rcc.o
 .text.LL_RCC_HSE_IsReady
                0x0800588e       0x22 ./Drivers/STM32WLxx_HAL_Driver/stm32wlxx_hal_rcc.o
 .text.LL_RCC_HSI_Enable
                0x080058b0       0x1c ./Drivers/STM32WLxx_HAL_Driver/stm32wlxx_hal_rcc.o
 .text.LL_RCC_HSI_Disable
                0x080058cc       0x1c ./Drivers/STM32WLxx_HAL_Driver/stm32wlxx_hal_rcc.o
 .text.LL_RCC_HSI_IsReady
                0x080058e8       0x22 ./Drivers/STM32WLxx_HAL_Driver/stm32wlxx_hal_rcc.o
 .text.LL_RCC_HSI_SetCalibTrimming
                0x0800590a       0x28 ./Drivers/STM32WLxx_HAL_Driver/stm32wlxx_hal_rcc.o
 .text.LL_RCC_LSE_IsReady
                0x08005932       0x22 ./Drivers/STM32WLxx_HAL_Driver/stm32wlxx_hal_rcc.o
 .text.LL_RCC_LSI_Enable
                0x08005954       0x20 ./Drivers/STM32WLxx_HAL_Driver/stm32wlxx_hal_rcc.o
 .text.LL_RCC_LSI_Disable
                0x08005974       0x20 ./Drivers/STM32WLxx_HAL_Driver/stm32wlxx_hal_rcc.o
 .text.LL_RCC_LSI_IsReady
                0x08005994       0x22 ./Drivers/STM32WLxx_HAL_Driver/stm32wlxx_hal_rcc.o
 .text.LL_RCC_MSI_Enable
                0x080059b6       0x1c ./Drivers/STM32WLxx_HAL_Driver/stm32wlxx_hal_rcc.o
 .text.LL_RCC_MSI_Disable
                0x080059d2       0x1c ./Drivers/STM32WLxx_HAL_Driver/stm32wlxx_hal_rcc.o
 .text.LL_RCC_MSI_IsReady
                0x080059ee       0x20 ./Drivers/STM32WLxx_HAL_Driver/stm32wlxx_hal_rcc.o
 .text.LL_RCC_MSI_IsEnabledRangeSelect
                0x08005a0e       0x20 ./Drivers/STM32WLxx_HAL_Driver/stm32wlxx_hal_rcc.o
 .text.LL_RCC_MSI_GetRange
                0x08005a2e       0x16 ./Drivers/STM32WLxx_HAL_Driver/stm32wlxx_hal_rcc.o
 .text.LL_RCC_MSI_GetRangeAfterStandby
                0x08005a44       0x18 ./Drivers/STM32WLxx_HAL_Driver/stm32wlxx_hal_rcc.o
 .text.LL_RCC_MSI_SetCalibTrimming
                0x08005a5c       0x28 ./Drivers/STM32WLxx_HAL_Driver/stm32wlxx_hal_rcc.o
 .text.LL_RCC_SetSysClkSource
                0x08005a84       0x26 ./Drivers/STM32WLxx_HAL_Driver/stm32wlxx_hal_rcc.o
 .text.LL_RCC_GetSysClkSource
                0x08005aaa       0x16 ./Drivers/STM32WLxx_HAL_Driver/stm32wlxx_hal_rcc.o
 .text.LL_RCC_SetAHBPrescaler
                0x08005ac0       0x26 ./Drivers/STM32WLxx_HAL_Driver/stm32wlxx_hal_rcc.o
 .text.LL_RCC_SetAHB3Prescaler
                0x08005ae6       0x2c ./Drivers/STM32WLxx_HAL_Driver/stm32wlxx_hal_rcc.o
 .text.LL_RCC_SetAPB1Prescaler
                0x08005b12       0x26 ./Drivers/STM32WLxx_HAL_Driver/stm32wlxx_hal_rcc.o
 .text.LL_RCC_SetAPB2Prescaler
                0x08005b38       0x26 ./Drivers/STM32WLxx_HAL_Driver/stm32wlxx_hal_rcc.o
 .text.LL_RCC_GetAHBPrescaler
                0x08005b5e       0x16 ./Drivers/STM32WLxx_HAL_Driver/stm32wlxx_hal_rcc.o
 .text.LL_RCC_GetAHB3Prescaler
                0x08005b74       0x1a ./Drivers/STM32WLxx_HAL_Driver/stm32wlxx_hal_rcc.o
 .text.LL_RCC_GetAPB1Prescaler
                0x08005b8e       0x16 ./Drivers/STM32WLxx_HAL_Driver/stm32wlxx_hal_rcc.o
 .text.LL_RCC_GetAPB2Prescaler
                0x08005ba4       0x16 ./Drivers/STM32WLxx_HAL_Driver/stm32wlxx_hal_rcc.o
 .text.LL_RCC_PLL_Enable
                0x08005bba       0x1c ./Drivers/STM32WLxx_HAL_Driver/stm32wlxx_hal_rcc.o
 .text.LL_RCC_PLL_Disable
                0x08005bd6       0x1c ./Drivers/STM32WLxx_HAL_Driver/stm32wlxx_hal_rcc.o
 .text.LL_RCC_PLL_IsReady
                0x08005bf2       0x22 ./Drivers/STM32WLxx_HAL_Driver/stm32wlxx_hal_rcc.o
 .text.LL_RCC_PLL_GetN
                0x08005c14       0x18 ./Drivers/STM32WLxx_HAL_Driver/stm32wlxx_hal_rcc.o
 .text.LL_RCC_PLL_GetR
                0x08005c2c       0x16 ./Drivers/STM32WLxx_HAL_Driver/stm32wlxx_hal_rcc.o
 .text.LL_RCC_PLL_GetDivider
                0x08005c42       0x16 ./Drivers/STM32WLxx_HAL_Driver/stm32wlxx_hal_rcc.o
 .text.LL_RCC_PLL_GetMainSource
                0x08005c58       0x16 ./Drivers/STM32WLxx_HAL_Driver/stm32wlxx_hal_rcc.o
 .text.LL_RCC_IsActiveFlag_HPRE
                0x08005c6e       0x22 ./Drivers/STM32WLxx_HAL_Driver/stm32wlxx_hal_rcc.o
 .text.LL_RCC_IsActiveFlag_SHDHPRE
                0x08005c90       0x24 ./Drivers/STM32WLxx_HAL_Driver/stm32wlxx_hal_rcc.o
 .text.LL_RCC_IsActiveFlag_PPRE1
                0x08005cb4       0x22 ./Drivers/STM32WLxx_HAL_Driver/stm32wlxx_hal_rcc.o
 .text.LL_RCC_IsActiveFlag_PPRE2
                0x08005cd6       0x22 ./Drivers/STM32WLxx_HAL_Driver/stm32wlxx_hal_rcc.o
 .text.HAL_RCC_OscConfig
                0x08005cf8      0x704 ./Drivers/STM32WLxx_HAL_Driver/stm32wlxx_hal_rcc.o
                0x08005cf8                HAL_RCC_OscConfig
 .text.HAL_RCC_ClockConfig
                0x080063fc      0x248 ./Drivers/STM32WLxx_HAL_Driver/stm32wlxx_hal_rcc.o
                0x080063fc                HAL_RCC_ClockConfig
 .text.HAL_RCC_GetSysClockFreq
                0x08006644      0x140 ./Drivers/STM32WLxx_HAL_Driver/stm32wlxx_hal_rcc.o
                0x08006644                HAL_RCC_GetSysClockFreq
 .text.HAL_RCC_GetHCLKFreq
                0x08006784       0x28 ./Drivers/STM32WLxx_HAL_Driver/stm32wlxx_hal_rcc.o
                0x08006784                HAL_RCC_GetHCLKFreq
 .text.HAL_RCC_GetPCLK1Freq
                0x080067ac       0x24 ./Drivers/STM32WLxx_HAL_Driver/stm32wlxx_hal_rcc.o
                0x080067ac                HAL_RCC_GetPCLK1Freq
 .text.HAL_RCC_GetPCLK2Freq
                0x080067d0       0x24 ./Drivers/STM32WLxx_HAL_Driver/stm32wlxx_hal_rcc.o
                0x080067d0                HAL_RCC_GetPCLK2Freq
 .text.RCC_SetFlashLatencyFromMSIRange
                0x080067f4       0x60 ./Drivers/STM32WLxx_HAL_Driver/stm32wlxx_hal_rcc.o
 .text.RCC_SetFlashLatency
                0x08006854      0x104 ./Drivers/STM32WLxx_HAL_Driver/stm32wlxx_hal_rcc.o
 .text.LL_RCC_LSE_IsReady
                0x08006958       0x22 ./Drivers/STM32WLxx_HAL_Driver/stm32wlxx_hal_rcc_ex.o
 .text.LL_RCC_SetUSARTClockSource
                0x0800697a       0x30 ./Drivers/STM32WLxx_HAL_Driver/stm32wlxx_hal_rcc_ex.o
 .text.LL_RCC_SetI2SClockSource
                0x080069aa       0x2a ./Drivers/STM32WLxx_HAL_Driver/stm32wlxx_hal_rcc_ex.o
 .text.LL_RCC_SetLPUARTClockSource
                0x080069d4       0x2a ./Drivers/STM32WLxx_HAL_Driver/stm32wlxx_hal_rcc_ex.o
 .text.LL_RCC_SetI2CClockSource
                0x080069fe       0x38 ./Drivers/STM32WLxx_HAL_Driver/stm32wlxx_hal_rcc_ex.o
 .text.LL_RCC_SetLPTIMClockSource
                0x08006a36       0x32 ./Drivers/STM32WLxx_HAL_Driver/stm32wlxx_hal_rcc_ex.o
 .text.LL_RCC_SetRNGClockSource
                0x08006a68       0x2a ./Drivers/STM32WLxx_HAL_Driver/stm32wlxx_hal_rcc_ex.o
 .text.LL_RCC_SetADCClockSource
                0x08006a92       0x2a ./Drivers/STM32WLxx_HAL_Driver/stm32wlxx_hal_rcc_ex.o
 .text.LL_RCC_SetRTCClockSource
                0x08006abc       0x2a ./Drivers/STM32WLxx_HAL_Driver/stm32wlxx_hal_rcc_ex.o
 .text.LL_RCC_GetRTCClockSource
                0x08006ae6       0x18 ./Drivers/STM32WLxx_HAL_Driver/stm32wlxx_hal_rcc_ex.o
 .text.LL_RCC_ForceBackupDomainReset
                0x08006afe       0x20 ./Drivers/STM32WLxx_HAL_Driver/stm32wlxx_hal_rcc_ex.o
 .text.LL_RCC_ReleaseBackupDomainReset
                0x08006b1e       0x20 ./Drivers/STM32WLxx_HAL_Driver/stm32wlxx_hal_rcc_ex.o
 *fill*         0x08006b3e        0x2 
 .text.HAL_RCCEx_PeriphCLKConfig
                0x08006b40      0x234 ./Drivers/STM32WLxx_HAL_Driver/stm32wlxx_hal_rcc_ex.o
                0x08006b40                HAL_RCCEx_PeriphCLKConfig
 .text.HAL_SPI_Init
                0x08006d74      0x1a8 ./Drivers/STM32WLxx_HAL_Driver/stm32wlxx_hal_spi.o
                0x08006d74                HAL_SPI_Init
 .text.HAL_SPI_TransmitReceive_IT
                0x08006f1c      0x1a4 ./Drivers/STM32WLxx_HAL_Driver/stm32wlxx_hal_spi.o
                0x08006f1c                HAL_SPI_TransmitReceive_IT
 .text.HAL_SPI_Abort
                0x080070c0      0x240 ./Drivers/STM32WLxx_HAL_Driver/stm32wlxx_hal_spi.o
                0x080070c0                HAL_SPI_Abort
 .text.HAL_SPI_IRQHandler
                0x08007300      0x200 ./Drivers/STM32WLxx_HAL_Driver/stm32wlxx_hal_spi.o
                0x08007300                HAL_SPI_IRQHandler
 .text.HAL_SPI_RxCpltCallback
                0x08007500       0x12 ./Drivers/STM32WLxx_HAL_Driver/stm32wlxx_hal_spi.o
                0x08007500                HAL_SPI_RxCpltCallback
 .text.HAL_SPI_TxRxCpltCallback
                0x08007512       0x12 ./Drivers/STM32WLxx_HAL_Driver/stm32wlxx_hal_spi.o
                0x08007512                HAL_SPI_TxRxCpltCallback
 .text.HAL_SPI_ErrorCallback
                0x08007524       0x12 ./Drivers/STM32WLxx_HAL_Driver/stm32wlxx_hal_spi.o
                0x08007524                HAL_SPI_ErrorCallback
 .text.SPI_DMAAbortOnError
                0x08007536       0x2a ./Drivers/STM32WLxx_HAL_Driver/stm32wlxx_hal_spi.o
 .text.SPI_2linesRxISR_8BIT
                0x08007560       0xe4 ./Drivers/STM32WLxx_HAL_Driver/stm32wlxx_hal_spi.o
 .text.SPI_2linesRxISR_8BITCRC
                0x08007644       0x58 ./Drivers/STM32WLxx_HAL_Driver/stm32wlxx_hal_spi.o
 .text.SPI_2linesTxISR_8BIT
                0x0800769c       0xbc ./Drivers/STM32WLxx_HAL_Driver/stm32wlxx_hal_spi.o
 .text.SPI_2linesRxISR_16BIT
                0x08007758       0x7c ./Drivers/STM32WLxx_HAL_Driver/stm32wlxx_hal_spi.o
 .text.SPI_2linesRxISR_16BITCRC
                0x080077d4       0x34 ./Drivers/STM32WLxx_HAL_Driver/stm32wlxx_hal_spi.o
 .text.SPI_2linesTxISR_16BIT
                0x08007808       0x8a ./Drivers/STM32WLxx_HAL_Driver/stm32wlxx_hal_spi.o
 *fill*         0x08007892        0x2 
 .text.SPI_WaitFlagStateUntilTimeout
                0x08007894      0x110 ./Drivers/STM32WLxx_HAL_Driver/stm32wlxx_hal_spi.o
 .text.SPI_WaitFifoStateUntilTimeout
                0x080079a4      0x12c ./Drivers/STM32WLxx_HAL_Driver/stm32wlxx_hal_spi.o
 .text.SPI_EndRxTxTransaction
                0x08007ad0       0x8c ./Drivers/STM32WLxx_HAL_Driver/stm32wlxx_hal_spi.o
 .text.SPI_CloseRxTx_ISR
                0x08007b5c       0xb8 ./Drivers/STM32WLxx_HAL_Driver/stm32wlxx_hal_spi.o
 .text.SPI_AbortRx_ISR
                0x08007c14       0xc0 ./Drivers/STM32WLxx_HAL_Driver/stm32wlxx_hal_spi.o
 .text.SPI_AbortTx_ISR
                0x08007cd4      0x144 ./Drivers/STM32WLxx_HAL_Driver/stm32wlxx_hal_spi.o
 .text.HAL_TIM_Base_Init
                0x08007e18       0xae ./Drivers/STM32WLxx_HAL_Driver/stm32wlxx_hal_tim.o
                0x08007e18                HAL_TIM_Base_Init
 *fill*         0x08007ec6        0x2 
 .text.HAL_TIM_Base_Start_IT
                0x08007ec8       0x98 ./Drivers/STM32WLxx_HAL_Driver/stm32wlxx_hal_tim.o
                0x08007ec8                HAL_TIM_Base_Start_IT
 .text.HAL_TIM_IRQHandler
                0x08007f60      0x20e ./Drivers/STM32WLxx_HAL_Driver/stm32wlxx_hal_tim.o
                0x08007f60                HAL_TIM_IRQHandler
 .text.HAL_TIM_ConfigClockSource
                0x0800816e      0x192 ./Drivers/STM32WLxx_HAL_Driver/stm32wlxx_hal_tim.o
                0x0800816e                HAL_TIM_ConfigClockSource
 .text.HAL_TIM_OC_DelayElapsedCallback
                0x08008300       0x12 ./Drivers/STM32WLxx_HAL_Driver/stm32wlxx_hal_tim.o
                0x08008300                HAL_TIM_OC_DelayElapsedCallback
 .text.HAL_TIM_IC_CaptureCallback
                0x08008312       0x12 ./Drivers/STM32WLxx_HAL_Driver/stm32wlxx_hal_tim.o
                0x08008312                HAL_TIM_IC_CaptureCallback
 .text.HAL_TIM_PWM_PulseFinishedCallback
                0x08008324       0x12 ./Drivers/STM32WLxx_HAL_Driver/stm32wlxx_hal_tim.o
                0x08008324                HAL_TIM_PWM_PulseFinishedCallback
 .text.HAL_TIM_TriggerCallback
                0x08008336       0x12 ./Drivers/STM32WLxx_HAL_Driver/stm32wlxx_hal_tim.o
                0x08008336                HAL_TIM_TriggerCallback
 .text.TIM_Base_SetConfig
                0x08008348       0xd0 ./Drivers/STM32WLxx_HAL_Driver/stm32wlxx_hal_tim.o
                0x08008348                TIM_Base_SetConfig
 .text.TIM_TI1_ConfigInputStage
                0x08008418       0x8c ./Drivers/STM32WLxx_HAL_Driver/stm32wlxx_hal_tim.o
 .text.TIM_TI2_ConfigInputStage
                0x080084a4       0x78 ./Drivers/STM32WLxx_HAL_Driver/stm32wlxx_hal_tim.o
 .text.TIM_ITRx_SetConfig
                0x0800851c       0x38 ./Drivers/STM32WLxx_HAL_Driver/stm32wlxx_hal_tim.o
 .text.TIM_ETR_SetConfig
                0x08008554       0x3e ./Drivers/STM32WLxx_HAL_Driver/stm32wlxx_hal_tim.o
                0x08008554                TIM_ETR_SetConfig
 *fill*         0x08008592        0x2 
 .text.HAL_TIMEx_MasterConfigSynchronization
                0x08008594       0xbc ./Drivers/STM32WLxx_HAL_Driver/stm32wlxx_hal_tim_ex.o
                0x08008594                HAL_TIMEx_MasterConfigSynchronization
 .text.HAL_TIMEx_CommutCallback
                0x08008650       0x12 ./Drivers/STM32WLxx_HAL_Driver/stm32wlxx_hal_tim_ex.o
                0x08008650                HAL_TIMEx_CommutCallback
 .text.HAL_TIMEx_BreakCallback
                0x08008662       0x12 ./Drivers/STM32WLxx_HAL_Driver/stm32wlxx_hal_tim_ex.o
                0x08008662                HAL_TIMEx_BreakCallback
 .text.HAL_TIMEx_Break2Callback
                0x08008674       0x12 ./Drivers/STM32WLxx_HAL_Driver/stm32wlxx_hal_tim_ex.o
                0x08008674                HAL_TIMEx_Break2Callback
 .text.LL_RCC_GetUSARTClockSource
                0x08008686       0x24 ./Drivers/STM32WLxx_HAL_Driver/stm32wlxx_hal_uart.o
 .text.LL_RCC_GetLPUARTClockSource
                0x080086aa       0x1e ./Drivers/STM32WLxx_HAL_Driver/stm32wlxx_hal_uart.o
 .text.HAL_UART_Init
                0x080086c8       0xa0 ./Drivers/STM32WLxx_HAL_Driver/stm32wlxx_hal_uart.o
                0x080086c8                HAL_UART_Init
 .text.HAL_UART_DeInit
                0x08008768       0x7e ./Drivers/STM32WLxx_HAL_Driver/stm32wlxx_hal_uart.o
                0x08008768                HAL_UART_DeInit
 .text.HAL_UART_Transmit
                0x080087e6      0x132 ./Drivers/STM32WLxx_HAL_Driver/stm32wlxx_hal_uart.o
                0x080087e6                HAL_UART_Transmit
 .text.HAL_UART_Receive
                0x08008918      0x1a0 ./Drivers/STM32WLxx_HAL_Driver/stm32wlxx_hal_uart.o
                0x08008918                HAL_UART_Receive
 .text.HAL_UART_Receive_IT
                0x08008ab8       0x98 ./Drivers/STM32WLxx_HAL_Driver/stm32wlxx_hal_uart.o
                0x08008ab8                HAL_UART_Receive_IT
 .text.HAL_UART_IRQHandler
                0x08008b50      0x684 ./Drivers/STM32WLxx_HAL_Driver/stm32wlxx_hal_uart.o
                0x08008b50                HAL_UART_IRQHandler
 .text.HAL_UART_TxCpltCallback
                0x080091d4       0x12 ./Drivers/STM32WLxx_HAL_Driver/stm32wlxx_hal_uart.o
                0x080091d4                HAL_UART_TxCpltCallback
 .text.HAL_UARTEx_RxEventCallback
                0x080091e6       0x16 ./Drivers/STM32WLxx_HAL_Driver/stm32wlxx_hal_uart.o
                0x080091e6                HAL_UARTEx_RxEventCallback
 .text.UART_SetConfig
                0x080091fc      0x4e8 ./Drivers/STM32WLxx_HAL_Driver/stm32wlxx_hal_uart.o
                0x080091fc                UART_SetConfig
 .text.UART_AdvFeatureConfig
                0x080096e4      0x142 ./Drivers/STM32WLxx_HAL_Driver/stm32wlxx_hal_uart.o
                0x080096e4                UART_AdvFeatureConfig
 .text.UART_CheckIdleState
                0x08009826      0x154 ./Drivers/STM32WLxx_HAL_Driver/stm32wlxx_hal_uart.o
                0x08009826                UART_CheckIdleState
 .text.UART_WaitOnFlagUntilTimeout
                0x0800997a       0xda ./Drivers/STM32WLxx_HAL_Driver/stm32wlxx_hal_uart.o
                0x0800997a                UART_WaitOnFlagUntilTimeout
 .text.UART_Start_Receive_IT
                0x08009a54      0x240 ./Drivers/STM32WLxx_HAL_Driver/stm32wlxx_hal_uart.o
                0x08009a54                UART_Start_Receive_IT
 .text.UART_EndRxTransfer
                0x08009c94       0xca ./Drivers/STM32WLxx_HAL_Driver/stm32wlxx_hal_uart.o
 .text.UART_DMAAbortOnError
                0x08009d5e       0x1c ./Drivers/STM32WLxx_HAL_Driver/stm32wlxx_hal_uart.o
 .text.UART_EndTransmit_IT
                0x08009d7a       0x56 ./Drivers/STM32WLxx_HAL_Driver/stm32wlxx_hal_uart.o
 .text.UART_RxISR_8BIT
                0x08009dd0      0x1b8 ./Drivers/STM32WLxx_HAL_Driver/stm32wlxx_hal_uart.o
 .text.UART_RxISR_16BIT
                0x08009f88      0x1b8 ./Drivers/STM32WLxx_HAL_Driver/stm32wlxx_hal_uart.o
 .text.UART_RxISR_8BIT_FIFOEN
                0x0800a140      0x364 ./Drivers/STM32WLxx_HAL_Driver/stm32wlxx_hal_uart.o
 .text.UART_RxISR_16BIT_FIFOEN
                0x0800a4a4      0x36c ./Drivers/STM32WLxx_HAL_Driver/stm32wlxx_hal_uart.o
 .text.HAL_UARTEx_WakeupCallback
                0x0800a810       0x12 ./Drivers/STM32WLxx_HAL_Driver/stm32wlxx_hal_uart_ex.o
                0x0800a810                HAL_UARTEx_WakeupCallback
 .text.HAL_UARTEx_RxFifoFullCallback
                0x0800a822       0x12 ./Drivers/STM32WLxx_HAL_Driver/stm32wlxx_hal_uart_ex.o
                0x0800a822                HAL_UARTEx_RxFifoFullCallback
 .text.HAL_UARTEx_TxFifoEmptyCallback
                0x0800a834       0x12 ./Drivers/STM32WLxx_HAL_Driver/stm32wlxx_hal_uart_ex.o
                0x0800a834                HAL_UARTEx_TxFifoEmptyCallback
 .text.HAL_UARTEx_DisableFifoMode
                0x0800a846       0x70 ./Drivers/STM32WLxx_HAL_Driver/stm32wlxx_hal_uart_ex.o
                0x0800a846                HAL_UARTEx_DisableFifoMode
 .text.HAL_UARTEx_SetTxFifoThreshold
                0x0800a8b6       0x7c ./Drivers/STM32WLxx_HAL_Driver/stm32wlxx_hal_uart_ex.o
                0x0800a8b6                HAL_UARTEx_SetTxFifoThreshold
 .text.HAL_UARTEx_SetRxFifoThreshold
                0x0800a932       0x7c ./Drivers/STM32WLxx_HAL_Driver/stm32wlxx_hal_uart_ex.o
                0x0800a932                HAL_UARTEx_SetRxFifoThreshold
 *fill*         0x0800a9ae        0x2 
 .text.UARTEx_SetNbDataToProcess
                0x0800a9b0       0x98 ./Drivers/STM32WLxx_HAL_Driver/stm32wlxx_hal_uart_ex.o
 .text.atol     0x0800aa48        0x8 /opt/st/stm32cubeide_2.1.0/plugins/com.st.stm32cube.ide.mcu.externaltools.gnu-tools-for-stm32.14.3.rel1.linux64_1.0.100.202602081740/tools/bin/../lib/gcc/arm-none-eabi/14.3.1/../../../../arm-none-eabi/lib/thumb/v7e-m/nofp/libc_nano.a(libc_a-atol.o)
                0x0800aa48                atol
 .text._strtol_l.isra.0
                0x0800aa50       0xf4 /opt/st/stm32cubeide_2.1.0/plugins/com.st.stm32cube.ide.mcu.externaltools.gnu-tools-for-stm32.14.3.rel1.linux64_1.0.100.202602081740/tools/bin/../lib/gcc/arm-none-eabi/14.3.1/../../../../arm-none-eabi/lib/thumb/v7e-m/nofp/libc_nano.a(libc_a-strtol.o)
 .text.strtol   0x0800ab44       0x14 /opt/st/stm32cubeide_2.1.0/plugins/com.st.stm32cube.ide.mcu.externaltools.gnu-tools-for-stm32.14.3.rel1.linux64_1.0.100.202602081740/tools/bin/../lib/gcc/arm-none-eabi/14.3.1/../../../../arm-none-eabi/lib/thumb/v7e-m/nofp/libc_nano.a(libc_a-strtol.o)
                0x0800ab44                strtol
 .text.snprintf
                0x0800ab58       0x6c /opt/st/stm32cubeide_2.1.0/plugins/com.st.stm32cube.ide.mcu.externaltools.gnu-tools-for-stm32.14.3.rel1.linux64_1.0.100.202602081740/tools/bin/../lib/gcc/arm-none-eabi/14.3.1/../../../../arm-none-eabi/lib/thumb/v7e-m/nofp/libc_nano.a(libc_a-snprintf.o)
                0x0800ab58                snprintf
                0x0800ab58                sniprintf
 .text.memset   0x0800abc4       0x10 /opt/st/stm32cubeide_2.1.0/plugins/com.st.stm32cube.ide.mcu.externaltools.gnu-tools-for-stm32.14.3.rel1.linux64_1.0.100.202602081740/tools/bin/../lib/gcc/arm-none-eabi/14.3.1/../../../../arm-none-eabi/lib/thumb/v7e-m/nofp/libc_nano.a(libc_a-memset.o)
                0x0800abc4                memset
 .text.strstr   0x0800abd4       0x2c /opt/st/stm32cubeide_2.1.0/plugins/com.st.stm32cube.ide.mcu.externaltools.gnu-tools-for-stm32.14.3.rel1.linux64_1.0.100.202602081740/tools/bin/../lib/gcc/arm-none-eabi/14.3.1/../../../../arm-none-eabi/lib/thumb/v7e-m/nofp/libc_nano.a(libc_a-strstr.o)
                0x0800abd4                strstr
 .text.__errno  0x0800ac00        0xc /opt/st/stm32cubeide_2.1.0/plugins/com.st.stm32cube.ide.mcu.externaltools.gnu-tools-for-stm32.14.3.rel1.linux64_1.0.100.202602081740/tools/bin/../lib/gcc/arm-none-eabi/14.3.1/../../../../arm-none-eabi/lib/thumb/v7e-m/nofp/libc_nano.a(libc_a-errno.o)
                0x0800ac00                __errno
 .text.__libc_init_array
                0x0800ac0c       0x48 /opt/st/stm32cubeide_2.1.0/plugins/com.st.stm32cube.ide.mcu.externaltools.gnu-tools-for-stm32.14.3.rel1.linux64_1.0.100.202602081740/tools/bin/../lib/gcc/arm-none-eabi/14.3.1/../../../../arm-none-eabi/lib/thumb/v7e-m/nofp/libc_nano.a(libc_a-init.o)
                0x0800ac0c                __libc_init_array
 .text.__retarget_lock_acquire_recursive
                0x0800ac54        0x2 /opt/st/stm32cubeide_2.1.0/plugins/com.st.stm32cube.ide.mcu.externaltools.gnu-tools-for-stm32.14.3.rel1.linux64_1.0.100.202602081740/tools/bin/../lib/gcc/arm-none-eabi/14.3.1/../../../../arm-none-eabi/lib/thumb/v7e-m/nofp/libc_nano.a(libc_a-lock.o)
                0x0800ac54                __retarget_lock_acquire_recursive
 .text.__retarget_lock_release_recursive
                0x0800ac56        0x2 /opt/st/stm32cubeide_2.1.0/plugins/com.st.stm32cube.ide.mcu.externaltools.gnu-tools-for-stm32.14.3.rel1.linux64_1.0.100.202602081740/tools/bin/../lib/gcc/arm-none-eabi/14.3.1/../../../../arm-none-eabi/lib/thumb/v7e-m/nofp/libc_nano.a(libc_a-lock.o)
                0x0800ac56                __retarget_lock_release_recursive
 .text.memcpy   0x0800ac58       0x1c /opt/st/stm32cubeide_2.1.0/plugins/com.st.stm32cube.ide.mcu.externaltools.gnu-tools-for-stm32.14.3.rel1.linux64_1.0.100.202602081740/tools/bin/../lib/gcc/arm-none-eabi/14.3.1/../../../../arm-none-eabi/lib/thumb/v7e-m/nofp/libc_nano.a(libc_a-memcpy-stub.o)
                0x0800ac58                memcpy
 .text._free_r  0x0800ac74       0x94 /opt/st/stm32cubeide_2.1.0/plugins/com.st.stm32cube.ide.mcu.externaltools.gnu-tools-for-stm32.14.3.rel1.linux64_1.0.100.202602081740/tools/bin/../lib/gcc/arm-none-eabi/14.3.1/../../../../arm-none-eabi/lib/thumb/v7e-m/nofp/libc_nano.a(libc_a-freer.o)
                0x0800ac74                _free_r
 .text.sbrk_aligned
                0x0800ad08       0x44 /opt/st/stm32cubeide_2.1.0/plugins/com.st.stm32cube.ide.mcu.externaltools.gnu-tools-for-stm32.14.3.rel1.linux64_1.0.100.202602081740/tools/bin/../lib/gcc/arm-none-eabi/14.3.1/../../../../arm-none-eabi/lib/thumb/v7e-m/nofp/libc_nano.a(libc_a-mallocr.o)
 .text._malloc_r
                0x0800ad4c      0x100 /opt/st/stm32cubeide_2.1.0/plugins/com.st.stm32cube.ide.mcu.externaltools.gnu-tools-for-stm32.14.3.rel1.linux64_1.0.100.202602081740/tools/bin/../lib/gcc/arm-none-eabi/14.3.1/../../../../arm-none-eabi/lib/thumb/v7e-m/nofp/libc_nano.a(libc_a-mallocr.o)
                0x0800ad4c                _malloc_r
 .text.__malloc_lock
                0x0800ae4c        0xc /opt/st/stm32cubeide_2.1.0/plugins/com.st.stm32cube.ide.mcu.externaltools.gnu-tools-for-stm32.14.3.rel1.linux64_1.0.100.202602081740/tools/bin/../lib/gcc/arm-none-eabi/14.3.1/../../../../arm-none-eabi/lib/thumb/v7e-m/nofp/libc_nano.a(libc_a-mlock.o)
                0x0800ae4c                __malloc_lock
 .text.__malloc_unlock
                0x0800ae58        0xc /opt/st/stm32cubeide_2.1.0/plugins/com.st.stm32cube.ide.mcu.externaltools.gnu-tools-for-stm32.14.3.rel1.linux64_1.0.100.202602081740/tools/bin/../lib/gcc/arm-none-eabi/14.3.1/../../../../arm-none-eabi/lib/thumb/v7e-m/nofp/libc_nano.a(libc_a-mlock.o)
                0x0800ae58                __malloc_unlock
 .text.__ssputs_r
                0x0800ae64       0xc0 /opt/st/stm32cubeide_2.1.0/plugins/com.st.stm32cube.ide.mcu.externaltools.gnu-tools-for-stm32.14.3.rel1.linux64_1.0.100.202602081740/tools/bin/../lib/gcc/arm-none-eabi/14.3.1/../../../../arm-none-eabi/lib/thumb/v7e-m/nofp/libc_nano.a(libc_a-nano-svfprintf.o)
                0x0800ae64                __ssputs_r
 .text._svfprintf_r
                0x0800af24      0x1f0 /opt/st/stm32cubeide_2.1.0/plugins/com.st.stm32cube.ide.mcu.externaltools.gnu-tools-for-stm32.14.3.rel1.linux64_1.0.100.202602081740/tools/bin/../lib/gcc/arm-none-eabi/14.3.1/../../../../arm-none-eabi/lib/thumb/v7e-m/nofp/libc_nano.a(libc_a-nano-svfprintf.o)
                0x0800af24                _svfprintf_r
                0x0800af24                _svfiprintf_r
 .text._printf_common
                0x0800b114       0xda /opt/st/stm32cubeide_2.1.0/plugins/com.st.stm32cube.ide.mcu.externaltools.gnu-tools-for-stm32.14.3.rel1.linux64_1.0.100.202602081740/tools/bin/../lib/gcc/arm-none-eabi/14.3.1/../../../../arm-none-eabi/lib/thumb/v7e-m/nofp/libc_nano.a(libc_a-nano-vfprintf_i.o)
                0x0800b114                _printf_common
 *fill*         0x0800b1ee        0x2 
 .text._printf_i
                0x0800b1f0      0x24c /opt/st/stm32cubeide_2.1.0/plugins/com.st.stm32cube.ide.mcu.externaltools.gnu-tools-for-stm32.14.3.rel1.linux64_1.0.100.202602081740/tools/bin/../lib/gcc/arm-none-eabi/14.3.1/../../../../arm-none-eabi/lib/thumb/v7e-m/nofp/libc_nano.a(libc_a-nano-vfprintf_i.o)
                0x0800b1f0                _printf_i
 .text.memmove  0x0800b43c       0x32 /opt/st/stm32cubeide_2.1.0/plugins/com.st.stm32cube.ide.mcu.externaltools.gnu-tools-for-stm32.14.3.rel1.linux64_1.0.100.202602081740/tools/bin/../lib/gcc/arm-none-eabi/14.3.1/../../../../arm-none-eabi/lib/thumb/v7e-m/nofp/libc_nano.a(libc_a-memmove.o)
                0x0800b43c                memmove
 *fill*         0x0800b46e        0x2 
 .text._sbrk_r  0x0800b470       0x20 /opt/st/stm32cubeide_2.1.0/plugins/com.st.stm32cube.ide.mcu.externaltools.gnu-tools-for-stm32.14.3.rel1.linux64_1.0.100.202602081740/tools/bin/../lib/gcc/arm-none-eabi/14.3.1/../../../../arm-none-eabi/lib/thumb/v7e-m/nofp/libc_nano.a(libc_a-sbrkr.o)
                0x0800b470                _sbrk_r
 .text._realloc_r
                0x0800b490       0x5c /opt/st/stm32cubeide_2.1.0/plugins/com.st.stm32cube.ide.mcu.externaltools.gnu-tools-for-stm32.14.3.rel1.linux64_1.0.100.202602081740/tools/bin/../lib/gcc/arm-none-eabi/14.3.1/../../../../arm-none-eabi/lib/thumb/v7e-m/nofp/libc_nano.a(libc_a-reallocr.o)
                0x0800b490                _realloc_r
 .text._malloc_usable_size_r
                0x0800b4ec       0x10 /opt/st/stm32cubeide_2.1.0/plugins/com.st.stm32cube.ide.mcu.externaltools.gnu-tools-for-stm32.14.3.rel1.linux64_1.0.100.202602081740/tools/bin/../lib/gcc/arm-none-eabi/14.3.1/../../../../arm-none-eabi/lib/thumb/v7e-m/nofp/libc_nano.a(libc_a-msizer.o)
                0x0800b4ec                _malloc_usable_size_r
 .text.sinf     0x0800b4fc       0x68 /opt/st/stm32cubeide_2.1.0/plugins/com.st.stm32cube.ide.mcu.externaltools.gnu-tools-for-stm32.14.3.rel1.linux64_1.0.100.202602081740/tools/bin/../lib/gcc/arm-none-eabi/14.3.1/../../../../arm-none-eabi/lib/thumb/v7e-m/nofp/libm.a(libm_a-sf_sin.o)
                0x0800b4fc                sinf
 .text.__kernel_cosf
                0x0800b564      0x188 /opt/st/stm32cubeide_2.1.0/plugins/com.st.stm32cube.ide.mcu.externaltools.gnu-tools-for-stm32.14.3.rel1.linux64_1.0.100.202602081740/tools/bin/../lib/gcc/arm-none-eabi/14.3.1/../../../../arm-none-eabi/lib/thumb/v7e-m/nofp/libm.a(libm_a-kf_cos.o)
                0x0800b564                __kernel_cosf
 .text.__kernel_sinf
                0x0800b6ec       0xec /opt/st/stm32cubeide_2.1.0/plugins/com.st.stm32cube.ide.mcu.externaltools.gnu-tools-for-stm32.14.3.rel1.linux64_1.0.100.202602081740/tools/bin/../lib/gcc/arm-none-eabi/14.3.1/../../../../arm-none-eabi/lib/thumb/v7e-m/nofp/libm.a(libm_a-kf_sin.o)
                0x0800b6ec                __kernel_sinf
 .text.__ieee754_rem_pio2f
                0x0800b7d8      0x2dc /opt/st/stm32cubeide_2.1.0/plugins/com.st.stm32cube.ide.mcu.externaltools.gnu-tools-for-stm32.14.3.rel1.linux64_1.0.100.202602081740/tools/bin/../lib/gcc/arm-none-eabi/14.3.1/../../../../arm-none-eabi/lib/thumb/v7e-m/nofp/libm.a(libm_a-ef_rem_pio2.o)
                0x0800b7d8                __ieee754_rem_pio2f
 .text.fabsf    0x0800bab4        0x8 /opt/st/stm32cubeide_2.1.0/plugins/com.st.stm32cube.ide.mcu.externaltools.gnu-tools-for-stm32.14.3.rel1.linux64_1.0.100.202602081740/tools/bin/../lib/gcc/arm-none-eabi/14.3.1/../../../../arm-none-eabi/lib/thumb/v7e-m/nofp/libm.a(libm_a-sf_fabs.o)
                0x0800bab4                fabsf
 .text.__kernel_rem_pio2f
                0x0800babc      0x764 /opt/st/stm32cubeide_2.1.0/plugins/com.st.stm32cube.ide.mcu.externaltools.gnu-tools-for-stm32.14.3.rel1.linux64_1.0.100.202602081740/tools/bin/../lib/gcc/arm-none-eabi/14.3.1/../../../../arm-none-eabi/lib/thumb/v7e-m/nofp/libm.a(libm_a-kf_rem_pio2.o)
                0x0800babc                __kernel_rem_pio2f
 .text.scalbnf  0x0800c220       0xb0 /opt/st/stm32cubeide_2.1.0/plugins/com.st.stm32cube.ide.mcu.externaltools.gnu-tools-for-stm32.14.3.rel1.linux64_1.0.100.202602081740/tools/bin/../lib/gcc/arm-none-eabi/14.3.1/../../../../arm-none-eabi/lib/thumb/v7e-m/nofp/libm.a(libm_a-sf_scalbn.o)
                0x0800c220                scalbnf
 .text.floorf   0x0800c2d0       0x8c /opt/st/stm32cubeide_2.1.0/plugins/com.st.stm32cube.ide.mcu.externaltools.gnu-tools-for-stm32.14.3.rel1.linux64_1.0.100.202602081740/tools/bin/../lib/gcc/arm-none-eabi/14.3.1/../../../../arm-none-eabi/lib/thumb/v7e-m/nofp/libm.a(libm_a-sf_floor.o)
                0x0800c2d0                floorf
 *(.glue_7)
 .glue_7        0x0800c35c        0x0 linker stubs
 *(.glue_7t)
 .glue_7t       0x0800c35c        0x0 linker stubs
 *(.eh_frame)
 .eh_frame      0x0800c35c        0x0 /opt/st/stm32cubeide_2.1.0/plugins/com.st.stm32cube.ide.mcu.externaltools.gnu-tools-for-stm32.14.3.rel1.linux64_1.0.100.202602081740/tools/bin/../lib/gcc/arm-none-eabi/14.3.1/thumb/v7e-m/nofp/crtbegin.o
 *(.init)
 .init          0x0800c35c        0x4 /opt/st/stm32cubeide_2.1.0/plugins/com.st.stm32cube.ide.mcu.externaltools.gnu-tools-for-stm32.14.3.rel1.linux64_1.0.100.202602081740/tools/bin/../lib/gcc/arm-none-eabi/14.3.1/thumb/v7e-m/nofp/crti.o
                0x0800c35c                _init
 .init          0x0800c360        0x8 /opt/st/stm32cubeide_2.1.0/plugins/com.st.stm32cube.ide.mcu.externaltools.gnu-tools-for-stm32.14.3.rel1.linux64_1.0.100.202602081740/tools/bin/../lib/gcc/arm-none-eabi/14.3.1/thumb/v7e-m/nofp/crtn.o
 *(.fini)
 .fini          0x0800c368        0x4 /opt/st/stm32cubeide_2.1.0/plugins/com.st.stm32cube.ide.mcu.externaltools.gnu-tools-for-stm32.14.3.rel1.linux64_1.0.100.202602081740/tools/bin/../lib/gcc/arm-none-eabi/14.3.1/thumb/v7e-m/nofp/crti.o
                0x0800c368                _fini
 .fini          0x0800c36c        0x8 /opt/st/stm32cubeide_2.1.0/plugins/com.st.stm32cube.ide.mcu.externaltools.gnu-tools-for-stm32.14.3.rel1.linux64_1.0.100.202602081740/tools/bin/../lib/gcc/arm-none-eabi/14.3.1/thumb/v7e-m/nofp/crtn.o
                0x0800c374                        . = ALIGN (0x4)
                0x0800c374                        _etext = .

.vfp11_veneer   0x0800c374        0x0
 .vfp11_veneer  0x0800c374        0x0 linker stubs

.v4_bx          0x0800c374        0x0
 .v4_bx         0x0800c374        0x0 linker stubs

.iplt           0x0800c374        0x0
 .iplt          0x0800c374        0x0 /opt/st/stm32cubeide_2.1.0/plugins/com.st.stm32cube.ide.mcu.externaltools.gnu-tools-for-stm32.14.3.rel1.linux64_1.0.100.202602081740/tools/bin/../lib/gcc/arm-none-eabi/14.3.1/thumb/v7e-m/nofp/crtbegin.o

.rodata         0x0800c374      0x758
                0x0800c374                        . = ALIGN (0x4)
 *(.rodata)
 .rodata        0x0800c374       0x5a ./Core/Src/app.o
 *fill*         0x0800c3ce        0x2 
 .rodata        0x0800c3d0       0x1e ./Core/Src/ax25.o
 *fill*         0x0800c3ee        0x2 
 .rodata        0x0800c3f0       0xa8 ./Core/Src/dra818.o
 .rodata        0x0800c498        0xc ./Core/Src/tinygps.o
 .rodata        0x0800c4a4       0x1c ./Drivers/STM32WLxx_HAL_Driver/stm32wlxx_hal_rcc.o
 *(.rodata*)
 .rodata.c1200I
                0x0800c4c0       0x10 ./Core/Src/afsk.o
 .rodata.c1200Q
                0x0800c4d0       0x10 ./Core/Src/afsk.o
 .rodata.c2200I
                0x0800c4e0       0x10 ./Core/Src/afsk.o
 .rodata.c2200Q
                0x0800c4f0       0x10 ./Core/Src/afsk.o
 .rodata.AHBPrescTable
                0x0800c500       0x40 ./Core/Src/system_stm32wlxx.o
                0x0800c500                AHBPrescTable
 .rodata.APBPrescTable
                0x0800c540       0x20 ./Core/Src/system_stm32wlxx.o
                0x0800c540                APBPrescTable
 .rodata.MSIRangeTable
                0x0800c560       0x40 ./Core/Src/system_stm32wlxx.o
                0x0800c560                MSIRangeTable
 .rodata.UARTPrescTable
                0x0800c5a0       0x18 ./Drivers/STM32WLxx_HAL_Driver/stm32wlxx_hal_uart.o
                0x0800c5a0                UARTPrescTable
 .rodata.numerator.1
                0x0800c5b8        0x8 ./Drivers/STM32WLxx_HAL_Driver/stm32wlxx_hal_uart_ex.o
 .rodata.denominator.0
                0x0800c5c0        0x8 ./Drivers/STM32WLxx_HAL_Driver/stm32wlxx_hal_uart_ex.o
 .rodata._ctype_
                0x0800c5c8      0x101 /opt/st/stm32cubeide_2.1.0/plugins/com.st.stm32cube.ide.mcu.externaltools.gnu-tools-for-stm32.14.3.rel1.linux64_1.0.100.202602081740/tools/bin/../lib/gcc/arm-none-eabi/14.3.1/../../../../arm-none-eabi/lib/thumb/v7e-m/nofp/libc_nano.a(libc_a-ctype_.o)
                0x0800c5c8                _ctype_
 .rodata._svfprintf_r.str1.1
                0x0800c6c9       0x33 /opt/st/stm32cubeide_2.1.0/plugins/com.st.stm32cube.ide.mcu.externaltools.gnu-tools-for-stm32.14.3.rel1.linux64_1.0.100.202602081740/tools/bin/../lib/gcc/arm-none-eabi/14.3.1/../../../../arm-none-eabi/lib/thumb/v7e-m/nofp/libc_nano.a(libc_a-nano-svfprintf.o)
                                 0x11 (size before relaxing)
 .rodata._printf_i.str1.1
                0x0800c6fc       0x22 /opt/st/stm32cubeide_2.1.0/plugins/com.st.stm32cube.ide.mcu.externaltools.gnu-tools-for-stm32.14.3.rel1.linux64_1.0.100.202602081740/tools/bin/../lib/gcc/arm-none-eabi/14.3.1/../../../../arm-none-eabi/lib/thumb/v7e-m/nofp/libc_nano.a(libc_a-nano-vfprintf_i.o)
 .rodata.npio2_hw
                0x0800c6fc       0x80 /opt/st/stm32cubeide_2.1.0/plugins/com.st.stm32cube.ide.mcu.externaltools.gnu-tools-for-stm32.14.3.rel1.linux64_1.0.100.202602081740/tools/bin/../lib/gcc/arm-none-eabi/14.3.1/../../../../arm-none-eabi/lib/thumb/v7e-m/nofp/libm.a(libm_a-ef_rem_pio2.o)
 .rodata.two_over_pi
                0x0800c77c      0x318 /opt/st/stm32cubeide_2.1.0/plugins/com.st.stm32cube.ide.mcu.externaltools.gnu-tools-for-stm32.14.3.rel1.linux64_1.0.100.202602081740/tools/bin/../lib/gcc/arm-none-eabi/14.3.1/../../../../arm-none-eabi/lib/thumb/v7e-m/nofp/libm.a(libm_a-ef_rem_pio2.o)
 .rodata.PIo2   0x0800ca94       0x2c /opt/st/stm32cubeide_2.1.0/plugins/com.st.stm32cube.ide.mcu.externaltools.gnu-tools-for-stm32.14.3.rel1.linux64_1.0.100.202602081740/tools/bin/../lib/gcc/arm-none-eabi/14.3.1/../../../../arm-none-eabi/lib/thumb/v7e-m/nofp/libm.a(libm_a-kf_rem_pio2.o)
 .rodata.init_jk
                0x0800cac0        0xc /opt/st/stm32cubeide_2.1.0/plugins/com.st.stm32cube.ide.mcu.externaltools.gnu-tools-for-stm32.14.3.rel1.linux64_1.0.100.202602081740/tools/bin/../lib/gcc/arm-none-eabi/14.3.1/../../../../arm-none-eabi/lib/thumb/v7e-m/nofp/libm.a(libm_a-kf_rem_pio2.o)
                0x0800cacc                        . = ALIGN (0x4)

.ARM.extab      0x0800cacc        0x0
                0x0800cacc                        . = ALIGN (0x4)
 *(.ARM.extab* .gnu.linkonce.armextab.*)
                0x0800cacc                        . = ALIGN (0x4)

.ARM            0x0800cacc        0x8
                0x0800cacc                        . = ALIGN (0x4)
                0x0800cacc                        __exidx_start = .
 *(.ARM.exidx*)
 .ARM.exidx     0x0800cacc        0x8 /opt/st/stm32cubeide_2.1.0/plugins/com.st.stm32cube.ide.mcu.externaltools.gnu-tools-for-stm32.14.3.rel1.linux64_1.0.100.202602081740/tools/bin/../lib/gcc/arm-none-eabi/14.3.1/../../../../arm-none-eabi/lib/thumb/v7e-m/nofp/libc_nano.a(libc_a-strcmp.o)
 .ARM.exidx     0x0800cad4        0x0 /opt/st/stm32cubeide_2.1.0/plugins/com.st.stm32cube.ide.mcu.externaltools.gnu-tools-for-stm32.14.3.rel1.linux64_1.0.100.202602081740/tools/bin/../lib/gcc/arm-none-eabi/14.3.1/../../../../arm-none-eabi/lib/thumb/v7e-m/nofp/libc_nano.a(libc_a-strlen.o)
                                  0x8 (size before relaxing)
 .ARM.exidx     0x0800cad4        0x0 /opt/st/stm32cubeide_2.1.0/plugins/com.st.stm32cube.ide.mcu.externaltools.gnu-tools-for-stm32.14.3.rel1.linux64_1.0.100.202602081740/tools/bin/../lib/gcc/arm-none-eabi/14.3.1/../../../../arm-none-eabi/lib/thumb/v7e-m/nofp/libc_nano.a(libc_a-memchr.o)
                                  0x8 (size before relaxing)
 .ARM.exidx     0x0800cad4        0x0 /opt/st/stm32cubeide_2.1.0/plugins/com.st.stm32cube.ide.mcu.externaltools.gnu-tools-for-stm32.14.3.rel1.linux64_1.0.100.202602081740/tools/bin/../lib/gcc/arm-none-eabi/14.3.1/thumb/v7e-m/nofp/libgcc.a(_udivmoddi4.o)
                                  0x8 (size before relaxing)
                0x0800cad4                        __exidx_end = .
                0x0800cad4                        . = ALIGN (0x4)

.preinit_array  0x0800cad4        0x0
                0x0800cad4                        . = ALIGN (0x4)
                0x0800cad4                        PROVIDE (__preinit_array_start = .)
 *(.preinit_array*)
                0x0800cad4                        PROVIDE (__preinit_array_end = .)
                0x0800cad4                        . = ALIGN (0x4)

.init_array     0x0800cad4        0x4
                0x0800cad4                        . = ALIGN (0x4)
                0x0800cad4                        PROVIDE (__init_array_start = .)
 *(SORT_BY_NAME(.init_array.*))
 *(.init_array*)
 .init_array    0x0800cad4        0x4 /opt/st/stm32cubeide_2.1.0/plugins/com.st.stm32cube.ide.mcu.externaltools.gnu-tools-for-stm32.14.3.rel1.linux64_1.0.100.202602081740/tools/bin/../lib/gcc/arm-none-eabi/14.3.1/thumb/v7e-m/nofp/crtbegin.o
                0x0800cad8                        PROVIDE (__init_array_end = .)
                0x0800cad8                        . = ALIGN (0x4)

.fini_array     0x0800cad8        0x4
                0x0800cad8                        . = ALIGN (0x4)
                [!provide]                        PROVIDE (__fini_array_start = .)
 *(SORT_BY_NAME(.fini_array.*))
 *(.fini_array*)
 .fini_array    0x0800cad8        0x4 /opt/st/stm32cubeide_2.1.0/plugins/com.st.stm32cube.ide.mcu.externaltools.gnu-tools-for-stm32.14.3.rel1.linux64_1.0.100.202602081740/tools/bin/../lib/gcc/arm-none-eabi/14.3.1/thumb/v7e-m/nofp/crtbegin.o
                [!provide]                        PROVIDE (__fini_array_end = .)
                0x0800cadc                        . = ALIGN (0x4)
                0x0800cadc                        _sidata = LOADADDR (.data)

.rel.dyn        0x0800cadc        0x0
 .rel.iplt      0x0800cadc        0x0 /opt/st/stm32cubeide_2.1.0/plugins/com.st.stm32cube.ide.mcu.externaltools.gnu-tools-for-stm32.14.3.rel1.linux64_1.0.100.202602081740/tools/bin/../lib/gcc/arm-none-eabi/14.3.1/thumb/v7e-m/nofp/crtbegin.o

.data           0x20000000       0x6c load address 0x0800cadc
                0x20000000                        . = ALIGN (0x4)
                0x20000000                        _sdata = .
 *(.data)
 *(.data*)
 .data.txPhaseInc
                0x20000000        0x2 ./Core/Src/afsk.o
 .data.rxFirstSym
                0x20000002        0x1 ./Core/Src/afsk.o
 *fill*         0x20000003        0x1 
 .data.s_handshakeResult
                0x20000004        0x4 ./Core/Src/app.o
 .data.s_initStatus
                0x20000008        0x4 ./Core/Src/dra818.o
 .data.g_draLastResult
                0x2000000c        0x4 ./Core/Src/dra818.o
                0x2000000c                g_draLastResult
 .data.SystemCoreClock
                0x20000010        0x4 ./Core/Src/system_stm32wlxx.o
                0x20000010                SystemCoreClock
 .data.uwTickPrio
                0x20000014        0x4 ./Drivers/STM32WLxx_HAL_Driver/stm32wlxx_hal.o
                0x20000014                uwTickPrio
 .data.uwTickFreq
                0x20000018        0x1 ./Drivers/STM32WLxx_HAL_Driver/stm32wlxx_hal.o
                0x20000018                uwTickFreq
 *fill*         0x20000019        0x3 
 .data._impure_ptr
                0x2000001c        0x4 /opt/st/stm32cubeide_2.1.0/plugins/com.st.stm32cube.ide.mcu.externaltools.gnu-tools-for-stm32.14.3.rel1.linux64_1.0.100.202602081740/tools/bin/../lib/gcc/arm-none-eabi/14.3.1/../../../../arm-none-eabi/lib/thumb/v7e-m/nofp/libc_nano.a(libc_a-impure.o)
                0x2000001c                _impure_ptr
 .data._impure_data
                0x20000020       0x4c /opt/st/stm32cubeide_2.1.0/plugins/com.st.stm32cube.ide.mcu.externaltools.gnu-tools-for-stm32.14.3.rel1.linux64_1.0.100.202602081740/tools/bin/../lib/gcc/arm-none-eabi/14.3.1/../../../../arm-none-eabi/lib/thumb/v7e-m/nofp/libc_nano.a(libc_a-impure.o)
                0x20000020                _impure_data
 *(.RamFunc)
 *(.RamFunc*)
                0x2000006c                        . = ALIGN (0x4)
                0x2000006c                        _edata = .

.igot.plt       0x2000006c        0x0 load address 0x0800cb48
 .igot.plt      0x2000006c        0x0 /opt/st/stm32cubeide_2.1.0/plugins/com.st.stm32cube.ide.mcu.externaltools.gnu-tools-for-stm32.14.3.rel1.linux64_1.0.100.202602081740/tools/bin/../lib/gcc/arm-none-eabi/14.3.1/thumb/v7e-m/nofp/crtbegin.o
                0x2000006c                        . = ALIGN (0x4)

.bss            0x2000006c      0x9d0 load address 0x0800cb48
                0x2000006c                        _sbss = .
                0x2000006c                        __bss_start__ = _sbss
 *(.bss)
 .bss           0x2000006c       0x1c /opt/st/stm32cubeide_2.1.0/plugins/com.st.stm32cube.ide.mcu.externaltools.gnu-tools-for-stm32.14.3.rel1.linux64_1.0.100.202602081740/tools/bin/../lib/gcc/arm-none-eabi/14.3.1/thumb/v7e-m/nofp/crtbegin.o
 *(.bss*)
 .bss.hadc      0x20000088       0x64 ./Core/Src/adc.o
                0x20000088                hadc
 .bss.sineTable
                0x200000ec      0x200 ./Core/Src/afsk.o
 .bss.txActive  0x200002ec        0x1 ./Core/Src/afsk.o
 .bss.txDone    0x200002ed        0x1 ./Core/Src/afsk.o
 *fill*         0x200002ee        0x2 
 .bss.txBits    0x200002f0        0x4 ./Core/Src/afsk.o
 .bss.txBitTotal
                0x200002f4        0x2 ./Core/Src/afsk.o
 .bss.txBitIdx  0x200002f6        0x2 ./Core/Src/afsk.o
 .bss.txPhaseAcc
                0x200002f8        0x2 ./Core/Src/afsk.o
 .bss.txNRZI    0x200002fa        0x1 ./Core/Src/afsk.o
 .bss.txSampleCnt
                0x200002fb        0x1 ./Core/Src/afsk.o
 .bss.rxSampleBuf
                0x200002fc       0x10 ./Core/Src/afsk.o
 .bss.rxBufIdx  0x2000030c        0x1 ./Core/Src/afsk.o
 .bss.rxSampleCnt
                0x2000030d        0x1 ./Core/Src/afsk.o
 .bss.rxPrevSym
                0x2000030e        0x1 ./Core/Src/afsk.o
 .bss.afsk_rx_bit_ready
                0x2000030f        0x1 ./Core/Src/afsk.o
                0x2000030f                afsk_rx_bit_ready
 .bss.afsk_rx_bit
                0x20000310        0x1 ./Core/Src/afsk.o
                0x20000310                afsk_rx_bit
 .bss.s_appState
                0x20000311        0x1 ./Core/Src/app.o
 *fill*         0x20000312        0x2 
 .bss.s_beaconTimer
                0x20000314        0x4 ./Core/Src/app.o
 .bss.s_stateTimer
                0x20000318        0x4 ./Core/Src/app.o
 .bss.s_spiStatusMsg
                0x2000031c        0x1 ./Core/Src/app.o
 .bss.s_dummyRx
                0x2000031d        0x1 ./Core/Src/app.o
 *fill*         0x2000031e        0x2 
 .bss.s_gps     0x20000320       0x58 ./Core/Src/app.o
 .bss.s_uartRxByte
                0x20000378        0x1 ./Core/Src/app.o
 *fill*         0x20000379        0x3 
 .bss.txBitBuf  0x2000037c      0x200 ./Core/Src/ax25.o
 .bss.txBitCount
                0x2000057c        0x2 ./Core/Src/ax25.o
 *fill*         0x2000057e        0x2 
 .bss.rxCallback
                0x20000580        0x4 ./Core/Src/ax25.o
 .bss.rxInFrame
                0x20000584        0x1 ./Core/Src/ax25.o
 .bss.rxOnesCount
                0x20000585        0x1 ./Core/Src/ax25.o
 .bss.rxShiftReg
                0x20000586        0x1 ./Core/Src/ax25.o
 .bss.rxBitCount
                0x20000587        0x1 ./Core/Src/ax25.o
 .bss.rxFrameBuf
                0x20000588      0x120 ./Core/Src/ax25.o
 .bss.rxFrameLen
                0x200006a8        0x2 ./Core/Src/ax25.o
 *fill*         0x200006aa        0x2 
 .bss.hdac      0x200006ac       0x14 ./Core/Src/dac.o
                0x200006ac                hdac
 .bss.g_draRxBuf
                0x200006c0       0x50 ./Core/Src/dra818.o
                0x200006c0                g_draRxBuf
 .bss.g_draRxLen
                0x20000710        0x4 ./Core/Src/dra818.o
                0x20000710                g_draRxLen
 .bss.hspi1     0x20000714       0x64 ./Core/Src/spi.o
                0x20000714                hspi1
 .bss.__sbrk_heap_end
                0x20000778        0x4 ./Core/Src/sysmem.o
 .bss.htim2     0x2000077c       0x4c ./Core/Src/tim.o
                0x2000077c                htim2
 .bss.huart1    0x200007c8       0x94 ./Core/Src/usart.o
                0x200007c8                huart1
 .bss.huart2    0x2000085c       0x94 ./Core/Src/usart.o
                0x2000085c                huart2
 .bss.uwTick    0x200008f0        0x4 ./Drivers/STM32WLxx_HAL_Driver/stm32wlxx_hal.o
                0x200008f0                uwTick
 .bss.__sf      0x200008f4      0x138 /opt/st/stm32cubeide_2.1.0/plugins/com.st.stm32cube.ide.mcu.externaltools.gnu-tools-for-stm32.14.3.rel1.linux64_1.0.100.202602081740/tools/bin/../lib/gcc/arm-none-eabi/14.3.1/../../../../arm-none-eabi/lib/thumb/v7e-m/nofp/libc_nano.a(libc_a-findfp.o)
                0x200008f4                __sf
 .bss.errno     0x20000a2c        0x4 /opt/st/stm32cubeide_2.1.0/plugins/com.st.stm32cube.ide.mcu.externaltools.gnu-tools-for-stm32.14.3.rel1.linux64_1.0.100.202602081740/tools/bin/../lib/gcc/arm-none-eabi/14.3.1/../../../../arm-none-eabi/lib/thumb/v7e-m/nofp/libc_nano.a(libc_a-reent.o)
                0x20000a2c                errno
 .bss.__lock___malloc_recursive_mutex
                0x20000a30        0x1 /opt/st/stm32cubeide_2.1.0/plugins/com.st.stm32cube.ide.mcu.externaltools.gnu-tools-for-stm32.14.3.rel1.linux64_1.0.100.202602081740/tools/bin/../lib/gcc/arm-none-eabi/14.3.1/../../../../arm-none-eabi/lib/thumb/v7e-m/nofp/libc_nano.a(libc_a-lock.o)
                0x20000a30                __lock___malloc_recursive_mutex
 *fill*         0x20000a31        0x3 
 .bss.__malloc_sbrk_start
                0x20000a34        0x4 /opt/st/stm32cubeide_2.1.0/plugins/com.st.stm32cube.ide.mcu.externaltools.gnu-tools-for-stm32.14.3.rel1.linux64_1.0.100.202602081740/tools/bin/../lib/gcc/arm-none-eabi/14.3.1/../../../../arm-none-eabi/lib/thumb/v7e-m/nofp/libc_nano.a(libc_a-mallocr.o)
                0x20000a34                __malloc_sbrk_start
 .bss.__malloc_free_list
                0x20000a38        0x4 /opt/st/stm32cubeide_2.1.0/plugins/com.st.stm32cube.ide.mcu.externaltools.gnu-tools-for-stm32.14.3.rel1.linux64_1.0.100.202602081740/tools/bin/../lib/gcc/arm-none-eabi/14.3.1/../../../../arm-none-eabi/lib/thumb/v7e-m/nofp/libc_nano.a(libc_a-mallocr.o)
                0x20000a38                __malloc_free_list
 *(COMMON)
                0x20000a3c                        . = ALIGN (0x4)
                0x20000a3c                        _ebss = .
                0x20000a3c                        __bss_end__ = _ebss

._user_heap_stack
                0x20000a3c      0x604 load address 0x0800cb48
                0x20000a40                        . = ALIGN (0x8)
 *fill*         0x20000a3c        0x4 
                [!provide]                        PROVIDE (end = .)
                0x20000a40                        PROVIDE (_end = .)
                0x20000c40                        . = (. + _Min_Heap_Size)
 *fill*         0x20000a40      0x200 
                0x20001040                        . = (. + _Min_Stack_Size)
 *fill*         0x20000c40      0x400 
                0x20001040                        . = ALIGN (0x8)

/DISCARD/
 libc.a(*)
 libm.a(*)
 libgcc.a(*)

.ARM.attributes
                0x00000000       0x2a
 *(.ARM.attributes)
 .ARM.attributes
                0x00000000       0x1e /opt/st/stm32cubeide_2.1.0/plugins/com.st.stm32cube.ide.mcu.externaltools.gnu-tools-for-stm32.14.3.rel1.linux64_1.0.100.202602081740/tools/bin/../lib/gcc/arm-none-eabi/14.3.1/thumb/v7e-m/nofp/crti.o
 .ARM.attributes
                0x0000001e       0x2e /opt/st/stm32cubeide_2.1.0/plugins/com.st.stm32cube.ide.mcu.externaltools.gnu-tools-for-stm32.14.3.rel1.linux64_1.0.100.202602081740/tools/bin/../lib/gcc/arm-none-eabi/14.3.1/thumb/v7e-m/nofp/crtbegin.o
 .ARM.attributes
                0x0000004c       0x2e ./Core/Src/adc.o
 .ARM.attributes
                0x0000007a       0x2e ./Core/Src/afsk.o
 .ARM.attributes
                0x000000a8       0x2e ./Core/Src/app.o
 .ARM.attributes
                0x000000d6       0x2e ./Core/Src/ax25.o
 .ARM.attributes
                0x00000104       0x2e ./Core/Src/dac.o
 .ARM.attributes
                0x00000132       0x2e ./Core/Src/dra818.o
 .ARM.attributes
                0x00000160       0x2e ./Core/Src/gpio.o
 .ARM.attributes
                0x0000018e       0x2e ./Core/Src/main.o
 .ARM.attributes
                0x000001bc       0x2e ./Core/Src/spi.o
 .ARM.attributes
                0x000001ea       0x2e ./Core/Src/stm32wlxx_hal_msp.o
 .ARM.attributes
                0x00000218       0x2e ./Core/Src/stm32wlxx_it.o
 .ARM.attributes
                0x00000246       0x2e ./Core/Src/sysmem.o
 .ARM.attributes
                0x00000274       0x2e ./Core/Src/system_stm32wlxx.o
 .ARM.attributes
                0x000002a2       0x2e ./Core/Src/tim.o
 .ARM.attributes
                0x000002d0       0x2e ./Core/Src/tinygps.o
 .ARM.attributes
                0x000002fe       0x2e ./Core/Src/usart.o
 .ARM.attributes
                0x0000032c       0x21 ./Core/Startup/startup_stm32wle5ccux.o
 .ARM.attributes
                0x0000034d       0x2e ./Drivers/STM32WLxx_HAL_Driver/stm32wlxx_hal.o
 .ARM.attributes
                0x0000037b       0x2e ./Drivers/STM32WLxx_HAL_Driver/stm32wlxx_hal_adc.o
 .ARM.attributes
                0x000003a9       0x2e ./Drivers/STM32WLxx_HAL_Driver/stm32wlxx_hal_adc_ex.o
 .ARM.attributes
                0x000003d7       0x2e ./Drivers/STM32WLxx_HAL_Driver/stm32wlxx_hal_cortex.o
 .ARM.attributes
                0x00000405       0x2e ./Drivers/STM32WLxx_HAL_Driver/stm32wlxx_hal_dac.o
 .ARM.attributes
                0x00000433       0x2e ./Drivers/STM32WLxx_HAL_Driver/stm32wlxx_hal_dma.o
 .ARM.attributes
                0x00000461       0x2e ./Drivers/STM32WLxx_HAL_Driver/stm32wlxx_hal_gpio.o
 .ARM.attributes
                0x0000048f       0x2e ./Drivers/STM32WLxx_HAL_Driver/stm32wlxx_hal_pwr.o
 .ARM.attributes
                0x000004bd       0x2e ./Drivers/STM32WLxx_HAL_Driver/stm32wlxx_hal_pwr_ex.o
 .ARM.attributes
                0x000004eb       0x2e ./Drivers/STM32WLxx_HAL_Driver/stm32wlxx_hal_rcc.o
 .ARM.attributes
                0x00000519       0x2e ./Drivers/STM32WLxx_HAL_Driver/stm32wlxx_hal_rcc_ex.o
 .ARM.attributes
                0x00000547       0x2e ./Drivers/STM32WLxx_HAL_Driver/stm32wlxx_hal_spi.o
 .ARM.attributes
                0x00000575       0x2e ./Drivers/STM32WLxx_HAL_Driver/stm32wlxx_hal_tim.o
 .ARM.attributes
                0x000005a3       0x2e ./Drivers/STM32WLxx_HAL_Driver/stm32wlxx_hal_tim_ex.o
 .ARM.attributes
                0x000005d1       0x2e ./Drivers/STM32WLxx_HAL_Driver/stm32wlxx_hal_uart.o
 .ARM.attributes
                0x000005ff       0x2e ./Drivers/STM32WLxx_HAL_Driver/stm32wlxx_hal_uart_ex.o
 .ARM.attributes
                0x0000062d       0x2e /opt/st/stm32cubeide_2.1.0/plugins/com.st.stm32cube.ide.mcu.externaltools.gnu-tools-for-stm32.14.3.rel1.linux64_1.0.100.202602081740/tools/bin/../lib/gcc/arm-none-eabi/14.3.1/../../../../arm-none-eabi/lib/thumb/v7e-m/nofp/libc_nano.a(libc_a-atol.o)
 .ARM.attributes
                0x0000065b       0x2e /opt/st/stm32cubeide_2.1.0/plugins/com.st.stm32cube.ide.mcu.externaltools.gnu-tools-for-stm32.14.3.rel1.linux64_1.0.100.202602081740/tools/bin/../lib/gcc/arm-none-eabi/14.3.1/../../../../arm-none-eabi/lib/thumb/v7e-m/nofp/libc_nano.a(libc_a-strtol.o)
 .ARM.attributes
                0x00000689       0x2e /opt/st/stm32cubeide_2.1.0/plugins/com.st.stm32cube.ide.mcu.externaltools.gnu-tools-for-stm32.14.3.rel1.linux64_1.0.100.202602081740/tools/bin/../lib/gcc/arm-none-eabi/14.3.1/../../../../arm-none-eabi/lib/thumb/v7e-m/nofp/libc_nano.a(libc_a-ctype_.o)
 .ARM.attributes
                0x000006b7       0x2e /opt/st/stm32cubeide_2.1.0/plugins/com.st.stm32cube.ide.mcu.externaltools.gnu-tools-for-stm32.14.3.rel1.linux64_1.0.100.202602081740/tools/bin/../lib/gcc/arm-none-eabi/14.3.1/../../../../arm-none-eabi/lib/thumb/v7e-m/nofp/libc_nano.a(libc_a-findfp.o)
 .ARM.attributes
                0x000006e5       0x2e /opt/st/stm32cubeide_2.1.0/plugins/com.st.stm32cube.ide.mcu.externaltools.gnu-tools-for-stm32.14.3.rel1.linux64_1.0.100.202602081740/tools/bin/../lib/gcc/arm-none-eabi/14.3.1/../../../../arm-none-eabi/lib/thumb/v7e-m/nofp/libc_nano.a(libc_a-snprintf.o)
 .ARM.attributes
                0x00000713       0x2e /opt/st/stm32cubeide_2.1.0/plugins/com.st.stm32cube.ide.mcu.externaltools.gnu-tools-for-stm32.14.3.rel1.linux64_1.0.100.202602081740/tools/bin/../lib/gcc/arm-none-eabi/14.3.1/../../../../arm-none-eabi/lib/thumb/v7e-m/nofp/libc_nano.a(libc_a-memset.o)
 .ARM.attributes
                0x00000741       0x2e /opt/st/stm32cubeide_2.1.0/plugins/com.st.stm32cube.ide.mcu.externaltools.gnu-tools-for-stm32.14.3.rel1.linux64_1.0.100.202602081740/tools/bin/../lib/gcc/arm-none-eabi/14.3.1/../../../../arm-none-eabi/lib/thumb/v7e-m/nofp/libc_nano.a(libc_a-strstr.o)
 .ARM.attributes
                0x0000076f       0x2e /opt/st/stm32cubeide_2.1.0/plugins/com.st.stm32cube.ide.mcu.externaltools.gnu-tools-for-stm32.14.3.rel1.linux64_1.0.100.202602081740/tools/bin/../lib/gcc/arm-none-eabi/14.3.1/../../../../arm-none-eabi/lib/thumb/v7e-m/nofp/libc_nano.a(libc_a-reent.o)
 .ARM.attributes
                0x0000079d       0x2e /opt/st/stm32cubeide_2.1.0/plugins/com.st.stm32cube.ide.mcu.externaltools.gnu-tools-for-stm32.14.3.rel1.linux64_1.0.100.202602081740/tools/bin/../lib/gcc/arm-none-eabi/14.3.1/../../../../arm-none-eabi/lib/thumb/v7e-m/nofp/libc_nano.a(libc_a-impure.o)
 .ARM.attributes
                0x000007cb       0x2e /opt/st/stm32cubeide_2.1.0/plugins/com.st.stm32cube.ide.mcu.externaltools.gnu-tools-for-stm32.14.3.rel1.linux64_1.0.100.202602081740/tools/bin/../lib/gcc/arm-none-eabi/14.3.1/../../../../arm-none-eabi/lib/thumb/v7e-m/nofp/libc_nano.a(libc_a-errno.o)
 .ARM.attributes
                0x000007f9       0x2e /opt/st/stm32cubeide_2.1.0/plugins/com.st.stm32cube.ide.mcu.externaltools.gnu-tools-for-stm32.14.3.rel1.linux64_1.0.100.202602081740/tools/bin/../lib/gcc/arm-none-eabi/14.3.1/../../../../arm-none-eabi/lib/thumb/v7e-m/nofp/libc_nano.a(libc_a-init.o)
 .ARM.attributes
                0x00000827       0x2e /opt/st/stm32cubeide_2.1.0/plugins/com.st.stm32cube.ide.mcu.externaltools.gnu-tools-for-stm32.14.3.rel1.linux64_1.0.100.202602081740/tools/bin/../lib/gcc/arm-none-eabi/14.3.1/../../../../arm-none-eabi/lib/thumb/v7e-m/nofp/libc_nano.a(libc_a-lock.o)
 .ARM.attributes
                0x00000855       0x1c /opt/st/stm32cubeide_2.1.0/plugins/com.st.stm32cube.ide.mcu.externaltools.gnu-tools-for-stm32.14.3.rel1.linux64_1.0.100.202602081740/tools/bin/../lib/gcc/arm-none-eabi/14.3.1/../../../../arm-none-eabi/lib/thumb/v7e-m/nofp/libc_nano.a(libc_a-strcmp.o)
 .ARM.attributes