C:/Users/sanie/STM32Cube/Repository/STM32Cube_FW_WL_V1.5.0/Drivers/STM32WLxx_HAL_Driver/Inc/stm32wlxx_ll_bus.h:449:22:LL_AHB2_GRP1_EnableClock	24	static
C:/Users/sanie/STM32Cube/Repository/STM32Cube_FW_WL_V1.5.0/Drivers/STM32WLxx_HAL_Driver/Inc/stm32wlxx_ll_bus.h:1303:22:LL_APB2_GRP1_EnableClock	24	static
C:/Users/sanie/STM32Cube/Repository/STM32Cube_FW_WL_V1.5.0/Drivers/STM32WLxx_HAL_Driver/Inc/stm32wlxx_ll_bus.h:1351:22:LL_APB2_GRP1_DisableClock	16	static
../Core/Src/usart.c:31:6:MX_USART1_UART_Init	8	static
../Core/Src/usart.c:75:6:HAL_UART_MspInit	96	static
../Core/Src/usart.c:119:6:HAL_UART_MspDeInit	16	static
