/home/elias/Documents/ComsBoard/SubGHz_Phy/App/subghz_phy_app.c:103:6:SubghzApp_Init	8	static
/home/elias/Documents/ComsBoard/SubGHz_Phy/App/subghz_phy_app.c:128:13:OnTxDone	4	static
/home/elias/Documents/ComsBoard/SubGHz_Phy/App/subghz_phy_app.c:135:13:OnRxDone	24	static
/home/elias/Documents/ComsBoard/SubGHz_Phy/App/subghz_phy_app.c:141:13:OnTxTimeout	4	static
/home/elias/Documents/ComsBoard/SubGHz_Phy/App/subghz_phy_app.c:148:13:OnRxTimeout	4	static
/home/elias/Documents/ComsBoard/SubGHz_Phy/App/subghz_phy_app.c:154:13:OnRxError	4	static
/home/elias/Documents/ComsBoard/SubGHz_Phy/App/subghz_phy_app.c:161:6:Transmitir_Prueba_GFSK	576	static
/home/elias/Documents/ComsBoard/SubGHz_Phy/App/subghz_phy_app.c:202:6:Transmitir_1200_GFSK	576	static
/home/elias/Documents/ComsBoard/SubGHz_Phy/App/subghz_phy_app.c:244:6:Transmitir_9600_GFSK	576	static
/home/elias/Documents/ComsBoard/SubGHz_Phy/App/subghz_phy_app.c:291:6:Transmitir_Mensaje_AX25	72	static
/home/elias/Documents/ComsBoard/SubGHz_Phy/App/subghz_phy_app.c:357:6:Transmitir_HolaMundo_AX25	8	static
/home/elias/Documents/ComsBoard/SubGHz_Phy/App/subghz_phy_app.c:362:6:Transmitir_HolaMundo_AX25RadioLib	8	static
