../Core/Src/app.c:81:13:modeUsesGps	4	static
../Core/Src/app.c:90:13:modeUsesAfsk	4	static
../Core/Src/app.c:105:13:modeUsesDra	4	static
../Core/Src/app.c:120:13:gpsStartRx	8	static
../Core/Src/app.c:126:37:onRxFrame	24	static
../Core/Src/app.c:142:37:onRxFrameRaw	24	static
../Core/Src/app.c:166:13:onRxFrameMonitor	24	static
../Core/Src/app.c:192:13:formatAprsLat	72	static
../Core/Src/app.c:206:13:formatAprsLon	72	static
../Core/Src/app.c:220:13:buildGpsBeaconInfo	64	static
../Core/Src/app.c:250:13:updateSpiStatusIdle	8	static
../Core/Src/app.c:270:37:loadFixedFrame	16	static
../Core/Src/app.c:276:37:loadTrackerFrame	272	static
../Core/Src/app.c:291:13:spiStatusStartIfReady	8	static
../Core/Src/app.c:316:6:HAL_TIM_PeriodElapsedCallback	16	static
../Core/Src/app.c:324:6:App_AFSK_TimerCallback	8	static
../Core/Src/app.c:338:6:App_Init	8	static
../Core/Src/app.c:389:6:App_Run	24	static
../Core/Src/app.c:652:6:App_GpsHasFix	4	static
../Core/Src/app.c:657:6:App_GetGpsCoords	40	static
../Core/Src/app.c:668:6:HAL_GPIO_EXTI_Callback	16	static
../Core/Src/app.c:673:6:HAL_SPI_TxRxCpltCallback	16	static
../Core/Src/app.c:681:6:HAL_SPI_ErrorCallback	16	static
../Core/Src/app.c:689:6:HAL_UART_RxCpltCallback	16	static
../Core/Src/app.c:698:6:HAL_UART_ErrorCallback	16	static
