../../../Test2_433MHz/Drivers/STM32WLxx_HAL_Driver/Inc/stm32wlxx_ll_rtc.h:1528:26:LL_RTC_TIME_GetSubSecond	16	static
../Core/Src/timer_if.c:181:21:TIMER_IF_Init	16	static
../Core/Src/timer_if.c:218:21:TIMER_IF_StartTimer	72	static
../Core/Src/timer_if.c:252:21:TIMER_IF_StopTimer	16	static
../Core/Src/timer_if.c:270:10:TIMER_IF_SetTimerContext	8	static
../Core/Src/timer_if.c:284:10:TIMER_IF_GetTimerContext	4	static
../Core/Src/timer_if.c:295:10:TIMER_IF_GetTimerElapsedTime	16	static
../Core/Src/timer_if.c:308:10:TIMER_IF_GetTimerValue	16	static
../Core/Src/timer_if.c:324:10:TIMER_IF_GetMinimumTimeout	16	static
../Core/Src/timer_if.c:337:10:TIMER_IF_Convert_ms2Tick	32	static
../Core/Src/timer_if.c:350:10:TIMER_IF_Convert_Tick2ms	48	static
../Core/Src/timer_if.c:363:6:TIMER_IF_DelayMs	24	static,ignoring_inline_asm
../Core/Src/timer_if.c:381:6:HAL_RTC_AlarmAEventCallback	16	static
../Core/Src/timer_if.c:392:6:HAL_RTCEx_SSRUEventCallback	24	static
../Core/Src/timer_if.c:407:10:TIMER_IF_GetTime	80	static
../Core/Src/timer_if.c:431:6:TIMER_IF_BkUp_Write_Seconds	16	static
../Core/Src/timer_if.c:442:6:TIMER_IF_BkUp_Write_SubSeconds	16	static
../Core/Src/timer_if.c:453:10:TIMER_IF_BkUp_Read_Seconds	16	static
../Core/Src/timer_if.c:466:10:TIMER_IF_BkUp_Read_SubSeconds	16	static
../Core/Src/timer_if.c:484:13:TIMER_IF_BkUp_Write_MSBticks	16	static
../Core/Src/timer_if.c:495:17:TIMER_IF_BkUp_Read_MSBticks	16	static
../Core/Src/timer_if.c:508:24:GetTimerTicks	16	static
