Archive member included to satisfy reference by file (symbol)

C:/ST/STM32CubeIDE_2.1.1/STM32CubeIDE/plugins/com.st.stm32cube.ide.mcu.externaltools.gnu-tools-for-stm32.14.3.rel1.win32_1.0.100.202602081740/tools/bin/../lib/gcc/arm-none-eabi/14.3.1/../../../../arm-none-eabi/lib/thumb/v7e-m/nofp\libc_nano.a(libc_a-atoi.o)
                              ./Core/Src/gps_test.o (atoi)
C:/ST/STM32CubeIDE_2.1.1/STM32CubeIDE/plugins/com.st.stm32cube.ide.mcu.externaltools.gnu-tools-for-stm32.14.3.rel1.win32_1.0.100.202602081740/tools/bin/../lib/gcc/arm-none-eabi/14.3.1/../../../../arm-none-eabi/lib/thumb/v7e-m/nofp\libc_nano.a(libc_a-exit.o)
                              C:/ST/STM32CubeIDE_2.1.1/STM32CubeIDE/plugins/com.st.stm32cube.ide.mcu.externaltools.gnu-tools-for-stm32.14.3.rel1.win32_1.0.100.202602081740/tools/bin/../lib/gcc/arm-none-eabi/14.3.1/../../../../arm-none-eabi/lib/thumb/v7e-m/nofp/crt0.o (exit)
C:/ST/STM32CubeIDE_2.1.1/STM32CubeIDE/plugins/com.st.stm32cube.ide.mcu.externaltools.gnu-tools-for-stm32.14.3.rel1.win32_1.0.100.202602081740/tools/bin/../lib/gcc/arm-none-eabi/14.3.1/../../../../arm-none-eabi/lib/thumb/v7e-m/nofp\libc_nano.a(libc_a-strtol.o)
                              C:/ST/STM32CubeIDE_2.1.1/STM32CubeIDE/plugins/com.st.stm32cube.ide.mcu.externaltools.gnu-tools-for-stm32.14.3.rel1.win32_1.0.100.202602081740/tools/bin/../lib/gcc/arm-none-eabi/14.3.1/../../../../arm-none-eabi/lib/thumb/v7e-m/nofp\libc_nano.a(libc_a-atoi.o) (_strtol_r)
C:/ST/STM32CubeIDE_2.1.1/STM32CubeIDE/plugins/com.st.stm32cube.ide.mcu.externaltools.gnu-tools-for-stm32.14.3.rel1.win32_1.0.100.202602081740/tools/bin/../lib/gcc/arm-none-eabi/14.3.1/../../../../arm-none-eabi/lib/thumb/v7e-m/nofp\libc_nano.a(libc_a-ctype_.o)
                              C:/ST/STM32CubeIDE_2.1.1/STM32CubeIDE/plugins/com.st.stm32cube.ide.mcu.externaltools.gnu-tools-for-stm32.14.3.rel1.win32_1.0.100.202602081740/tools/bin/../lib/gcc/arm-none-eabi/14.3.1/../../../../arm-none-eabi/lib/thumb/v7e-m/nofp\libc_nano.a(libc_a-strtol.o) (_ctype_)
C:/ST/STM32CubeIDE_2.1.1/STM32CubeIDE/plugins/com.st.stm32cube.ide.mcu.externaltools.gnu-tools-for-stm32.14.3.rel1.win32_1.0.100.202602081740/tools/bin/../lib/gcc/arm-none-eabi/14.3.1/../../../../arm-none-eabi/lib/thumb/v7e-m/nofp\libc_nano.a(libc_a-findfp.o)
                              C:/ST/STM32CubeIDE_2.1.1/STM32CubeIDE/plugins/com.st.stm32cube.ide.mcu.externaltools.gnu-tools-for-stm32.14.3.rel1.win32_1.0.100.202602081740/tools/bin/../lib/gcc/arm-none-eabi/14.3.1/../../../../arm-none-eabi/lib/thumb/v7e-m/nofp\libc_nano.a(libc_a-exit.o) (__stdio_exit_handler)
C:/ST/STM32CubeIDE_2.1.1/STM32CubeIDE/plugins/com.st.stm32cube.ide.mcu.externaltools.gnu-tools-for-stm32.14.3.rel1.win32_1.0.100.202602081740/tools/bin/../lib/gcc/arm-none-eabi/14.3.1/../../../../arm-none-eabi/lib/thumb/v7e-m/nofp\libc_nano.a(libc_a-fwalk.o)
                              C:/ST/STM32CubeIDE_2.1.1/STM32CubeIDE/plugins/com.st.stm32cube.ide.mcu.externaltools.gnu-tools-for-stm32.14.3.rel1.win32_1.0.100.202602081740/tools/bin/../lib/gcc/arm-none-eabi/14.3.1/../../../../arm-none-eabi/lib/thumb/v7e-m/nofp\libc_nano.a(libc_a-findfp.o) (_fwalk_sglue)
C:/ST/STM32CubeIDE_2.1.1/STM32CubeIDE/plugins/com.st.stm32cube.ide.mcu.externaltools.gnu-tools-for-stm32.14.3.rel1.win32_1.0.100.202602081740/tools/bin/../lib/gcc/arm-none-eabi/14.3.1/../../../../arm-none-eabi/lib/thumb/v7e-m/nofp\libc_nano.a(libc_a-snprintf.o)
                              ./Core/Src/gps_test.o (snprintf)
C:/ST/STM32CubeIDE_2.1.1/STM32CubeIDE/plugins/com.st.stm32cube.ide.mcu.externaltools.gnu-tools-for-stm32.14.3.rel1.win32_1.0.100.202602081740/tools/bin/../lib/gcc/arm-none-eabi/14.3.1/../../../../arm-none-eabi/lib/thumb/v7e-m/nofp\libc_nano.a(libc_a-stdio.o)
                              C:/ST/STM32CubeIDE_2.1.1/STM32CubeIDE/plugins/com.st.stm32cube.ide.mcu.externaltools.gnu-tools-for-stm32.14.3.rel1.win32_1.0.100.202602081740/tools/bin/../lib/gcc/arm-none-eabi/14.3.1/../../../../arm-none-eabi/lib/thumb/v7e-m/nofp\libc_nano.a(libc_a-findfp.o) (__sread)
C:/ST/STM32CubeIDE_2.1.1/STM32CubeIDE/plugins/com.st.stm32cube.ide.mcu.externaltools.gnu-tools-for-stm32.14.3.rel1.win32_1.0.100.202602081740/tools/bin/../lib/gcc/arm-none-eabi/14.3.1/../../../../arm-none-eabi/lib/thumb/v7e-m/nofp\libc_nano.a(libc_a-memset.o)
                              C:/ST/STM32CubeIDE_2.1.1/STM32CubeIDE/plugins/com.st.stm32cube.ide.mcu.externaltools.gnu-tools-for-stm32.14.3.rel1.win32_1.0.100.202602081740/tools/bin/../lib/gcc/arm-none-eabi/14.3.1/../../../../arm-none-eabi/lib/thumb/v7e-m/nofp/crt0.o (memset)
C:/ST/STM32CubeIDE_2.1.1/STM32CubeIDE/plugins/com.st.stm32cube.ide.mcu.externaltools.gnu-tools-for-stm32.14.3.rel1.win32_1.0.100.202602081740/tools/bin/../lib/gcc/arm-none-eabi/14.3.1/../../../../arm-none-eabi/lib/thumb/v7e-m/nofp\libc_nano.a(libc_a-strncmp.o)
                              ./Core/Src/gps_test.o (strncmp)
[...]
Memory Configuration

Name             Origin             Length             Attributes
RAM              0x20000000         0x00010000         xrw
RAM2             0x10000000         0x00008000         xrw
FLASH            0x08000000         0x00040000         xr
*default*        0x00000000         0xffffffff

Linker script and memory map

LOAD C:/ST/STM32CubeIDE_2.1.1/STM32CubeIDE/plugins/com.st.stm32cube.ide.mcu.externaltools.gnu-tools-for-stm32.14.3.rel1.win32_1.0.100.202602081740/tools/bin/../lib/gcc/arm-none-eabi/14.3.1/thumb/v7e-m/nofp/crti.o
LOAD C:/ST/STM32CubeIDE_2.1.1/STM32CubeIDE/plugins/com.st.stm32cube.ide.mcu.externaltools.gnu-tools-for-stm32.14.3.rel1.win32_1.0.100.202602081740/tools/bin/../lib/gcc/arm-none-eabi/14.3.1/thumb/v7e-m/nofp/crtbegin.o
LOAD C:/ST/STM32CubeIDE_2.1.1/STM32CubeIDE/plugins/com.st.stm32cube.ide.mcu.externaltools.gnu-tools-for-stm32.14.3.rel1.win32_1.0.100.202602081740/tools/bin/../lib/gcc/arm-none-eabi/14.3.1/../../../../arm-none-eabi/lib/thumb/v7e-m/nofp/crt0.o
LOAD ./Core/Src/adc.o
LOAD ./Core/Src/dac.o
LOAD ./Core/Src/gpio.o
LOAD ./Core/Src/gps_test.o
LOAD ./Core/Src/i2c.o
LOAD ./Core/Src/main.o
LOAD ./Core/Src/rtc.o
LOAD ./Core/Src/spi.o
LOAD ./Core/Src/stm32_lpm_if.o
LOAD ./Core/Src/stm32wlxx_hal_msp.o
LOAD ./Core/Src/stm32wlxx_it.o
LOAD ./Core/Src/subghz.o
LOAD ./Core/Src/sys_app.o
LOAD ./Core/Src/sys_debug.o
LOAD ./Core/Src/syscalls.o
LOAD ./Core/Src/sysmem.o
LOAD ./Core/Src/system_stm32wlxx.o
LOAD ./Core/Src/timer_if.o
LOAD ./Core/Src/usart.o
LOAD ./Core/Src/usart_if.o
LOAD ./Core/Startup/startup_stm32wle5ccux.o
LOAD ./Drivers/STM32WLxx_HAL_Driver/stm32wlxx_hal.o
LOAD ./Drivers/STM32WLxx_HAL_Driver/stm32wlxx_hal_adc.o
LOAD ./Drivers/STM32WLxx_HAL_Driver/stm32wlxx_hal_adc_ex.o
LOAD ./Drivers/STM32WLxx_HAL_Driver/stm32wlxx_hal_cortex.o
LOAD ./Drivers/STM32WLxx_HAL_Driver/stm32wlxx_hal_dac.o
LOAD ./Drivers/STM32WLxx_HAL_Driver/stm32wlxx_hal_dac_ex.o
LOAD ./Drivers/STM32WLxx_HAL_Driver/stm32wlxx_hal_dma.o
LOAD ./Drivers/STM32WLxx_HAL_Driver/stm32wlxx_hal_dma_ex.o
LOAD ./Drivers/STM32WLxx_HAL_Driver/stm32wlxx_hal_exti.o
LOAD ./Drivers/STM32WLxx_HAL_Driver/stm32wlxx_hal_flash.o
LOAD ./Drivers/STM32WLxx_HAL_Driver/stm32wlxx_hal_flash_ex.o
LOAD ./Drivers/STM32WLxx_HAL_Driver/stm32wlxx_hal_gpio.o
LOAD ./Drivers/STM32WLxx_HAL_Driver/stm32wlxx_hal_i2c.o
LOAD ./Drivers/STM32WLxx_HAL_Driver/stm32wlxx_hal_i2c_ex.o
LOAD ./Drivers/STM32WLxx_HAL_Driver/stm32wlxx_hal_pwr.o
LOAD ./Drivers/STM32WLxx_HAL_Driver/stm32wlxx_hal_pwr_ex.o
LOAD ./Drivers/STM32WLxx_HAL_Driver/stm32wlxx_hal_rcc.o
LOAD ./Drivers/STM32WLxx_HAL_Driver/stm32wlxx_hal_rcc_ex.o
LOAD ./Drivers/STM32WLxx_HAL_Driver/stm32wlxx_hal_rtc.o
LOAD ./Drivers/STM32WLxx_HAL_Driver/stm32wlxx_hal_rtc_ex.o
LOAD ./Drivers/STM32WLxx_HAL_Driver/stm32wlxx_hal_spi.o
LOAD ./Drivers/STM32WLxx_HAL_Driver/stm32wlxx_hal_spi_ex.o
LOAD ./Drivers/STM32WLxx_HAL_Driver/stm32wlxx_hal_subghz.o
LOAD ./Drivers/STM32WLxx_HAL_Driver/stm32wlxx_hal_uart.o
LOAD ./Drivers/STM32WLxx_HAL_Driver/stm32wlxx_hal_uart_ex.o
LOAD ./Drivers/STM32WLxx_HAL_Driver/stm32wlxx_ll_adc.o
LOAD ./Middlewares/SubGHz_Phy/lr_fhss_mac.o
LOAD ./Middlewares/SubGHz_Phy/radio.o
LOAD ./Middlewares/SubGHz_Phy/radio_driver.o
LOAD ./Middlewares/SubGHz_Phy/radio_fw.o
LOAD ./Middlewares/SubGHz_Phy/wl_lr_fhss.o
LOAD ./SubGHz_Phy/App/app_subghz_phy.o
LOAD ./SubGHz_Phy/App/subghz_phy_app.o
LOAD ./SubGHz_Phy/Target/radio_board_if.o
LOAD ./Utilities/stm32_adv_trace.o
LOAD ./Utilities/stm32_lpm.o
LOAD ./Utilities/stm32_mem.o
LOAD ./Utilities/stm32_seq.o
LOAD ./Utilities/stm32_systime.o
LOAD ./Utilities/stm32_timer.o
LOAD ./Utilities/stm32_tiny_sscanf.o
LOAD ./Utilities/stm32_tiny_vsnprintf.o
START GROUP
LOAD C:/ST/STM32CubeIDE_2.1.1/STM32CubeIDE/plugins/com.st.stm32cube.ide.mcu.externaltools.gnu-tools-for-stm32.14.3.rel1.win32_1.0.100.202602081740/tools/bin/../lib/gcc/arm-none-eabi/14.3.1/../../../../arm-none-eabi/lib/thumb/v7e-m/nofp\libc_nano.a
LOAD C:/ST/STM32CubeIDE_2.1.1/STM32CubeIDE/plugins/com.st.stm32cube.ide.mcu.externaltools.gnu-tools-for-stm32.14.3.rel1.win32_1.0.100.202602081740/tools/bin/../lib/gcc/arm-none-eabi/14.3.1/../../../../arm-none-eabi/lib/thumb/v7e-m/nofp\libm.a
END GROUP
START GROUP
LOAD C:/ST/STM32CubeIDE_2.1.1/STM32CubeIDE/plugins/com.st.stm32cube.ide.mcu.externaltools.gnu-tools-for-stm32.14.3.rel1.win32_1.0.100.202602081740/tools/bin/../lib/gcc/arm-none-eabi/14.3.1/thumb/v7e-m/nofp\libgcc.a
LOAD C:/ST/STM32CubeIDE_2.1.1/STM32CubeIDE/plugins/com.st.stm32cube.ide.mcu.externaltools.gnu-tools-for-stm32.14.3.rel1.win32_1.0.100.202602081740/tools/bin/../lib/gcc/arm-none-eabi/14.3.1/../../../../arm-none-eabi/lib/thumb/v7e-m/nofp\libc_nano.a
END GROUP
START GROUP
LOAD C:/ST/STM32CubeIDE_2.1.1/STM32CubeIDE/plugins/com.st.stm32cube.ide.mcu.externaltools.gnu-tools-for-stm32.14.3.rel1.win32_1.0.100.202602081740/tools/bin/../lib/gcc/arm-none-eabi/14.3.1/thumb/v7e-m/nofp\libgcc.a
LOAD C:/ST/STM32CubeIDE_2.1.1/STM32CubeIDE/plugins/com.st.stm32cube.ide.mcu.externaltools.gnu-tools-for-stm32.14.3.rel1.win32_1.0.100.202602081740/tools/bin/../lib/gcc/arm-none-eabi/14.3.1/../../../../arm-none-eabi/lib/thumb/v7e-m/nofp\libc_nano.a
LOAD C:/ST/STM32CubeIDE_2.1.1/STM32CubeIDE/plugins/com.st.stm32cube.ide.mcu.externaltools.gnu-tools-for-stm32.14.3.rel1.win32_1.0.100.202602081740/tools/bin/../lib/gcc/arm-none-eabi/14.3.1/../../../../arm-none-eabi/lib/thumb/v7e-m/nofp\libnosys.a
END GROUP
START GROUP
LOAD C:/ST/STM32CubeIDE_2.1.1/STM32CubeIDE/plugins/com.st.stm32cube.ide.mcu.externaltools.gnu-tools-for-stm32.14.3.rel1.win32_1.0.100.202602081740/tools/bin/../lib/gcc/arm-none-eabi/14.3.1/thumb/v7e-m/nofp\libgcc.a
LOAD C:/ST/STM32CubeIDE_2.1.1/STM32CubeIDE/plugins/com.st.stm32cube.ide.mcu.externaltools.gnu-tools-for-stm32.14.3.rel1.win32_1.0.100.202602081740/tools/bin/../lib/gcc/arm-none-eabi/14.3.1/../../../../arm-none-eabi/lib/thumb/v7e-m/nofp\libc_nano.a
LOAD C:/ST/STM32CubeIDE_2.1.1/STM32CubeIDE/plugins/com.st.stm32cube.ide.mcu.externaltools.gnu-tools-for-stm32.14.3.rel1.win32_1.0.100.202602081740/tools/bin/../lib/gcc/arm-none-eabi/14.3.1/../../../../arm-none-eabi/lib/thumb/v7e-m/nofp\libnosys.a
END GROUP
LOAD C:/ST/STM32CubeIDE_2.1.1/STM32CubeIDE/plugins/com.st.stm32cube.ide.mcu.externaltools.gnu-tools-for-stm32.14.3.rel1.win32_1.0.100.202602081740/tools/bin/../lib/gcc/arm-none-eabi/14.3.1/thumb/v7e-m/nofp/crtend.o
LOAD C:/ST/STM32CubeIDE_2.1.1/STM32CubeIDE/plugins/com.st.stm32cube.ide.mcu.externaltools.gnu-tools-for-stm32.14.3.rel1.win32_1.0.100.202602081740/tools/bin/../lib/gcc/arm-none-eabi/14.3.1/thumb/v7e-m/nofp/crtn.o
                0x20010000                        _estack = (ORIGIN (RAM) + LENGTH (RAM))
                0x00000200                        _Min_Heap_Size = 0x200
                0x00000400                        _Min_Stack_Size = 0x400

.isr_vector     0x08000000      0x138
                0x08000000                        . = ALIGN (0x4)
 *(.isr_vector)
 .isr_vector    0x08000000      0x138 ./Core/Startup/startup_stm32wle5ccux.o
                0x08000000                g_pfnVectors
                0x08000138                        . = ALIGN (0x4)

.text           0x08000138     0xc56c
                0x08000138                        . = ALIGN (0x4)
 *(.text)
 .text          0x08000138       0x40 C:/ST/STM32CubeIDE_2.1.1/STM32CubeIDE/plugins/com.st.stm32cube.ide.mcu.externaltools.gnu-tools-for-stm32.14.3.rel1.win32_1.0.100.202602081740/tools/bin/../lib/gcc/arm-none-eabi/14.3.1/thumb/v7e-m/nofp/crtbegin.o
 .text          0x08000178       0x10 C:/ST/STM32CubeIDE_2.1.1/STM32CubeIDE/plugins/com.st.stm32cube.ide.mcu.externaltools.gnu-tools-for-stm32.14.3.rel1.win32_1.0.100.202602081740/tools/bin/../lib/gcc/arm-none-eabi/14.3.1/../../../../arm-none-eabi/lib/thumb/v7e-m/nofp\libc_nano.a(libc_a-strlen.o)
                0x08000178                strlen
 .text          0x08000188       0x30 C:/ST/STM32CubeIDE_2.1.1/STM32CubeIDE/plugins/com.st.stm32cube.ide.mcu.externaltools.gnu-tools-for-stm32.14.3.rel1.win32_1.0.100.202602081740/tools/bin/../lib/gcc/arm-none-eabi/14.3.1/thumb/v7e-m/nofp\libgcc.a(_aeabi_uldivmod.o)
                0x08000188                __aeabi_uldivmod
 .text          0x080001b8      0x2f8 C:/ST/STM32CubeIDE_2.1.1/STM32CubeIDE/plugins/com.st.stm32cube.ide.mcu.externaltools.gnu-tools-for-stm32.14.3.rel1.win32_1.0.100.202602081740/tools/bin/../lib/gcc/arm-none-eabi/14.3.1/thumb/v7e-m/nofp\libgcc.a(_udivmoddi4.o)
                0x080001b8                __udivmoddi4
 .text          0x080004b0        0x4 C:/ST/STM32CubeIDE_2.1.1/STM32CubeIDE/plugins/com.st.stm32cube.ide.mcu.externaltools.gnu-tools-for-stm32.14.3.rel1.win32_1.0.100.202602081740/tools/bin/../lib/gcc/arm-none-eabi/14.3.1/thumb/v7e-m/nofp\libgcc.a(_dvmd_tls.o)
                0x080004b0                __aeabi_idiv0
                0x080004b0                __aeabi_ldiv0
 *(.text*)
 .text.LL_AHB2_GRP1_EnableClock
                0x080004b4       0x30 ./Core/Src/adc.o
 .text.LL_APB2_GRP1_EnableClock
                0x080004e4       0x30 ./Core/Src/adc.o
 .text.MX_ADC_Init
                0x08000514       0x9c ./Core/Src/adc.o
                0x08000514                MX_ADC_Init
 .text.HAL_ADC_MspInit
                0x080005b0       0x58 ./Core/Src/adc.o
                0x080005b0                HAL_ADC_MspInit
 .text.LL_AHB2_GRP1_EnableClock
                0x08000608       0x30 ./Core/Src/dac.o
 .text.LL_APB1_GRP1_EnableClock
                0x08000638       0x30 ./Core/Src/dac.o
 .text.MX_DAC_Init
                0x08000668       0x64 ./Core/Src/dac.o
                0x08000668                MX_DAC_Init
 .text.HAL_DAC_MspInit
                0x080006cc       0x58 ./Core/Src/dac.o
                0x080006cc                HAL_DAC_MspInit
 .text.LL_AHB2_GRP1_EnableClock
                0x08000724       0x30 ./Core/Src/gpio.o
 .text.MX_GPIO_Init
                0x08000754       0xb4 ./Core/Src/gpio.o
                0x08000754                MX_GPIO_Init
 .text.Debug_Print
                0x08000808       0x2c ./Core/Src/gps_test.o
 .text.Debug_PrintLine
                0x08000834       0x20 ./Core/Src/gps_test.o
 .text.GPS_Test_Init
                0x08000854       0x50 ./Core/Src/gps_test.o
                0x08000854                GPS_Test_Init
 .text.LL_AHB2_GRP1_EnableClock
                0x080008a4       0x30 ./Core/Src/i2c.o
 .text.LL_APB1_GRP1_EnableClock
                0x080008d4       0x30 ./Core/Src/i2c.o
 .text.MX_I2C2_Init
                0x08000904       0x80 ./Core/Src/i2c.o
                0x08000904                MX_I2C2_Init
 .text.HAL_I2C_MspInit
                0x08000984       0x8c ./Core/Src/i2c.o
                0x08000984                HAL_I2C_MspInit
 .text.main     0x08000a10       0x36 ./Core/Src/main.o
                0x08000a10                main
 *fill*         0x08000a46        0x2 
 .text.SystemClock_Config
                0x08000a48       0xc8 ./Core/Src/main.o
                0x08000a48                SystemClock_Config
 .text.Error_Handler
                0x08000b10        0xc ./Core/Src/main.o
                0x08000b10                Error_Handler
 .text.LL_RCC_EnableRTC
                0x08000b1c       0x20 ./Core/Src/rtc.o
 .text.LL_APB1_GRP1_EnableClock
                0x08000b3c       0x30 ./Core/Src/rtc.o
 .text.MX_RTC_Init
                0x08000b6c       0xc8 ./Core/Src/rtc.o
                0x08000b6c                MX_RTC_Init
 .text.HAL_RTC_MspInit
                0x08000c34       0x58 ./Core/Src/rtc.o
                0x08000c34                HAL_RTC_MspInit
 .text.LL_AHB2_GRP1_EnableClock
                0x08000c8c       0x30 ./Core/Src/spi.o
 .text.LL_APB2_GRP1_EnableClock
                0x08000cbc       0x30 ./Core/Src/spi.o
 .text.MX_SPI1_Init
                0x08000cec       0x74 ./Core/Src/spi.o
                0x08000cec                MX_SPI1_Init
 .text.HAL_SPI_MspInit
                0x08000d60       0x88 ./Core/Src/spi.o
                0x08000d60                HAL_SPI_MspInit
 .text.LL_PWR_ClearFlag_C1STOP_C1STB
                0x08000de8       0x18 ./Core/Src/stm32_lpm_if.o
 .text.PWR_EnterOffMode
                0x08000e00        0xc ./Core/Src/stm32_lpm_if.o
                0x08000e00                PWR_EnterOffMode
 .text.PWR_ExitOffMode
                0x08000e0c        0xc ./Core/Src/stm32_lpm_if.o
                0x08000e0c                PWR_ExitOffMode
 .text.PWR_EnterStopMode
                0x08000e18       0x16 ./Core/Src/stm32_lpm_if.o
                0x08000e18                PWR_EnterStopMode
 .text.PWR_ExitStopMode
                0x08000e2e       0x10 ./Core/Src/stm32_lpm_if.o
                0x08000e2e                PWR_ExitStopMode
 .text.PWR_EnterSleepMode
                0x08000e3e       0x14 ./Core/Src/stm32_lpm_if.o
                0x08000e3e                PWR_EnterSleepMode
 .text.PWR_ExitSleepMode
                0x08000e52        0xc ./Core/Src/stm32_lpm_if.o
                0x08000e52                PWR_ExitSleepMode
 .text.HAL_MspInit
                0x08000e5e        0xc ./Core/Src/stm32wlxx_hal_msp.o
                0x08000e5e                HAL_MspInit
 .text.NMI_Handler
                0x08000e6a        0x8 ./Core/Src/stm32wlxx_it.o
                0x08000e6a                NMI_Handler
 .text.HardFault_Handler
                0x08000e72        0x8 ./Core/Src/stm32wlxx_it.o
                0x08000e72                HardFault_Handler
 .text.MemManage_Handler
                0x08000e7a        0x8 ./Core/Src/stm32wlxx_it.o
                0x08000e7a                MemManage_Handler
 .text.BusFault_Handler
                0x08000e82        0x8 ./Core/Src/stm32wlxx_it.o
                0x08000e82                BusFault_Handler
 .text.UsageFault_Handler
                0x08000e8a        0x8 ./Core/Src/stm32wlxx_it.o
                0x08000e8a                UsageFault_Handler
 .text.SVC_Handler
                0x08000e92        0xc ./Core/Src/stm32wlxx_it.o
                0x08000e92                SVC_Handler
 .text.DebugMon_Handler
                0x08000e9e        0xc ./Core/Src/stm32wlxx_it.o
                0x08000e9e                DebugMon_Handler
 .text.PendSV_Handler
                0x08000eaa        0xc ./Core/Src/stm32wlxx_it.o
                0x08000eaa                PendSV_Handler
 .text.SysTick_Handler
                0x08000eb6        0xc ./Core/Src/stm32wlxx_it.o
                0x08000eb6                SysTick_Handler
 *fill*         0x08000ec2        0x2 
 .text.USART1_IRQHandler
                0x08000ec4       0x14 ./Core/Src/stm32wlxx_it.o
                0x08000ec4                USART1_IRQHandler
 .text.LL_APB3_GRP1_EnableClock
                0x08000ed8       0x30 ./Core/Src/subghz.o
 .text.MX_SUBGHZ_Init
                0x08000f08       0x24 ./Core/Src/subghz.o
                0x08000f08                MX_SUBGHZ_Init
 .text.HAL_SUBGHZ_MspInit
                0x08000f2c       0x16 ./Core/Src/subghz.o
                0x08000f2c                HAL_SUBGHZ_MspInit
 .text.LL_RCC_SetClkAfterWakeFromStop
                0x08000f42       0x26 ./Core/Src/sys_app.o
 .text.SystemApp_Init
                0x08000f68       0x40 ./Core/Src/sys_app.o
                0x08000f68                SystemApp_Init
 .text.UTIL_SEQ_Idle
                0x08000fa8        0xc ./Core/Src/sys_app.o
                0x08000fa8                UTIL_SEQ_Idle
 .text.TimestampNow
                0x08000fb4       0x40 ./Core/Src/sys_app.o
 .text.UTIL_ADV_TRACE_PreSendHook
                0x08000ff4       0x10 ./Core/Src/sys_app.o
                0x08000ff4                UTIL_ADV_TRACE_PreSendHook
 .text.UTIL_ADV_TRACE_PostSendHook
                0x08001004       0x10 ./Core/Src/sys_app.o
                0x08001004                UTIL_ADV_TRACE_PostSendHook
 .text.tiny_snprintf_like
                0x08001014       0x2c ./Core/Src/sys_app.o
 .text.HAL_GetTick
                0x08001040       0x28 ./Core/Src/sys_app.o
                0x08001040                HAL_GetTick
 .text.HAL_Delay
                0x08001068       0x18 ./Core/Src/sys_app.o
                0x08001068                HAL_Delay
 .text.LL_EXTI_EnableIT_32_63
                0x08001080       0x28 ./Core/Src/sys_debug.o
 .text.DBG_Init
                0x080010a8       0x1c ./Core/Src/sys_debug.o
                0x080010a8                DBG_Init
 .text.SystemInit
                0x080010c4        0xc ./Core/Src/system_stm32wlxx.o
                0x080010c4                SystemInit
 .text.LL_RTC_TIME_GetSubSecond
                0x080010d0       0x16 ./Core/Src/timer_if.o
 *fill*         0x080010e6        0x2 
 .text.TIMER_IF_Init
                0x080010e8       0x64 ./Core/Src/timer_if.o
                0x080010e8                TIMER_IF_Init
 .text.TIMER_IF_StartTimer
                0x0800114c       0x70 ./Core/Src/timer_if.o
                0x0800114c                TIMER_IF_StartTimer
 .text.TIMER_IF_StopTimer
                0x080011bc       0x34 ./Core/Src/timer_if.o
                0x080011bc                TIMER_IF_StopTimer
 .text.TIMER_IF_SetTimerContext
                0x080011f0       0x1c ./Core/Src/timer_if.o
                0x080011f0                TIMER_IF_SetTimerContext
 .text.TIMER_IF_GetTimerContext
                0x0800120c       0x14 ./Core/Src/timer_if.o
                0x0800120c                TIMER_IF_GetTimerContext
 .text.TIMER_IF_GetTimerElapsedTime
                0x08001220       0x28 ./Core/Src/timer_if.o
                0x08001220                TIMER_IF_GetTimerElapsedTime
 .text.TIMER_IF_GetTimerValue
                0x08001248       0x28 ./Core/Src/timer_if.o
                0x08001248                TIMER_IF_GetTimerValue
 .text.TIMER_IF_GetMinimumTimeout
                0x08001270       0x1a ./Core/Src/timer_if.o
                0x08001270                TIMER_IF_GetMinimumTimeout
 .text.TIMER_IF_Convert_ms2Tick
                0x0800128a       0x3a ./Core/Src/timer_if.o
                0x0800128a                TIMER_IF_Convert_ms2Tick
 .text.TIMER_IF_Convert_Tick2ms
                0x080012c4       0x92 ./Core/Src/timer_if.o
                0x080012c4                TIMER_IF_Convert_Tick2ms
 .text.TIMER_IF_DelayMs
                0x08001356       0x34 ./Core/Src/timer_if.o
                0x08001356                TIMER_IF_DelayMs
 .text.TIMER_IF_GetTime
                0x0800138a       0x8e ./Core/Src/timer_if.o
                0x0800138a                TIMER_IF_GetTime
 .text.TIMER_IF_BkUp_Write_Seconds
                0x08001418       0x20 ./Core/Src/timer_if.o
                0x08001418                TIMER_IF_BkUp_Write_Seconds
 .text.TIMER_IF_BkUp_Write_SubSeconds
                0x08001438       0x20 ./Core/Src/timer_if.o
                0x08001438                TIMER_IF_BkUp_Write_SubSeconds
 .text.TIMER_IF_BkUp_Read_Seconds
                0x08001458       0x24 ./Core/Src/timer_if.o
                0x08001458                TIMER_IF_BkUp_Read_Seconds
 .text.TIMER_IF_BkUp_Read_SubSeconds
                0x0800147c       0x24 ./Core/Src/timer_if.o
                0x0800147c                TIMER_IF_BkUp_Read_SubSeconds
 .text.TIMER_IF_BkUp_Write_MSBticks
                0x080014a0       0x20 ./Core/Src/timer_if.o
 .text.TIMER_IF_BkUp_Read_MSBticks
                0x080014c0       0x20 ./Core/Src/timer_if.o
 .text.GetTimerTicks
                0x080014e0       0x38 ./Core/Src/timer_if.o
 .text.LL_AHB2_GRP1_EnableClock
                0x08001518       0x30 ./Core/Src/usart.o
 .text.LL_APB1_GRP1_EnableClock
                0x08001548       0x30 ./Core/Src/usart.o
 .text.LL_APB1_GRP1_DisableClock
                0x08001578       0x24 ./Core/Src/usart.o
 .text.LL_APB2_GRP1_EnableClock
                0x0800159c       0x30 ./Core/Src/usart.o
 .text.LL_APB2_GRP1_DisableClock
                0x080015cc       0x24 ./Core/Src/usart.o
 .text.MX_USART1_UART_Init
                0x080015f0       0x98 ./Core/Src/usart.o
                0x080015f0                MX_USART1_UART_Init
 .text.MX_USART2_UART_Init
                0x08001688       0x98 ./Core/Src/usart.o
                0x08001688                MX_USART2_UART_Init
 .text.HAL_UART_MspInit
                0x08001720       0xfc ./Core/Src/usart.o
                0x08001720                HAL_UART_MspInit
 .text.HAL_UART_MspDeInit
                0x0800181c       0x5c ./Core/Src/usart.o
                0x0800181c                HAL_UART_MspDeInit
 .text.LL_APB1_GRP1_ForceReset
                0x08001878       0x22 ./Core/Src/usart_if.o
 .text.LL_APB1_GRP1_ReleaseReset
                0x0800189a       0x24 ./Core/Src/usart_if.o
 *fill*         0x080018be        0x2 
 .text.LL_EXTI_EnableIT_0_31
                0x080018c0       0x28 ./Core/Src/usart_if.o
 .text.vcom_Init
                0x080018e8       0x28 ./Core/Src/usart_if.o
                0x080018e8                vcom_Init
 .text.vcom_DeInit
                0x08001910       0x2c ./Core/Src/usart_if.o
                0x08001910                vcom_DeInit
 .text.vcom_Trace_DMA
                0x0800193c       0x28 ./Core/Src/usart_if.o
                0x0800193c                vcom_Trace_DMA
 .text.vcom_ReceiveInit
                0x08001964       0x7c ./Core/Src/usart_if.o
                0x08001964                vcom_ReceiveInit
 .text.vcom_Resume
                0x080019e0       0x1c ./Core/Src/usart_if.o
                0x080019e0                vcom_Resume
 .text.HAL_UART_TxCpltCallback
                0x080019fc       0x2c ./Core/Src/usart_if.o
                0x080019fc                HAL_UART_TxCpltCallback
 .text.HAL_UART_RxCpltCallback
                0x08001a28       0x50 ./Core/Src/usart_if.o
                0x08001a28                HAL_UART_RxCpltCallback
 .text.Reset_Handler
                0x08001a78       0x50 ./Core/Startup/startup_stm32wle5ccux.o
                0x08001a78                Reset_Handler
 .text.Default_Handler
                0x08001ac8        0x2 ./Core/Startup/startup_stm32wle5ccux.o
                0x08001ac8                RTC_Alarm_IRQHandler
                0x08001ac8                EXTI2_IRQHandler
                0x08001ac8                TIM1_CC_IRQHandler
                0x08001ac8                EXTI3_IRQHandler
                0x08001ac8                LPTIM2_IRQHandler
                0x08001ac8                I2C3_ER_IRQHandler
                0x08001ac8                LPTIM3_IRQHandler
                0x08001ac8                EXTI0_IRQHandler
                0x08001ac8                I2C2_EV_IRQHandler
                0x08001ac8                TAMP_STAMP_LSECSS_SSRU_IRQHandler
                0x08001ac8                SPI1_IRQHandler
                0x08001ac8                DMA2_Channel2_IRQHandler
                0x08001ac8                DMA1_Channel4_IRQHandler
                0x08001ac8                PKA_IRQHandler
                0x08001ac8                TIM17_IRQHandler
                0x08001ac8                DMA1_Channel7_IRQHandler
                0x08001ac8                SUBGHZSPI_IRQHandler
                0x08001ac8                DMA2_Channel1_IRQHandler
                0x08001ac8                I2C1_EV_IRQHandler
                0x08001ac8                SUBGHZ_Radio_IRQHandler
                0x08001ac8                DMAMUX1_OVR_IRQHandler
                0x08001ac8                DMA1_Channel6_IRQHandler
                0x08001ac8                TIM16_IRQHandler
                0x08001ac8                DMA2_Channel4_IRQHandler
                0x08001ac8                RCC_IRQHandler
                0x08001ac8                TIM1_TRG_COM_IRQHandler
                0x08001ac8                DMA1_Channel1_IRQHandler
                0x08001ac8                Default_Handler
                0x08001ac8                DMA2_Channel7_IRQHandler
                0x08001ac8                EXTI15_10_IRQHandler
                0x08001ac8                ADC_IRQHandler
                0x08001ac8                I2C3_EV_IRQHandler
                0x08001ac8                EXTI9_5_IRQHandler
                0x08001ac8                RTC_WKUP_IRQHandler
                0x08001ac8                PVD_PVM_IRQHandler
                0x08001ac8                SPI2_IRQHandler
                0x08001ac8                DMA2_Channel5_IRQHandler
                0x08001ac8                DMA1_Channel5_IRQHandler
                0x08001ac8                EXTI4_IRQHandler
                0x08001ac8                RNG_IRQHandler
                0x08001ac8                DMA1_Channel3_IRQHandler
                0x08001ac8                COMP_IRQHandler
                0x08001ac8                HSEM_IRQHandler
                0x08001ac8                TIM1_UP_IRQHandler
                0x08001ac8                WWDG_IRQHandler
                0x08001ac8                LPUART1_IRQHandler
                0x08001ac8                DMA2_Channel6_IRQHandler
                0x08001ac8                TIM2_IRQHandler
                0x08001ac8                TIM1_BRK_IRQHandler
                0x08001ac8                DAC_IRQHandler
                0x08001ac8                EXTI1_IRQHandler
                0x08001ac8                AES_IRQHandler
                0x08001ac8                USART2_IRQHandler
                0x08001ac8                I2C2_ER_IRQHandler
                0x08001ac8                DMA1_Channel2_IRQHandler
                0x08001ac8                FLASH_IRQHandler
                0x08001ac8                I2C1_ER_IRQHandler
                0x08001ac8                LPTIM1_IRQHandler
                0x08001ac8                DMA2_Channel3_IRQHandler
 *fill*         0x08001aca        0x2 
 .text.LL_DBGMCU_EnableDBGSleepMode
                0x08001acc       0x1c ./Drivers/STM32WLxx_HAL_Driver/stm32wlxx_hal.o
 .text.LL_DBGMCU_EnableDBGStopMode
                0x08001ae8       0x1c ./Drivers/STM32WLxx_HAL_Driver/stm32wlxx_hal.o
 .text.LL_DBGMCU_EnableDBGStandbyMode
                0x08001b04       0x1c ./Drivers/STM32WLxx_HAL_Driver/stm32wlxx_hal.o
 .text.HAL_Init
                0x08001b20       0x40 ./Drivers/STM32WLxx_HAL_Driver/stm32wlxx_hal.o
                0x08001b20                HAL_Init
 .text.HAL_InitTick
                0x08001b60       0x74 ./Drivers/STM32WLxx_HAL_Driver/stm32wlxx_hal.o
                0x08001b60                HAL_InitTick
 .text.HAL_IncTick
                0x08001bd4       0x24 ./Drivers/STM32WLxx_HAL_Driver/stm32wlxx_hal.o
                0x08001bd4                HAL_IncTick
 .text.HAL_SuspendTick
                0x08001bf8       0x1c ./Drivers/STM32WLxx_HAL_Driver/stm32wlxx_hal.o
                0x08001bf8                HAL_SuspendTick
 .text.HAL_ResumeTick
                0x08001c14       0x1c ./Drivers/STM32WLxx_HAL_Driver/stm32wlxx_hal.o
                0x08001c14                HAL_ResumeTick
 .text.HAL_DBGMCU_EnableDBGSleepMode
                0x08001c30        0xc ./Drivers/STM32WLxx_HAL_Driver/stm32wlxx_hal.o
                0x08001c30                HAL_DBGMCU_EnableDBGSleepMode
 .text.HAL_DBGMCU_EnableDBGStopMode
                0x08001c3c        0xc ./Drivers/STM32WLxx_HAL_Driver/stm32wlxx_hal.o
                0x08001c3c                HAL_DBGMCU_EnableDBGStopMode
 .text.HAL_DBGMCU_EnableDBGStandbyMode
                0x08001c48        0xc ./Drivers/STM32WLxx_HAL_Driver/stm32wlxx_hal.o
                0x08001c48                HAL_DBGMCU_EnableDBGStandbyMode
 .text.LL_ADC_SetSamplingTimeCommonChannels
                0x08001c54       0x3c ./Drivers/STM32WLxx_HAL_Driver/stm32wlxx_hal_adc.o
 .text.LL_ADC_GetSamplingTimeCommonChannels
                0x08001c90       0x30 ./Drivers/STM32WLxx_HAL_Driver/stm32wlxx_hal_adc.o
 .text.LL_ADC_EnableInternalRegulator
                0x08001cc0       0x26 ./Drivers/STM32WLxx_HAL_Driver/stm32wlxx_hal_adc.o
 .text.LL_ADC_IsInternalRegulatorEnabled
                0x08001ce6       0x26 ./Drivers/STM32WLxx_HAL_Driver/stm32wlxx_hal_adc.o
 .text.LL_ADC_IsEnabled
                0x08001d0c       0x24 ./Drivers/STM32WLxx_HAL_Driver/stm32wlxx_hal_adc.o
 .text.LL_ADC_REG_IsConversionOngoing
                0x08001d30       0x24 ./Drivers/STM32WLxx_HAL_Driver/stm32wlxx_hal_adc.o
 .text.HAL_ADC_Init
                0x08001d54      0x328 ./Drivers/STM32WLxx_HAL_Driver/stm32wlxx_hal_adc.o
                0x08001d54                HAL_ADC_Init
 .text.__NVIC_SetPriorityGrouping
                0x0800207c       0x48 ./Drivers/STM32WLxx_HAL_Driver/stm32wlxx_hal_cortex.o
 .text.__NVIC_GetPriorityGrouping
                0x080020c4       0x1c ./Drivers/STM32WLxx_HAL_Driver/stm32wlxx_hal_cortex.o
 .text.__NVIC_EnableIRQ
                0x080020e0       0x38 ./Drivers/STM32WLxx_HAL_Driver/stm32wlxx_hal_cortex.o
 .text.__NVIC_DisableIRQ
                0x08002118       0x48 ./Drivers/STM32WLxx_HAL_Driver/stm32wlxx_hal_cortex.o
 .text.__NVIC_SetPriority
                0x08002160       0x54 ./Drivers/STM32WLxx_HAL_Driver/stm32wlxx_hal_cortex.o
 .text.NVIC_EncodePriority
                0x080021b4       0x64 ./Drivers/STM32WLxx_HAL_Driver/stm32wlxx_hal_cortex.o
 .text.SysTick_Config
                0x08002218       0x44 ./Drivers/STM32WLxx_HAL_Driver/stm32wlxx_hal_cortex.o
 .text.HAL_NVIC_SetPriorityGrouping
                0x0800225c       0x16 ./Drivers/STM32WLxx_HAL_Driver/stm32wlxx_hal_cortex.o
                0x0800225c                HAL_NVIC_SetPriorityGrouping
 .text.HAL_NVIC_SetPriority
                0x08002272       0x34 ./Drivers/STM32WLxx_HAL_Driver/stm32wlxx_hal_cortex.o
                0x08002272                HAL_NVIC_SetPriority
 .text.HAL_NVIC_EnableIRQ
                0x080022a6       0x1c ./Drivers/STM32WLxx_HAL_Driver/stm32wlxx_hal_cortex.o
                0x080022a6                HAL_NVIC_EnableIRQ
 .text.HAL_NVIC_DisableIRQ
                0x080022c2       0x1c ./Drivers/STM32WLxx_HAL_Driver/stm32wlxx_hal_cortex.o
                0x080022c2                HAL_NVIC_DisableIRQ
 .text.HAL_SYSTICK_Config
                0x080022de       0x18 ./Drivers/STM32WLxx_HAL_Driver/stm32wlxx_hal_cortex.o
                0x080022de                HAL_SYSTICK_Config
 .text.HAL_DAC_Init
                0x080022f6       0x44 ./Drivers/STM32WLxx_HAL_Driver/stm32wlxx_hal_dac.o
                0x080022f6                HAL_DAC_Init
 .text.HAL_DAC_ConfigChannel
                0x0800233a      0x206 ./Drivers/STM32WLxx_HAL_Driver/stm32wlxx_hal_dac.o
                0x0800233a                HAL_DAC_ConfigChannel
 .text.HAL_DMA_Start_IT
                0x08002540       0xfc ./Drivers/STM32WLxx_HAL_Driver/stm32wlxx_hal_dma.o
                0x08002540                HAL_DMA_Start_IT
 .text.HAL_DMA_Abort
                0x0800263c       0xbc ./Drivers/STM32WLxx_HAL_Driver/stm32wlxx_hal_dma.o
                0x0800263c                HAL_DMA_Abort
 .text.HAL_DMA_Abort_IT
                0x080026f8       0xbe ./Drivers/STM32WLxx_HAL_Driver/stm32wlxx_hal_dma.o
                0x080026f8                HAL_DMA_Abort_IT
 .text.DMA_SetConfig
                0x080027b6       0x7a ./Drivers/STM32WLxx_HAL_Driver/stm32wlxx_hal_dma.o
 .text.HAL_GPIO_Init
                0x08002830      0x2c0 ./Drivers/STM32WLxx_HAL_Driver/stm32wlxx_hal_gpio.o
                0x08002830                HAL_GPIO_Init
 .text.HAL_GPIO_DeInit
                0x08002af0      0x19c ./Drivers/STM32WLxx_HAL_Driver/stm32wlxx_hal_gpio.o
                0x08002af0                HAL_GPIO_DeInit
 .text.HAL_GPIO_WritePin
                0x08002c8c       0x2e ./Drivers/STM32WLxx_HAL_Driver/stm32wlxx_hal_gpio.o
                0x08002c8c                HAL_GPIO_WritePin
 .text.HAL_I2C_Init
                0x08002cba      0x136 ./Drivers/STM32WLxx_HAL_Driver/stm32wlxx_hal_i2c.o
                0x08002cba                HAL_I2C_Init
 .text.HAL_I2CEx_ConfigAnalogFilter
                0x08002df0       0x94 ./Drivers/STM32WLxx_HAL_Driver/stm32wlxx_hal_i2c_ex.o
                0x08002df0                HAL_I2CEx_ConfigAnalogFilter
 .text.HAL_I2CEx_ConfigDigitalFilter
                0x08002e84       0x96 ./Drivers/STM32WLxx_HAL_Driver/stm32wlxx_hal_i2c_ex.o
                0x08002e84                HAL_I2CEx_ConfigDigitalFilter
 *fill*         0x08002f1a        0x2 
 .text.HAL_PWR_EnableBkUpAccess
                0x08002f1c       0x1c ./Drivers/STM32WLxx_HAL_Driver/stm32wlxx_hal_pwr.o
                0x08002f1c                HAL_PWR_EnableBkUpAccess
 .text.HAL_PWR_EnterSLEEPMode
                0x08002f38       0x68 ./Drivers/STM32WLxx_HAL_Driver/stm32wlxx_hal_pwr.o
                0x08002f38                HAL_PWR_EnterSLEEPMode
 .text.HAL_PWREx_GetVoltageRange
                0x08002fa0       0x18 ./Drivers/STM32WLxx_HAL_Driver/stm32wlxx_hal_pwr_ex.o
                0x08002fa0                HAL_PWREx_GetVoltageRange
 .text.HAL_PWREx_EnableLowPowerRunMode
                0x08002fb8       0x1c ./Drivers/STM32WLxx_HAL_Driver/stm32wlxx_hal_pwr_ex.o
                0x08002fb8                HAL_PWREx_EnableLowPowerRunMode
 .text.HAL_PWREx_DisableLowPowerRunMode
                0x08002fd4       0x6c ./Drivers/STM32WLxx_HAL_Driver/stm32wlxx_hal_pwr_ex.o
                0x08002fd4                HAL_PWREx_DisableLowPowerRunMode
 .text.HAL_PWREx_EnterSTOP2Mode
                0x08003040       0x54 ./Drivers/STM32WLxx_HAL_Driver/stm32wlxx_hal_pwr_ex.o
                0x08003040                HAL_PWREx_EnterSTOP2Mode
 .text.LL_PWR_IsEnabledBkUpAccess
                0x08003094       0x24 ./Drivers/STM32WLxx_HAL_Driver/stm32wlxx_hal_rcc.o
 .text.LL_RCC_HSE_EnableTcxo
                0x080030b8       0x1c ./Drivers/STM32WLxx_HAL_Driver/stm32wlxx_hal_rcc.o
 .text.LL_RCC_HSE_DisableTcxo
                0x080030d4       0x1c ./Drivers/STM32WLxx_HAL_Driver/stm32wlxx_hal_rcc.o
 .text.LL_RCC_HSE_IsEnabledDiv2
                0x080030f0       0x22 ./Drivers/STM32WLxx_HAL_Driver/stm32wlxx_hal_rcc.o
 .text.LL_RCC_HSE_Enable
                0x08003112       0x1c ./Drivers/STM32WLxx_HAL_Driver/stm32wlxx_hal_rcc.o
 .text.LL_RCC_HSE_Disable
                0x0800312e       0x1c ./Drivers/STM32WLxx_HAL_Driver/stm32wlxx_hal_rcc.o
 .text.LL_RCC_HSE_IsReady
                0x0800314a       0x22 ./Drivers/STM32WLxx_HAL_Driver/stm32wlxx_hal_rcc.o
 .text.LL_RCC_HSI_Enable
                0x0800316c       0x1c ./Drivers/STM32WLxx_HAL_Driver/stm32wlxx_hal_rcc.o
 .text.LL_RCC_HSI_Disable
                0x08003188       0x1c ./Drivers/STM32WLxx_HAL_Driver/stm32wlxx_hal_rcc.o
 .text.LL_RCC_HSI_IsReady
                0x080031a4       0x22 ./Drivers/STM32WLxx_HAL_Driver/stm32wlxx_hal_rcc.o
 .text.LL_RCC_HSI_SetCalibTrimming
                0x080031c6       0x28 ./Drivers/STM32WLxx_HAL_Driver/stm32wlxx_hal_rcc.o
 .text.LL_RCC_LSE_IsReady
                0x080031ee       0x22 ./Drivers/STM32WLxx_HAL_Driver/stm32wlxx_hal_rcc.o
 .text.LL_RCC_LSI_Enable
                0x08003210       0x20 ./Drivers/STM32WLxx_HAL_Driver/stm32wlxx_hal_rcc.o
 .text.LL_RCC_LSI_Disable
                0x08003230       0x20 ./Drivers/STM32WLxx_HAL_Driver/stm32wlxx_hal_rcc.o
 .text.LL_RCC_LSI_IsReady
                0x08003250       0x22 ./Drivers/STM32WLxx_HAL_Driver/stm32wlxx_hal_rcc.o
 .text.LL_RCC_MSI_Enable
                0x08003272       0x1c ./Drivers/STM32WLxx_HAL_Driver/stm32wlxx_hal_rcc.o
 .text.LL_RCC_MSI_Disable
                0x0800328e       0x1c ./Drivers/STM32WLxx_HAL_Driver/stm32wlxx_hal_rcc.o
 .text.LL_RCC_MSI_IsReady
                0x080032aa       0x20 ./Drivers/STM32WLxx_HAL_Driver/stm32wlxx_hal_rcc.o
 .text.LL_RCC_MSI_IsEnabledRangeSelect
                0x080032ca       0x20 ./Drivers/STM32WLxx_HAL_Driver/stm32wlxx_hal_rcc.o
 .text.LL_RCC_MSI_GetRange
                0x080032ea       0x16 ./Drivers/STM32WLxx_HAL_Driver/stm32wlxx_hal_rcc.o
 .text.LL_RCC_MSI_GetRangeAfterStandby
                0x08003300       0x18 ./Drivers/STM32WLxx_HAL_Driver/stm32wlxx_hal_rcc.o
 .text.LL_RCC_MSI_SetCalibTrimming
                0x08003318       0x28 ./Drivers/STM32WLxx_HAL_Driver/stm32wlxx_hal_rcc.o
 .text.LL_RCC_SetSysClkSource
                0x08003340       0x26 ./Drivers/STM32WLxx_HAL_Driver/stm32wlxx_hal_rcc.o
 .text.LL_RCC_GetSysClkSource
                0x08003366       0x16 ./Drivers/STM32WLxx_HAL_Driver/stm32wlxx_hal_rcc.o
 .text.LL_RCC_SetAHBPrescaler
                0x0800337c       0x26 ./Drivers/STM32WLxx_HAL_Driver/stm32wlxx_hal_rcc.o
 .text.LL_RCC_SetAHB3Prescaler
                0x080033a2       0x2c ./Drivers/STM32WLxx_HAL_Driver/stm32wlxx_hal_rcc.o
 .text.LL_RCC_SetAPB1Prescaler
                0x080033ce       0x26 ./Drivers/STM32WLxx_HAL_Driver/stm32wlxx_hal_rcc.o
 .text.LL_RCC_SetAPB2Prescaler
                0x080033f4       0x26 ./Drivers/STM32WLxx_HAL_Driver/stm32wlxx_hal_rcc.o
 .text.LL_RCC_GetAHBPrescaler
                0x0800341a       0x16 ./Drivers/STM32WLxx_HAL_Driver/stm32wlxx_hal_rcc.o
 .text.LL_RCC_GetAHB3Prescaler
                0x08003430       0x1a ./Drivers/STM32WLxx_HAL_Driver/stm32wlxx_hal_rcc.o
 .text.LL_RCC_GetAPB1Prescaler
                0x0800344a       0x16 ./Drivers/STM32WLxx_HAL_Driver/stm32wlxx_hal_rcc.o
 .text.LL_RCC_GetAPB2Prescaler
                0x08003460       0x16 ./Drivers/STM32WLxx_HAL_Driver/stm32wlxx_hal_rcc.o
 .text.LL_RCC_PLL_Enable
                0x08003476       0x1c ./Drivers/STM32WLxx_HAL_Driver/stm32wlxx_hal_rcc.o
 .text.LL_RCC_PLL_Disable
                0x08003492       0x1c ./Drivers/STM32WLxx_HAL_Driver/stm32wlxx_hal_rcc.o
 .text.LL_RCC_PLL_IsReady
                0x080034ae       0x22 ./Drivers/STM32WLxx_HAL_Driver/stm32wlxx_hal_rcc.o
 .text.LL_RCC_PLL_GetN
                0x080034d0       0x18 ./Drivers/STM32WLxx_HAL_Driver/stm32wlxx_hal_rcc.o
 .text.LL_RCC_PLL_GetR
                0x080034e8       0x16 ./Drivers/STM32WLxx_HAL_Driver/stm32wlxx_hal_rcc.o
 .text.LL_RCC_PLL_GetDivider
                0x080034fe       0x16 ./Drivers/STM32WLxx_HAL_Driver/stm32wlxx_hal_rcc.o
 .text.LL_RCC_PLL_GetMainSource
                0x08003514       0x16 ./Drivers/STM32WLxx_HAL_Driver/stm32wlxx_hal_rcc.o
 .text.LL_RCC_IsActiveFlag_HPRE
                0x0800352a       0x22 ./Drivers/STM32WLxx_HAL_Driver/stm32wlxx_hal_rcc.o
 .text.LL_RCC_IsActiveFlag_SHDHPRE
                0x0800354c       0x24 ./Drivers/STM32WLxx_HAL_Driver/stm32wlxx_hal_rcc.o
 .text.LL_RCC_IsActiveFlag_PPRE1
                0x08003570       0x22 ./Drivers/STM32WLxx_HAL_Driver/stm32wlxx_hal_rcc.o
 .text.LL_RCC_IsActiveFlag_PPRE2
                0x08003592       0x22 ./Drivers/STM32WLxx_HAL_Driver/stm32wlxx_hal_rcc.o
 .text.HAL_RCC_OscConfig
                0x080035b4      0x704 ./Drivers/STM32WLxx_HAL_Driver/stm32wlxx_hal_rcc.o
                0x080035b4                HAL_RCC_OscConfig
 .text.HAL_RCC_ClockConfig
                0x08003cb8      0x248 ./Drivers/STM32WLxx_HAL_Driver/stm32wlxx_hal_rcc.o
                0x08003cb8                HAL_RCC_ClockConfig
 .text.HAL_RCC_GetSysClockFreq
                0x08003f00      0x140 ./Drivers/STM32WLxx_HAL_Driver/stm32wlxx_hal_rcc.o
                0x08003f00                HAL_RCC_GetSysClockFreq
 .text.HAL_RCC_GetHCLKFreq
                0x08004040       0x28 ./Drivers/STM32WLxx_HAL_Driver/stm32wlxx_hal_rcc.o
                0x08004040                HAL_RCC_GetHCLKFreq
 .text.HAL_RCC_GetPCLK1Freq
                0x08004068       0x24 ./Drivers/STM32WLxx_HAL_Driver/stm32wlxx_hal_rcc.o
                0x08004068                HAL_RCC_GetPCLK1Freq
 .text.HAL_RCC_GetPCLK2Freq
                0x0800408c       0x24 ./Drivers/STM32WLxx_HAL_Driver/stm32wlxx_hal_rcc.o
                0x0800408c                HAL_RCC_GetPCLK2Freq
 .text.RCC_SetFlashLatencyFromMSIRange
                0x080040b0       0x60 ./Drivers/STM32WLxx_HAL_Driver/stm32wlxx_hal_rcc.o
 .text.RCC_SetFlashLatency
                0x08004110      0x104 ./Drivers/STM32WLxx_HAL_Driver/stm32wlxx_hal_rcc.o
 .text.LL_RCC_LSE_IsReady
                0x08004214       0x22 ./Drivers/STM32WLxx_HAL_Driver/stm32wlxx_hal_rcc_ex.o
 .text.LL_RCC_SetUSARTClockSource
                0x08004236       0x30 ./Drivers/STM32WLxx_HAL_Driver/stm32wlxx_hal_rcc_ex.o
 .text.LL_RCC_SetI2SClockSource
                0x08004266       0x2a ./Drivers/STM32WLxx_HAL_Driver/stm32wlxx_hal_rcc_ex.o
 .text.LL_RCC_SetLPUARTClockSource
                0x08004290       0x2a ./Drivers/STM32WLxx_HAL_Driver/stm32wlxx_hal_rcc_ex.o
 .text.LL_RCC_SetI2CClockSource
                0x080042ba       0x38 ./Drivers/STM32WLxx_HAL_Driver/stm32wlxx_hal_rcc_ex.o
 .text.LL_RCC_SetLPTIMClockSource
                0x080042f2       0x32 ./Drivers/STM32WLxx_HAL_Driver/stm32wlxx_hal_rcc_ex.o
 .text.LL_RCC_SetRNGClockSource
                0x08004324       0x2a ./Drivers/STM32WLxx_HAL_Driver/stm32wlxx_hal_rcc_ex.o
 .text.LL_RCC_SetADCClockSource
                0x0800434e       0x2a ./Drivers/STM32WLxx_HAL_Driver/stm32wlxx_hal_rcc_ex.o
 .text.LL_RCC_SetRTCClockSource
                0x08004378       0x2a ./Drivers/STM32WLxx_HAL_Driver/stm32wlxx_hal_rcc_ex.o
 .text.LL_RCC_GetRTCClockSource
                0x080043a2       0x18 ./Drivers/STM32WLxx_HAL_Driver/stm32wlxx_hal_rcc_ex.o
 .text.LL_RCC_ForceBackupDomainReset
                0x080043ba       0x20 ./Drivers/STM32WLxx_HAL_Driver/stm32wlxx_hal_rcc_ex.o
 .text.LL_RCC_ReleaseBackupDomainReset
                0x080043da       0x20 ./Drivers/STM32WLxx_HAL_Driver/stm32wlxx_hal_rcc_ex.o
 *fill*         0x080043fa        0x2 
 .text.HAL_RCCEx_PeriphCLKConfig
                0x080043fc      0x234 ./Drivers/STM32WLxx_HAL_Driver/stm32wlxx_hal_rcc_ex.o
                0x080043fc                HAL_RCCEx_PeriphCLKConfig
 .text.HAL_RTC_Init
                0x08004630      0x118 ./Drivers/STM32WLxx_HAL_Driver/stm32wlxx_hal_rtc.o
                0x08004630                HAL_RTC_Init
 .text.HAL_RTC_SetTime
                0x08004748      0x138 ./Drivers/STM32WLxx_HAL_Driver/stm32wlxx_hal_rtc.o
                0x08004748                HAL_RTC_SetTime
 .text.HAL_RTC_SetDate
                0x08004880      0x10c ./Drivers/STM32WLxx_HAL_Driver/stm32wlxx_hal_rtc.o
                0x08004880                HAL_RTC_SetDate
 .text.HAL_RTC_SetAlarm_IT
                0x0800498c      0x218 ./Drivers/STM32WLxx_HAL_Driver/stm32wlxx_hal_rtc.o
                0x0800498c                HAL_RTC_SetAlarm_IT
 .text.HAL_RTC_DeactivateAlarm
                0x08004ba4       0xb8 ./Drivers/STM32WLxx_HAL_Driver/stm32wlxx_hal_rtc.o
                0x08004ba4                HAL_RTC_DeactivateAlarm
 .text.HAL_RTC_WaitForSynchro
                0x08004c5c       0x4c ./Drivers/STM32WLxx_HAL_Driver/stm32wlxx_hal_rtc.o
                0x08004c5c                HAL_RTC_WaitForSynchro
 .text.RTC_EnterInitMode
                0x08004ca8       0x68 ./Drivers/STM32WLxx_HAL_Driver/stm32wlxx_hal_rtc.o
                0x08004ca8                RTC_EnterInitMode
 .text.RTC_ExitInitMode
                0x08004d10       0x7c ./Drivers/STM32WLxx_HAL_Driver/stm32wlxx_hal_rtc.o
                0x08004d10                RTC_ExitInitMode
 .text.RTC_ByteToBcd2
                0x08004d8c       0x3e ./Drivers/STM32WLxx_HAL_Driver/stm32wlxx_hal_rtc.o
                0x08004d8c                RTC_ByteToBcd2
 *fill*         0x08004dca        0x2 
 .text.HAL_RTCEx_EnableBypassShadow
                0x08004dcc       0x64 ./Drivers/STM32WLxx_HAL_Driver/stm32wlxx_hal_rtc_ex.o
                0x08004dcc                HAL_RTCEx_EnableBypassShadow
 .text.HAL_RTCEx_BKUPWrite
                0x08004e30       0x30 ./Drivers/STM32WLxx_HAL_Driver/stm32wlxx_hal_rtc_ex.o
                0x08004e30                HAL_RTCEx_BKUPWrite
 .text.HAL_RTCEx_BKUPRead
                0x08004e60       0x2c ./Drivers/STM32WLxx_HAL_Driver/stm32wlxx_hal_rtc_ex.o
                0x08004e60                HAL_RTCEx_BKUPRead
 .text.HAL_SPI_Init
                0x08004e8c      0x1a8 ./Drivers/STM32WLxx_HAL_Driver/stm32wlxx_hal_spi.o
                0x08004e8c                HAL_SPI_Init
 .text.LL_PWR_SetRadioBusyTrigger
                0x08005034       0x28 ./Drivers/STM32WLxx_HAL_Driver/stm32wlxx_hal_subghz.o
 .text.LL_PWR_UnselectSUBGHZSPI_NSS
                0x0800505c       0x20 ./Drivers/STM32WLxx_HAL_Driver/stm32wlxx_hal_subghz.o
 .text.LL_PWR_SelectSUBGHZSPI_NSS
                0x0800507c       0x20 ./Drivers/STM32WLxx_HAL_Driver/stm32wlxx_hal_subghz.o
 .text.LL_PWR_ClearFlag_RFBUSY
                0x0800509c       0x18 ./Drivers/STM32WLxx_HAL_Driver/stm32wlxx_hal_subghz.o
 .text.LL_PWR_IsActiveFlag_RFBUSYS
                0x080050b4       0x24 ./Drivers/STM32WLxx_HAL_Driver/stm32wlxx_hal_subghz.o
 .text.LL_PWR_IsActiveFlag_RFBUSYMS
                0x080050d8       0x24 ./Drivers/STM32WLxx_HAL_Driver/stm32wlxx_hal_subghz.o
 .text.LL_RCC_RF_DisableReset
                0x080050fc       0x20 ./Drivers/STM32WLxx_HAL_Driver/stm32wlxx_hal_subghz.o
 .text.LL_RCC_IsRFUnderReset
                0x0800511c       0x24 ./Drivers/STM32WLxx_HAL_Driver/stm32wlxx_hal_subghz.o
 .text.LL_EXTI_EnableIT_32_63
                0x08005140       0x28 ./Drivers/STM32WLxx_HAL_Driver/stm32wlxx_hal_subghz.o
 .text.HAL_SUBGHZ_Init
                0x08005168       0xc8 ./Drivers/STM32WLxx_HAL_Driver/stm32wlxx_hal_subghz.o
                0x08005168                HAL_SUBGHZ_Init
 .text.HAL_SUBGHZ_WriteRegisters
                0x08005230       0xbe ./Drivers/STM32WLxx_HAL_Driver/stm32wlxx_hal_subghz.o
                0x08005230                HAL_SUBGHZ_WriteRegisters
 .text.HAL_SUBGHZ_ReadRegisters
                0x080052ee       0xc2 ./Drivers/STM32WLxx_HAL_Driver/stm32wlxx_hal_subghz.o
                0x080052ee                HAL_SUBGHZ_ReadRegisters
 .text.HAL_SUBGHZ_ExecSetCmd
                0x080053b0       0xbe ./Drivers/STM32WLxx_HAL_Driver/stm32wlxx_hal_subghz.o
                0x080053b0                HAL_SUBGHZ_ExecSetCmd
 .text.HAL_SUBGHZ_ExecGetCmd
                0x0800546e       0xa8 ./Drivers/STM32WLxx_HAL_Driver/stm32wlxx_hal_subghz.o
                0x0800546e                HAL_SUBGHZ_ExecGetCmd
 .text.HAL_SUBGHZ_WriteBuffer
                0x08005516       0xa6 ./Drivers/STM32WLxx_HAL_Driver/stm32wlxx_hal_subghz.o
                0x08005516                HAL_SUBGHZ_WriteBuffer
 .text.HAL_SUBGHZ_ReadBuffer
                0x080055bc       0xb0 ./Drivers/STM32WLxx_HAL_Driver/stm32wlxx_hal_subghz.o
                0x080055bc                HAL_SUBGHZ_ReadBuffer
 .text.SUBGHZSPI_Init
                0x0800566c       0x40 ./Drivers/STM32WLxx_HAL_Driver/stm32wlxx_hal_subghz.o
                0x0800566c                SUBGHZSPI_Init
 .text.SUBGHZSPI_Transmit
                0x080056ac       0xac ./Drivers/STM32WLxx_HAL_Driver/stm32wlxx_hal_subghz.o
                0x080056ac                SUBGHZSPI_Transmit
 .text.SUBGHZSPI_Receive
                0x08005758       0xb0 ./Drivers/STM32WLxx_HAL_Driver/stm32wlxx_hal_subghz.o
                0x08005758                SUBGHZSPI_Receive
 .text.SUBGHZ_CheckDeviceReady
                0x08005808       0x40 ./Drivers/STM32WLxx_HAL_Driver/stm32wlxx_hal_subghz.o
                0x08005808                SUBGHZ_CheckDeviceReady
 .text.SUBGHZ_WaitOnBusy
                0x08005848       0x5c ./Drivers/STM32WLxx_HAL_Driver/stm32wlxx_hal_subghz.o
                0x08005848                SUBGHZ_WaitOnBusy
 .text.LL_RCC_GetUSARTClockSource
                0x080058a4       0x24 ./Drivers/STM32WLxx_HAL_Driver/stm32wlxx_hal_uart.o
 .text.LL_RCC_GetLPUARTClockSource
                0x080058c8       0x1e ./Drivers/STM32WLxx_HAL_Driver/stm32wlxx_hal_uart.o
 .text.HAL_UART_Init
                0x080058e6       0xa0 ./Drivers/STM32WLxx_HAL_Driver/stm32wlxx_hal_uart.o
                0x080058e6                HAL_UART_Init
 .text.HAL_UART_Transmit
                0x08005986      0x132 ./Drivers/STM32WLxx_HAL_Driver/stm32wlxx_hal_uart.o
                0x08005986                HAL_UART_Transmit
 .text.HAL_UART_Receive_IT
                0x08005ab8       0x98 ./Drivers/STM32WLxx_HAL_Driver/stm32wlxx_hal_uart.o
                0x08005ab8                HAL_UART_Receive_IT
 .text.HAL_UART_Transmit_DMA
                0x08005b50      0x100 ./Drivers/STM32WLxx_HAL_Driver/stm32wlxx_hal_uart.o
                0x08005b50                HAL_UART_Transmit_DMA
 .text.HAL_UART_IRQHandler
                0x08005c50      0x684 ./Drivers/STM32WLxx_HAL_Driver/stm32wlxx_hal_uart.o
                0x08005c50                HAL_UART_IRQHandler
 .text.HAL_UART_TxHalfCpltCallback
                0x080062d4       0x12 ./Drivers/STM32WLxx_HAL_Driver/stm32wlxx_hal_uart.o
                0x080062d4                HAL_UART_TxHalfCpltCallback
 .text.HAL_UART_ErrorCallback
                0x080062e6       0x12 ./Drivers/STM32WLxx_HAL_Driver/stm32wlxx_hal_uart.o
                0x080062e6                HAL_UART_ErrorCallback
 .text.HAL_UARTEx_RxEventCallback
                0x080062f8       0x16 ./Drivers/STM32WLxx_HAL_Driver/stm32wlxx_hal_uart.o
                0x080062f8                HAL_UARTEx_RxEventCallback
 *fill*         0x0800630e        0x2 
 .text.UART_SetConfig
                0x08006310      0x4e8 ./Drivers/STM32WLxx_HAL_Driver/stm32wlxx_hal_uart.o
                0x08006310                UART_SetConfig
 .text.UART_AdvFeatureConfig
                0x080067f8      0x142 ./Drivers/STM32WLxx_HAL_Driver/stm32wlxx_hal_uart.o
                0x080067f8                UART_AdvFeatureConfig
 .text.UART_CheckIdleState
                0x0800693a      0x154 ./Drivers/STM32WLxx_HAL_Driver/stm32wlxx_hal_uart.o
                0x0800693a                UART_CheckIdleState
 .text.UART_WaitOnFlagUntilTimeout
                0x08006a8e       0xda ./Drivers/STM32WLxx_HAL_Driver/stm32wlxx_hal_uart.o
                0x08006a8e                UART_WaitOnFlagUntilTimeout
 .text.UART_Start_Receive_IT
                0x08006b68      0x240 ./Drivers/STM32WLxx_HAL_Driver/stm32wlxx_hal_uart.o
                0x08006b68                UART_Start_Receive_IT
 .text.UART_EndTxTransfer
                0x08006da8       0x80 ./Drivers/STM32WLxx_HAL_Driver/stm32wlxx_hal_uart.o
 .text.UART_EndRxTransfer
                0x08006e28       0xca ./Drivers/STM32WLxx_HAL_Driver/stm32wlxx_hal_uart.o
 .text.UART_DMATransmitCplt
                0x08006ef2       0x9a ./Drivers/STM32WLxx_HAL_Driver/stm32wlxx_hal_uart.o
 .text.UART_DMATxHalfCplt
                0x08006f8c       0x1c ./Drivers/STM32WLxx_HAL_Driver/stm32wlxx_hal_uart.o
 .text.UART_DMAError
                0x08006fa8       0x70 ./Drivers/STM32WLxx_HAL_Driver/stm32wlxx_hal_uart.o
 .text.UART_DMAAbortOnError
                0x08007018       0x1c ./Drivers/STM32WLxx_HAL_Driver/stm32wlxx_hal_uart.o
 .text.UART_EndTransmit_IT
                0x08007034       0x56 ./Drivers/STM32WLxx_HAL_Driver/stm32wlxx_hal_uart.o
 *fill*         0x0800708a        0x2 
 .text.UART_RxISR_8BIT
                0x0800708c      0x1b8 ./Drivers/STM32WLxx_HAL_Driver/stm32wlxx_hal_uart.o
 .text.UART_RxISR_16BIT
                0x08007244      0x1b8 ./Drivers/STM32WLxx_HAL_Driver/stm32wlxx_hal_uart.o
 .text.UART_RxISR_8BIT_FIFOEN
                0x080073fc      0x364 ./Drivers/STM32WLxx_HAL_Driver/stm32wlxx_hal_uart.o
 .text.UART_RxISR_16BIT_FIFOEN
                0x08007760      0x36c ./Drivers/STM32WLxx_HAL_Driver/stm32wlxx_hal_uart.o
 .text.HAL_UARTEx_WakeupCallback
                0x08007acc       0x12 ./Drivers/STM32WLxx_HAL_Driver/stm32wlxx_hal_uart_ex.o
                0x08007acc                HAL_UARTEx_WakeupCallback
 .text.HAL_UARTEx_RxFifoFullCallback
                0x08007ade       0x12 ./Drivers/STM32WLxx_HAL_Driver/stm32wlxx_hal_uart_ex.o
                0x08007ade                HAL_UARTEx_RxFifoFullCallback
 .text.HAL_UARTEx_TxFifoEmptyCallback
                0x08007af0       0x12 ./Drivers/STM32WLxx_HAL_Driver/stm32wlxx_hal_uart_ex.o
                0x08007af0                HAL_UARTEx_TxFifoEmptyCallback
 .text.HAL_UARTEx_StopModeWakeUpSourceConfig
                0x08007b02       0xb6 ./Drivers/STM32WLxx_HAL_Driver/stm32wlxx_hal_uart_ex.o
                0x08007b02                HAL_UARTEx_StopModeWakeUpSourceConfig
 .text.HAL_UARTEx_EnableStopMode
                0x08007bb8       0x64 ./Drivers/STM32WLxx_HAL_Driver/stm32wlxx_hal_uart_ex.o
                0x08007bb8                HAL_UARTEx_EnableStopMode
 .text.HAL_UARTEx_DisableFifoMode
                0x08007c1c       0x70 ./Drivers/STM32WLxx_HAL_Driver/stm32wlxx_hal_uart_ex.o
                0x08007c1c                HAL_UARTEx_DisableFifoMode
 .text.HAL_UARTEx_SetTxFifoThreshold
                0x08007c8c       0x7c ./Drivers/STM32WLxx_HAL_Driver/stm32wlxx_hal_uart_ex.o
                0x08007c8c                HAL_UARTEx_SetTxFifoThreshold
 .text.HAL_UARTEx_SetRxFifoThreshold
                0x08007d08       0x7c ./Drivers/STM32WLxx_HAL_Driver/stm32wlxx_hal_uart_ex.o
                0x08007d08                HAL_UARTEx_SetRxFifoThreshold
 .text.UARTEx_Wakeup_AddressConfig
                0x08007d84       0x44 ./Drivers/STM32WLxx_HAL_Driver/stm32wlxx_hal_uart_ex.o
 .text.UARTEx_SetNbDataToProcess
                0x08007dc8       0x98 ./Drivers/STM32WLxx_HAL_Driver/stm32wlxx_hal_uart_ex.o
 .text.RadioInit
                0x08007e60       0xb8 ./Middlewares/SubGHz_Phy/radio.o
 .text.RadioGetStatus
                0x08007f18       0x2e ./Middlewares/SubGHz_Phy/radio.o
 *fill*         0x08007f46        0x2 
 .text.RadioSetModem
                0x08007f48       0xb8 ./Middlewares/SubGHz_Phy/radio.o
 .text.RadioSetChannel
                0x08008000       0x16 ./Middlewares/SubGHz_Phy/radio.o
 .text.RadioIsChannelFree
                0x08008016       0xb4 ./Middlewares/SubGHz_Phy/radio.o
 .text.RadioRandom
                0x080080ca       0x26 ./Middlewares/SubGHz_Phy/radio.o
 .text.RadioSetRxConfig
                0x080080f0      0x418 ./Middlewares/SubGHz_Phy/radio.o
 .text.RadioSetTxConfig
                0x08008508      0x224 ./Middlewares/SubGHz_Phy/radio.o
 .text.RadioCheckRfFrequency
                0x0800872c       0x14 ./Middlewares/SubGHz_Phy/radio.o
 .text.RadioGetLoRaBandwidthInHz
                0x08008740       0xac ./Middlewares/SubGHz_Phy/radio.o
 .text.RadioGetGfskTimeOnAirNumerator
                0x080087ec       0x54 ./Middlewares/SubGHz_Phy/radio.o
 .text.RadioGetLoRaTimeOnAirNumerator
                0x08008840      0x102 ./Middlewares/SubGHz_Phy/radio.o
 *fill*         0x08008942        0x2 
 .text.RadioTimeOnAir
                0x08008944       0xb0 ./Middlewares/SubGHz_Phy/radio.o
 .text.RadioSend
                0x080089f4      0x200 ./Middlewares/SubGHz_Phy/radio.o
 .text.RadioSleep
                0x08008bf4       0x26 ./Middlewares/SubGHz_Phy/radio.o
 .text.RadioStandby
                0x08008c1a        0xe ./Middlewares/SubGHz_Phy/radio.o
 .text.RadioRx  0x08008c28       0x80 ./Middlewares/SubGHz_Phy/radio.o
 .text.RadioRxBoosted
                0x08008ca8       0x80 ./Middlewares/SubGHz_Phy/radio.o
 .text.RadioSetRxDutyCycle
                0x08008d28       0x48 ./Middlewares/SubGHz_Phy/radio.o
 .text.RadioStartCad
                0x08008d70       0x30 ./Middlewares/SubGHz_Phy/radio.o
 .text.RadioSetTxContinuousWave
                0x08008da0       0x64 ./Middlewares/SubGHz_Phy/radio.o
 .text.RadioRssi
                0x08008e04       0x18 ./Middlewares/SubGHz_Phy/radio.o
 .text.RadioWrite
                0x08008e1c       0x24 ./Middlewares/SubGHz_Phy/radio.o
 .text.RadioRead
                0x08008e40       0x1c ./Middlewares/SubGHz_Phy/radio.o
 .text.RadioWriteRegisters
                0x08008e5c       0x26 ./Middlewares/SubGHz_Phy/radio.o
 .text.RadioReadRegisters
                0x08008e82       0x26 ./Middlewares/SubGHz_Phy/radio.o
 .text.RadioSetMaxPayloadLength
                0x08008ea8       0x5c ./Middlewares/SubGHz_Phy/radio.o
 .text.RadioSetPublicNetwork
                0x08008f04       0x5c ./Middlewares/SubGHz_Phy/radio.o
 .text.RadioGetWakeupTime
                0x08008f60       0x10 ./Middlewares/SubGHz_Phy/radio.o
 .text.RadioOnTxTimeoutIrq
                0x08008f70       0x14 ./Middlewares/SubGHz_Phy/radio.o
 .text.RadioOnRxTimeoutIrq
                0x08008f84       0x14 ./Middlewares/SubGHz_Phy/radio.o
 .text.RadioOnTxTimeoutProcess
                0x08008f98       0x28 ./Middlewares/SubGHz_Phy/radio.o
 .text.RadioOnRxTimeoutProcess
                0x08008fc0       0x28 ./Middlewares/SubGHz_Phy/radio.o
 .text.RadioOnDioIrq
                0x08008fe8       0x24 ./Middlewares/SubGHz_Phy/radio.o
 .text.RadioIrqProcess
                0x0800900c      0x44c ./Middlewares/SubGHz_Phy/radio.o
 .text.RadioTxPrbs
                0x08009458       0x38 ./Middlewares/SubGHz_Phy/radio.o
 .text.RadioTxCw
                0x08009490       0x38 ./Middlewares/SubGHz_Phy/radio.o
 .text.payload_integration
                0x080094c8      0x124 ./Middlewares/SubGHz_Phy/radio.o
 .text.RadioSetRxGenericConfig
                0x080095ec      0x38c ./Middlewares/SubGHz_Phy/radio.o
 .text.RadioSetTxGenericConfig
                0x08009978      0x470 ./Middlewares/SubGHz_Phy/radio.o
 .text.RadioLrFhssSetCfg
                0x08009de8       0x18 ./Middlewares/SubGHz_Phy/radio.o
 .text.RadioLrFhssGetTimeOnAirInMs
                0x08009e00       0x16 ./Middlewares/SubGHz_Phy/radio.o
 *fill*         0x08009e16        0x2 
 .text.SUBGRF_Init
                0x08009e18       0x90 ./Middlewares/SubGHz_Phy/radio_driver.o
                0x08009e18                SUBGRF_Init
 .text.SUBGRF_GetOperatingMode
                0x08009ea8       0x14 ./Middlewares/SubGHz_Phy/radio_driver.o
                0x08009ea8                SUBGRF_GetOperatingMode
 .text.SUBGRF_SetPayload
                0x08009ebc       0x20 ./Middlewares/SubGHz_Phy/radio_driver.o
                0x08009ebc                SUBGRF_SetPayload
 .text.SUBGRF_GetPayload
                0x08009edc       0x44 ./Middlewares/SubGHz_Phy/radio_driver.o
                0x08009edc                SUBGRF_GetPayload
 .text.SUBGRF_SendPayload
                0x08009f20       0x26 ./Middlewares/SubGHz_Phy/radio_driver.o
                0x08009f20                SUBGRF_SendPayload
 .text.SUBGRF_SetSyncWord
                0x08009f46       0x1e ./Middlewares/SubGHz_Phy/radio_driver.o
                0x08009f46                SUBGRF_SetSyncWord
 .text.SUBGRF_SetCrcSeed
                0x08009f64       0x40 ./Middlewares/SubGHz_Phy/radio_driver.o
                0x08009f64                SUBGRF_SetCrcSeed
 .text.SUBGRF_SetCrcPolynomial
                0x08009fa4       0x40 ./Middlewares/SubGHz_Phy/radio_driver.o
                0x08009fa4                SUBGRF_SetCrcPolynomial
 .text.SUBGRF_SetWhiteningSeed
                0x08009fe4       0x66 ./Middlewares/SubGHz_Phy/radio_driver.o
                0x08009fe4                SUBGRF_SetWhiteningSeed
 .text.SUBGRF_GetRandom
                0x0800a04a       0x8c ./Middlewares/SubGHz_Phy/radio_driver.o
                0x0800a04a                SUBGRF_GetRandom
 *fill*         0x0800a0d6        0x2 
 .text.SUBGRF_SetSleep
                0x0800a0d8       0x68 ./Middlewares/SubGHz_Phy/radio_driver.o
                0x0800a0d8                SUBGRF_SetSleep
 .text.SUBGRF_SetStandby
                0x0800a140       0x38 ./Middlewares/SubGHz_Phy/radio_driver.o
                0x0800a140                SUBGRF_SetStandby
 .text.SUBGRF_SetTx
                0x0800a178       0x40 ./Middlewares/SubGHz_Phy/radio_driver.o
                0x0800a178                SUBGRF_SetTx
 .text.SUBGRF_SetRx
                0x0800a1b8       0x40 ./Middlewares/SubGHz_Phy/radio_driver.o
                0x0800a1b8                SUBGRF_SetRx
 .text.SUBGRF_SetRxBoosted
                0x0800a1f8       0x48 ./Middlewares/SubGHz_Phy/radio_driver.o
                0x0800a1f8                SUBGRF_SetRxBoosted
 .text.SUBGRF_SetRxDutyCycle
                0x0800a240       0x58 ./Middlewares/SubGHz_Phy/radio_driver.o
                0x0800a240                SUBGRF_SetRxDutyCycle
 .text.SUBGRF_SetCad
                0x0800a298       0x1c ./Middlewares/SubGHz_Phy/radio_driver.o
                0x0800a298                SUBGRF_SetCad
 .text.SUBGRF_SetTxContinuousWave
                0x0800a2b4       0x12 ./Middlewares/SubGHz_Phy/radio_driver.o
                0x0800a2b4                SUBGRF_SetTxContinuousWave
 .text.SUBGRF_SetTxInfinitePreamble
                0x0800a2c6       0x12 ./Middlewares/SubGHz_Phy/radio_driver.o
                0x0800a2c6                SUBGRF_SetTxInfinitePreamble
 .text.SUBGRF_SetStopRxTimerOnPreambleDetect
                0x0800a2d8       0x1e ./Middlewares/SubGHz_Phy/radio_driver.o
                0x0800a2d8                SUBGRF_SetStopRxTimerOnPreambleDetect
 .text.SUBGRF_SetLoRaSymbNumTimeout
                0x0800a2f6       0x5e ./Middlewares/SubGHz_Phy/radio_driver.o
                0x0800a2f6                SUBGRF_SetLoRaSymbNumTimeout
 .text.SUBGRF_SetRegulatorMode
                0x0800a354       0x2e ./Middlewares/SubGHz_Phy/radio_driver.o
                0x0800a354                SUBGRF_SetRegulatorMode
 .text.SUBGRF_Calibrate
                0x0800a382       0x98 ./Middlewares/SubGHz_Phy/radio_driver.o
                0x0800a382                SUBGRF_Calibrate
 *fill*         0x0800a41a        0x2 
 .text.SUBGRF_CalibrateImage
                0x0800a41c       0x94 ./Middlewares/SubGHz_Phy/radio_driver.o
                0x0800a41c                SUBGRF_CalibrateImage
 .text.SUBGRF_SetPaConfig
                0x0800a4b0       0x44 ./Middlewares/SubGHz_Phy/radio_driver.o
                0x0800a4b0                SUBGRF_SetPaConfig
 .text.SUBGRF_SetDioIrqParams
                0x0800a4f4       0x74 ./Middlewares/SubGHz_Phy/radio_driver.o
                0x0800a4f4                SUBGRF_SetDioIrqParams
 .text.SUBGRF_SetTcxoMode
                0x0800a568       0x42 ./Middlewares/SubGHz_Phy/radio_driver.o
                0x0800a568                SUBGRF_SetTcxoMode
 *fill*         0x0800a5aa        0x2 
 .text.SUBGRF_SetRfFrequency
                0x0800a5ac       0x8c ./Middlewares/SubGHz_Phy/radio_driver.o
                0x0800a5ac                SUBGRF_SetRfFrequency
 .text.SUBGRF_SetPacketType
                0x0800a638       0x38 ./Middlewares/SubGHz_Phy/radio_driver.o
                0x0800a638                SUBGRF_SetPacketType
 .text.SUBGRF_GetPacketType
                0x0800a670       0x14 ./Middlewares/SubGHz_Phy/radio_driver.o
                0x0800a670                SUBGRF_GetPacketType
 .text.SUBGRF_SetTxParams
                0x0800a684      0x19a ./Middlewares/SubGHz_Phy/radio_driver.o
                0x0800a684                SUBGRF_SetTxParams
 *fill*         0x0800a81e        0x2 
 .text.SUBGRF_SetModulationParams
                0x0800a820      0x19c ./Middlewares/SubGHz_Phy/radio_driver.o
                0x0800a820                SUBGRF_SetModulationParams
 .text.SUBGRF_SetPacketParams
                0x0800a9bc      0x138 ./Middlewares/SubGHz_Phy/radio_driver.o
                0x0800a9bc                SUBGRF_SetPacketParams
 .text.SUBGRF_SetBufferBaseAddress
                0x0800aaf4       0x2e ./Middlewares/SubGHz_Phy/radio_driver.o
                0x0800aaf4                SUBGRF_SetBufferBaseAddress
 .text.SUBGRF_GetRssiInst
                0x0800ab22       0x2a ./Middlewares/SubGHz_Phy/radio_driver.o
                0x0800ab22                SUBGRF_GetRssiInst
 .text.SUBGRF_GetRxBufferStatus
                0x0800ab4c       0x58 ./Middlewares/SubGHz_Phy/radio_driver.o
                0x0800ab4c                SUBGRF_GetRxBufferStatus
 .text.SUBGRF_GetPacketStatus
                0x0800aba4       0xa4 ./Middlewares/SubGHz_Phy/radio_driver.o
                0x0800aba4                SUBGRF_GetPacketStatus
 .text.SUBGRF_WriteRegister
                0x0800ac48       0x44 ./Middlewares/SubGHz_Phy/radio_driver.o
                0x0800ac48                SUBGRF_WriteRegister
 .text.SUBGRF_ReadRegister
                0x0800ac8c       0x40 ./Middlewares/SubGHz_Phy/radio_driver.o
                0x0800ac8c                SUBGRF_ReadRegister
 .text.SUBGRF_WriteRegisters
                0x0800accc       0x44 ./Middlewares/SubGHz_Phy/radio_driver.o
                0x0800accc                SUBGRF_WriteRegisters
 .text.SUBGRF_ReadRegisters
                0x0800ad10       0x44 ./Middlewares/SubGHz_Phy/radio_driver.o
                0x0800ad10                SUBGRF_ReadRegisters
 .text.SUBGRF_WriteBuffer
                0x0800ad54       0x44 ./Middlewares/SubGHz_Phy/radio_driver.o
                0x0800ad54                SUBGRF_WriteBuffer
 .text.SUBGRF_ReadBuffer
                0x0800ad98       0x44 ./Middlewares/SubGHz_Phy/radio_driver.o
                0x0800ad98                SUBGRF_ReadBuffer
 .text.SUBGRF_WriteCommand
                0x0800addc       0x44 ./Middlewares/SubGHz_Phy/radio_driver.o
                0x0800addc                SUBGRF_WriteCommand
 .text.SUBGRF_ReadCommand
                0x0800ae20       0x44 ./Middlewares/SubGHz_Phy/radio_driver.o
                0x0800ae20                SUBGRF_ReadCommand
 .text.SUBGRF_SetSwitch
                0x0800ae64       0x50 ./Middlewares/SubGHz_Phy/radio_driver.o
                0x0800ae64                SUBGRF_SetSwitch
 .text.SUBGRF_SetRfTxPower
                0x0800aeb4       0x68 ./Middlewares/SubGHz_Phy/radio_driver.o
                0x0800aeb4                SUBGRF_SetRfTxPower
 .text.SUBGRF_GetRadioWakeUpTime
                0x0800af1c        0xe ./Middlewares/SubGHz_Phy/radio_driver.o
                0x0800af1c                SUBGRF_GetRadioWakeUpTime
 .text.Radio_SMPS_Set
                0x0800af2a       0x42 ./Middlewares/SubGHz_Phy/radio_driver.o
 .text.SUBGRF_GetFskBandwidthRegValue
                0x0800af6c       0x50 ./Middlewares/SubGHz_Phy/radio_driver.o
                0x0800af6c                SUBGRF_GetFskBandwidthRegValue
 .text.SUBGRF_GetCFO
                0x0800afbc       0xe8 ./Middlewares/SubGHz_Phy/radio_driver.o
                0x0800afbc                SUBGRF_GetCFO
 .text.RFW_TransmitLongPacket
                0x0800b0a4       0x24 ./Middlewares/SubGHz_Phy/radio_fw.o
                0x0800b0a4                RFW_TransmitLongPacket
 .text.RFW_ReceiveLongPacket
                0x0800b0c8       0x24 ./Middlewares/SubGHz_Phy/radio_fw.o
                0x0800b0c8                RFW_ReceiveLongPacket
 .text.RFW_Init
                0x0800b0ec       0x1a ./Middlewares/SubGHz_Phy/radio_fw.o
                0x0800b0ec                RFW_Init
 .text.RFW_DeInit
                0x0800b106        0xc ./Middlewares/SubGHz_Phy/radio_fw.o
                0x0800b106                RFW_DeInit
 .text.RFW_Is_Init
                0x0800b112        0xe ./Middlewares/SubGHz_Phy/radio_fw.o
                0x0800b112                RFW_Is_Init
 .text.RFW_Is_LongPacketModeEnabled
                0x0800b120        0xe ./Middlewares/SubGHz_Phy/radio_fw.o
                0x0800b120                RFW_Is_LongPacketModeEnabled
 .text.RFW_SetAntSwitch
                0x0800b12e       0x14 ./Middlewares/SubGHz_Phy/radio_fw.o
                0x0800b12e                RFW_SetAntSwitch
 .text.RFW_TransmitInit
                0x0800b142       0x20 ./Middlewares/SubGHz_Phy/radio_fw.o
                0x0800b142                RFW_TransmitInit
 .text.RFW_ReceiveInit
                0x0800b162       0x10 ./Middlewares/SubGHz_Phy/radio_fw.o
                0x0800b162                RFW_ReceiveInit
 .text.RFW_DeInit_TxLongPacket
                0x0800b172        0xc ./Middlewares/SubGHz_Phy/radio_fw.o
                0x0800b172                RFW_DeInit_TxLongPacket
 .text.RFW_ReceivePayload
                0x0800b17e        0xc ./Middlewares/SubGHz_Phy/radio_fw.o
                0x0800b17e                RFW_ReceivePayload
 .text.RFW_SetRadioModem
                0x0800b18a       0x14 ./Middlewares/SubGHz_Phy/radio_fw.o
                0x0800b18a                RFW_SetRadioModem
 .text.MX_SubGHz_Phy_Init
                0x0800b19e       0x10 ./SubGHz_Phy/App/app_subghz_phy.o
                0x0800b19e                MX_SubGHz_Phy_Init
 .text.MX_SubGHz_Phy_Process
                0x0800b1ae       0x10 ./SubGHz_Phy/App/app_subghz_phy.o
                0x0800b1ae                MX_SubGHz_Phy_Process
 *fill*         0x0800b1be        0x2 
 .text.SubghzApp_Init
                0x0800b1c0       0x4c ./SubGHz_Phy/App/subghz_phy_app.o
                0x0800b1c0                SubghzApp_Init
 .text.OnTxDone
                0x0800b20c        0xc ./SubGHz_Phy/App/subghz_phy_app.o
 .text.OnRxDone
                0x0800b218       0x24 ./SubGHz_Phy/App/subghz_phy_app.o
 .text.OnTxTimeout
                0x0800b23c        0xc ./SubGHz_Phy/App/subghz_phy_app.o
 .text.OnRxTimeout
                0x0800b248        0xc ./SubGHz_Phy/App/subghz_phy_app.o
 .text.OnRxError
                0x0800b254        0xc ./SubGHz_Phy/App/subghz_phy_app.o
 .text.RBI_Init
                0x0800b260       0x16 ./SubGHz_Phy/Target/radio_board_if.o
                0x0800b260                RBI_Init
 .text.RBI_ConfigRFSwitch
                0x0800b276       0x1a ./SubGHz_Phy/Target/radio_board_if.o
                0x0800b276                RBI_ConfigRFSwitch
 .text.RBI_GetTxConfig
                0x0800b290       0x16 ./SubGHz_Phy/Target/radio_board_if.o
                0x0800b290                RBI_GetTxConfig
 .text.RBI_IsTCXO
                0x0800b2a6       0x16 ./SubGHz_Phy/Target/radio_board_if.o
                0x0800b2a6                RBI_IsTCXO
 .text.RBI_IsDCDC
                0x0800b2bc       0x16 ./SubGHz_Phy/Target/radio_board_if.o
                0x0800b2bc                RBI_IsDCDC
 .text.RBI_GetRFOMaxPowerConfig
                0x0800b2d2       0x2a ./SubGHz_Phy/Target/radio_board_if.o
                0x0800b2d2                RBI_GetRFOMaxPowerConfig
 .text.UTIL_ADV_TRACE_Init
                0x0800b2fc       0x38 ./Utilities/stm32_adv_trace.o
                0x0800b2fc                UTIL_ADV_TRACE_Init
 .text.UTIL_ADV_TRACE_COND_FSend
                0x0800b334      0x100 ./Utilities/stm32_adv_trace.o
                0x0800b334                UTIL_ADV_TRACE_COND_FSend
 .text.UTIL_ADV_TRACE_RegisterTimeStampFunction
                0x0800b434       0x1c ./Utilities/stm32_adv_trace.o
                0x0800b434                UTIL_ADV_TRACE_RegisterTimeStampFunction
 .text.UTIL_ADV_TRACE_SetVerboseLevel
                0x0800b450       0x20 ./Utilities/stm32_adv_trace.o
                0x0800b450                UTIL_ADV_TRACE_SetVerboseLevel
 .text.TRACE_Send
                0x0800b470      0x108 ./Utilities/stm32_adv_trace.o
 .text.TRACE_TxCpltCallback
                0x0800b578      0x118 ./Utilities/stm32_adv_trace.o
 .text.TRACE_AllocateBufer
                0x0800b690       0xfc ./Utilities/stm32_adv_trace.o
 .text.TRACE_Lock
                0x0800b78c       0x3c ./Utilities/stm32_adv_trace.o
 .text.TRACE_UnLock
                0x0800b7c8       0x3c ./Utilities/stm32_adv_trace.o
 .text.TRACE_IsLocked
                0x0800b804       0x20 ./Utilities/stm32_adv_trace.o
 .text.UTIL_LPM_Init
                0x0800b824       0x20 ./Utilities/stm32_lpm.o
                0x0800b824                UTIL_LPM_Init
 .text.UTIL_LPM_SetStopMode
                0x0800b844       0x60 ./Utilities/stm32_lpm.o
                0x0800b844                UTIL_LPM_SetStopMode
 .text.UTIL_LPM_SetOffMode
                0x0800b8a4       0x60 ./Utilities/stm32_lpm.o
                0x0800b8a4                UTIL_LPM_SetOffMode
 .text.UTIL_LPM_EnterLowPower
                0x0800b904       0x6c ./Utilities/stm32_lpm.o
                0x0800b904                UTIL_LPM_EnterLowPower
 .text.UTIL_MEM_cpy_8
                0x0800b970       0x3e ./Utilities/stm32_mem.o
                0x0800b970                UTIL_MEM_cpy_8
 .text.UTIL_MEM_set_8
                0x0800b9ae       0x36 ./Utilities/stm32_mem.o
                0x0800b9ae                UTIL_MEM_set_8
 .text.UTIL_SEQ_Run
                0x0800b9e4      0x1f8 ./Utilities/stm32_seq.o
                0x0800b9e4                UTIL_SEQ_Run
 .text.UTIL_SEQ_PreIdle
                0x0800bbdc        0xc ./Utilities/stm32_seq.o
                0x0800bbdc                UTIL_SEQ_PreIdle
 .text.UTIL_SEQ_PostIdle
                0x0800bbe8        0xc ./Utilities/stm32_seq.o
                0x0800bbe8                UTIL_SEQ_PostIdle
 .text.SEQ_BitPosition
                0x0800bbf4       0x70 ./Utilities/stm32_seq.o
                0x0800bbf4                SEQ_BitPosition
 .text.SysTimeAdd
                0x0800bc64       0x72 ./Utilities/stm32_systime.o
                0x0800bc64                SysTimeAdd
 *fill*         0x0800bcd6        0x2 
 .text.SysTimeGet
                0x0800bcd8       0x70 ./Utilities/stm32_systime.o
                0x0800bcd8                SysTimeGet
 .text.UTIL_TIMER_Init
                0x0800bd48       0x20 ./Utilities/stm32_timer.o
                0x0800bd48                UTIL_TIMER_Init
 .text.UTIL_TIMER_Create
                0x0800bd68       0x6c ./Utilities/stm32_timer.o
                0x0800bd68                UTIL_TIMER_Create
 .text.UTIL_TIMER_Start
                0x0800bdd4       0xdc ./Utilities/stm32_timer.o
                0x0800bdd4                UTIL_TIMER_Start
 .text.UTIL_TIMER_Stop
                0x0800beb0       0xe0 ./Utilities/stm32_timer.o
                0x0800beb0                UTIL_TIMER_Stop
 .text.UTIL_TIMER_SetPeriod
                0x0800bf90       0x54 ./Utilities/stm32_timer.o
                0x0800bf90                UTIL_TIMER_SetPeriod
 .text.UTIL_TIMER_GetCurrentTime
                0x0800bfe4       0x24 ./Utilities/stm32_timer.o
                0x0800bfe4                UTIL_TIMER_GetCurrentTime
 .text.UTIL_TIMER_GetElapsedTime
                0x0800c008       0x38 ./Utilities/stm32_timer.o
                0x0800c008                UTIL_TIMER_GetElapsedTime
 .text.TimerExists
                0x0800c040       0x38 ./Utilities/stm32_timer.o
                0x0800c040                TimerExists
 .text.TimerSetTimeout
                0x0800c078       0x54 ./Utilities/stm32_timer.o
                0x0800c078                TimerSetTimeout
 .text.TimerInsertTimer
                0x0800c0cc       0x60 ./Utilities/stm32_timer.o
                0x0800c0cc                TimerInsertTimer
 .text.TimerInsertNewHeadTimer
                0x0800c12c       0x3c ./Utilities/stm32_timer.o
                0x0800c12c                TimerInsertNewHeadTimer
 .text.ee_skip_atoi
                0x0800c168       0x4c ./Utilities/stm32_tiny_vsnprintf.o
 .text.ee_number
                0x0800c1b4      0x1dc ./Utilities/stm32_tiny_vsnprintf.o
 .text.tiny_vsnprintf_like
                0x0800c390      0x2a4 ./Utilities/stm32_tiny_vsnprintf.o
                0x0800c390                tiny_vsnprintf_like
 .text.memset   0x0800c634       0x10 C:/ST/STM32CubeIDE_2.1.1/STM32CubeIDE/plugins/com.st.stm32cube.ide.mcu.externaltools.gnu-tools-for-stm32.14.3.rel1.win32_1.0.100.202602081740/tools/bin/../lib/gcc/arm-none-eabi/14.3.1/../../../../arm-none-eabi/lib/thumb/v7e-m/nofp\libc_nano.a(libc_a-memset.o)
                0x0800c634                memset
 .text.__libc_init_array
                0x0800c644       0x48 C:/ST/STM32CubeIDE_2.1.1/STM32CubeIDE/plugins/com.st.stm32cube.ide.mcu.externaltools.gnu-tools-for-stm32.14.3.rel1.win32_1.0.100.202602081740/tools/bin/../lib/gcc/arm-none-eabi/14.3.1/../../../../arm-none-eabi/lib/thumb/v7e-m/nofp\libc_nano.a(libc_a-init.o)
                0x0800c644                __libc_init_array
 *(.glue_7)
 .glue_7        0x0800c68c        0x0 linker stubs
 *(.glue_7t)
 .glue_7t       0x0800c68c        0x0 linker stubs
 *(.eh_frame)
 .eh_frame      0x0800c68c        0x0 C:/ST/STM32CubeIDE_2.1.1/STM32CubeIDE/plugins/com.st.stm32cube.ide.mcu.externaltools.gnu-tools-for-stm32.14.3.rel1.win32_1.0.100.202602081740/tools/bin/../lib/gcc/arm-none-eabi/14.3.1/thumb/v7e-m/nofp/crtbegin.o
 *(.init)
 .init          0x0800c68c        0x4 C:/ST/STM32CubeIDE_2.1.1/STM32CubeIDE/plugins/com.st.stm32cube.ide.mcu.externaltools.gnu-tools-for-stm32.14.3.rel1.win32_1.0.100.202602081740/tools/bin/../lib/gcc/arm-none-eabi/14.3.1/thumb/v7e-m/nofp/crti.o
                0x0800c68c                _init
 .init          0x0800c690        0x8 C:/ST/STM32CubeIDE_2.1.1/STM32CubeIDE/plugins/com.st.stm32cube.ide.mcu.externaltools.gnu-tools-for-stm32.14.3.rel1.win32_1.0.100.202602081740/tools/bin/../lib/gcc/arm-none-eabi/14.3.1/thumb/v7e-m/nofp/crtn.o
 *(.fini)
 .fini          0x0800c698        0x4 C:/ST/STM32CubeIDE_2.1.1/STM32CubeIDE/plugins/com.st.stm32cube.ide.mcu.externaltools.gnu-tools-for-stm32.14.3.rel1.win32_1.0.100.202602081740/tools/bin/../lib/gcc/arm-none-eabi/14.3.1/thumb/v7e-m/nofp/crti.o
                0x0800c698                _fini
 .fini          0x0800c69c        0x8 C:/ST/STM32CubeIDE_2.1.1/STM32CubeIDE/plugins/com.st.stm32cube.ide.mcu.externaltools.gnu-tools-for-stm32.14.3.rel1.win32_1.0.100.202602081740/tools/bin/../lib/gcc/arm-none-eabi/14.3.1/thumb/v7e-m/nofp/crtn.o
                0x0800c6a4                        . = ALIGN (0x4)
                0x0800c6a4                        _etext = .

.vfp11_veneer   0x0800c6a4        0x0
 .vfp11_veneer  0x0800c6a4        0x0 linker stubs

.v4_bx          0x0800c6a4        0x0
 .v4_bx         0x0800c6a4        0x0 linker stubs

.iplt           0x0800c6a4        0x0
 .iplt          0x0800c6a4        0x0 C:/ST/STM32CubeIDE_2.1.1/STM32CubeIDE/plugins/com.st.stm32cube.ide.mcu.externaltools.gnu-tools-for-stm32.14.3.rel1.win32_1.0.100.202602081740/tools/bin/../lib/gcc/arm-none-eabi/14.3.1/thumb/v7e-m/nofp/crtbegin.o

.rodata         0x0800c6a4      0x4e8
                0x0800c6a4                        . = ALIGN (0x4)
 *(.rodata)
 .rodata        0x0800c6a4      0x169 ./Core/Src/gps_test.o
 *fill*         0x0800c80d        0x3 
 .rodata        0x0800c810        0x9 ./Core/Src/sys_app.o
 *fill*         0x0800c819        0x3 
 .rodata        0x0800c81c       0x1c ./Drivers/STM32WLxx_HAL_Driver/stm32wlxx_hal_rcc.o
 .rodata        0x0800c838       0x7c ./Middlewares/SubGHz_Phy/radio.o
 .rodata        0x0800c8b4       0x57 ./Utilities/stm32_tiny_vsnprintf.o
 *(.rodata*)
 *fill*         0x0800c90b        0x1 
 .rodata.UTIL_PowerDriver
                0x0800c90c       0x18 ./Core/Src/stm32_lpm_if.o
                0x0800c90c                UTIL_PowerDriver
 .rodata.AHBPrescTable
                0x0800c924       0x40 ./Core/Src/system_stm32wlxx.o
                0x0800c924                AHBPrescTable
 .rodata.APBPrescTable
                0x0800c964       0x20 ./Core/Src/system_stm32wlxx.o
                0x0800c964                APBPrescTable
 .rodata.MSIRangeTable
                0x0800c984       0x40 ./Core/Src/system_stm32wlxx.o
                0x0800c984                MSIRangeTable
 .rodata.UTIL_TimerDriver
                0x0800c9c4       0x2c ./Core/Src/timer_if.o
                0x0800c9c4                UTIL_TimerDriver
 .rodata.UTIL_SYSTIMDriver
                0x0800c9f0       0x14 ./Core/Src/timer_if.o
                0x0800c9f0                UTIL_SYSTIMDriver
 .rodata.UTIL_TraceDriver
                0x0800ca04       0x10 ./Core/Src/usart_if.o
                0x0800ca04                UTIL_TraceDriver
 .rodata.UARTPrescTable
                0x0800ca14       0x18 ./Drivers/STM32WLxx_HAL_Driver/stm32wlxx_hal_uart.o
                0x0800ca14                UARTPrescTable
 .rodata.numerator.1
                0x0800ca2c        0x8 ./Drivers/STM32WLxx_HAL_Driver/stm32wlxx_hal_uart_ex.o
 .rodata.denominator.0
                0x0800ca34        0x8 ./Drivers/STM32WLxx_HAL_Driver/stm32wlxx_hal_uart_ex.o
 .rodata.Radio  0x0800ca3c       0x8c ./Middlewares/SubGHz_Phy/radio.o
                0x0800ca3c                Radio
 .rodata.Bandwidths
                0x0800cac8        0x3 ./Middlewares/SubGHz_Phy/radio.o
                0x0800cac8                Bandwidths
 *fill*         0x0800cacb        0x1 
 .rodata.FskBandwidths
                0x0800cacc       0xb0 ./Middlewares/SubGHz_Phy/radio_driver.o
 .rodata.SEQ_clz_table_4bit
                0x0800cb7c       0x10 ./Utilities/stm32_seq.o
                0x0800cb7c                SEQ_clz_table_4bit
                0x0800cb8c                        . = ALIGN (0x4)

.ARM.extab      0x0800cb8c        0x0
                0x0800cb8c                        . = ALIGN (0x4)
 *(.ARM.extab* .gnu.linkonce.armextab.*)
                0x0800cb8c                        . = ALIGN (0x4)

.ARM            0x0800cb8c        0x8
                0x0800cb8c                        . = ALIGN (0x4)
                0x0800cb8c                        __exidx_start = .
 *(.ARM.exidx*)
 .ARM.exidx     0x0800cb8c        0x8 C:/ST/STM32CubeIDE_2.1.1/STM32CubeIDE/plugins/com.st.stm32cube.ide.mcu.externaltools.gnu-tools-for-stm32.14.3.rel1.win32_1.0.100.202602081740/tools/bin/../lib/gcc/arm-none-eabi/14.3.1/../../../../arm-none-eabi/lib/thumb/v7e-m/nofp\libc_nano.a(libc_a-strlen.o)
 .ARM.exidx     0x0800cb94        0x0 C:/ST/STM32CubeIDE_2.1.1/STM32CubeIDE/plugins/com.st.stm32cube.ide.mcu.externaltools.gnu-tools-for-stm32.14.3.rel1.win32_1.0.100.202602081740/tools/bin/../lib/gcc/arm-none-eabi/14.3.1/thumb/v7e-m/nofp\libgcc.a(_udivmoddi4.o)
                                  0x8 (size before relaxing)
                0x0800cb94                        __exidx_end = .
                0x0800cb94                        . = ALIGN (0x4)

.preinit_array  0x0800cb94        0x0
                0x0800cb94                        . = ALIGN (0x4)
                0x0800cb94                        PROVIDE (__preinit_array_start = .)
 *(.preinit_array*)
                0x0800cb94                        PROVIDE (__preinit_array_end = .)
                0x0800cb94                        . = ALIGN (0x4)

.init_array     0x0800cb94        0x4
                0x0800cb94                        . = ALIGN (0x4)
                0x0800cb94                        PROVIDE (__init_array_start = .)
 *(SORT_BY_NAME(.init_array.*))
 *(.init_array*)
 .init_array    0x0800cb94        0x4 C:/ST/STM32CubeIDE_2.1.1/STM32CubeIDE/plugins/com.st.stm32cube.ide.mcu.externaltools.gnu-tools-for-stm32.14.3.rel1.win32_1.0.100.202602081740/tools/bin/../lib/gcc/arm-none-eabi/14.3.1/thumb/v7e-m/nofp/crtbegin.o
                0x0800cb98                        PROVIDE (__init_array_end = .)
                0x0800cb98                        . = ALIGN (0x4)

.fini_array     0x0800cb98        0x4
                0x0800cb98                        . = ALIGN (0x4)
                [!provide]                        PROVIDE (__fini_array_start = .)
 *(SORT_BY_NAME(.fini_array.*))
 *(.fini_array*)
 .fini_array    0x0800cb98        0x4 C:/ST/STM32CubeIDE_2.1.1/STM32CubeIDE/plugins/com.st.stm32cube.ide.mcu.externaltools.gnu-tools-for-stm32.14.3.rel1.win32_1.0.100.202602081740/tools/bin/../lib/gcc/arm-none-eabi/14.3.1/thumb/v7e-m/nofp/crtbegin.o
                [!provide]                        PROVIDE (__fini_array_end = .)
                0x0800cb9c                        . = ALIGN (0x4)
                0x0800cb9c                        _sidata = LOADADDR (.data)

.rel.dyn        0x0800cb9c        0x0
 .rel.iplt      0x0800cb9c        0x0 C:/ST/STM32CubeIDE_2.1.1/STM32CubeIDE/plugins/com.st.stm32cube.ide.mcu.externaltools.gnu-tools-for-stm32.14.3.rel1.win32_1.0.100.202602081740/tools/bin/../lib/gcc/arm-none-eabi/14.3.1/thumb/v7e-m/nofp/crtbegin.o

.data           0x20000000       0x1c load address 0x0800cb9c
                0x20000000                        . = ALIGN (0x4)
                0x20000000                        _sdata = .
 *(.data)
 *(.data*)
 .data.SystemCoreClock
                0x20000000        0x4 ./Core/Src/system_stm32wlxx.o
                0x20000000                SystemCoreClock
 .data.uwTickPrio
                0x20000004        0x4 ./Drivers/STM32WLxx_HAL_Driver/stm32wlxx_hal.o
                0x20000004                uwTickPrio
 .data.uwTickFreq
                0x20000008        0x1 ./Drivers/STM32WLxx_HAL_Driver/stm32wlxx_hal.o
                0x20000008                uwTickFreq
 .data.MaxPayloadLength
                0x20000009        0x1 ./Middlewares/SubGHz_Phy/radio.o
 *fill*         0x2000000a        0x2 
 .data.TaskMask
                0x2000000c        0x4 ./Utilities/stm32_seq.o
 .data.SuperMask
                0x20000010        0x4 ./Utilities/stm32_seq.o
 .data.lower_digits
                0x20000014        0x4 ./Utilities/stm32_tiny_vsnprintf.o
 .data.upper_digits
                0x20000018        0x4 ./Utilities/stm32_tiny_vsnprintf.o
 *(.RamFunc)
 *(.RamFunc*)
                0x2000001c                        . = ALIGN (0x4)
                0x2000001c                        _edata = .

.igot.plt       0x2000001c        0x0 load address 0x0800cbb8
 .igot.plt      0x2000001c        0x0 C:/ST/STM32CubeIDE_2.1.1/STM32CubeIDE/plugins/com.st.stm32cube.ide.mcu.externaltools.gnu-tools-for-stm32.14.3.rel1.win32_1.0.100.202602081740/tools/bin/../lib/gcc/arm-none-eabi/14.3.1/thumb/v7e-m/nofp/crtbegin.o
                0x2000001c                        . = ALIGN (0x4)

.bss            0x2000001c      0x7d0 load address 0x0800cbb8
                0x2000001c                        _sbss = .
                0x2000001c                        __bss_start__ = _sbss
 *(.bss)
 .bss           0x2000001c       0x1c C:/ST/STM32CubeIDE_2.1.1/STM32CubeIDE/plugins/com.st.stm32cube.ide.mcu.externaltools.gnu-tools-for-stm32.14.3.rel1.win32_1.0.100.202602081740/tools/bin/../lib/gcc/arm-none-eabi/14.3.1/thumb/v7e-m/nofp/crtbegin.o
 *(.bss*)
 .bss.hadc      0x20000038       0x64 ./Core/Src/adc.o
                0x20000038                hadc
 .bss.hdac      0x2000009c       0x14 ./Core/Src/dac.o
                0x2000009c                hdac
 .bss.gps_line_len
                0x200000b0        0x2 ./Core/Src/gps_test.o
 *fill*         0x200000b2        0x2 
 .bss.hi2c2     0x200000b4       0x54 ./Core/Src/i2c.o
                0x200000b4                hi2c2
 .bss.hrtc      0x20000108       0x38 ./Core/Src/rtc.o
                0x20000108                hrtc
 .bss.hspi1     0x20000140       0x64 ./Core/Src/spi.o
                0x20000140                hspi1
 .bss.hsubghz   0x200001a4        0xc ./Core/Src/subghz.o
                0x200001a4                hsubghz
 .bss.SYS_TimerInitialisedFlag
                0x200001b0        0x1 ./Core/Src/sys_app.o
 .bss.RTC_Initialized
                0x200001b1        0x1 ./Core/Src/timer_if.o
 *fill*         0x200001b2        0x2 
 .bss.RtcTimerContext
                0x200001b4        0x4 ./Core/Src/timer_if.o
 .bss.huart1    0x200001b8       0x94 ./Core/Src/usart.o
                0x200001b8                huart1
 .bss.huart2    0x2000024c       0x94 ./Core/Src/usart.o
                0x2000024c                huart2
 .bss.charRx    0x200002e0        0x1 ./Core/Src/usart_if.o
                0x200002e0                charRx
 *fill*         0x200002e1        0x3 
 .bss.TxCpltCallback
                0x200002e4        0x4 ./Core/Src/usart_if.o
 .bss.RxCpltCallback
                0x200002e8        0x4 ./Core/Src/usart_if.o
 .bss.uwTick    0x200002ec        0x4 ./Drivers/STM32WLxx_HAL_Driver/stm32wlxx_hal.o
                0x200002ec                uwTick
 .bss.RadioBuffer
                0x200002f0       0xff ./Middlewares/SubGHz_Phy/radio.o
 *fill*         0x200003ef        0x1 
 .bss.RadioEvents
                0x200003f0        0x4 ./Middlewares/SubGHz_Phy/radio.o
 .bss.SubgRf    0x200003f4       0x5c ./Middlewares/SubGHz_Phy/radio.o
                0x200003f4                SubgRf
 .bss.TxTimeoutTimer
                0x20000450       0x18 ./Middlewares/SubGHz_Phy/radio.o
                0x20000450                TxTimeoutTimer
 .bss.RxTimeoutTimer
                0x20000468       0x18 ./Middlewares/SubGHz_Phy/radio.o
                0x20000468                RxTimeoutTimer
 .bss.OperatingMode
                0x20000480        0x1 ./Middlewares/SubGHz_Phy/radio_driver.o
 .bss.PacketType
                0x20000481        0x1 ./Middlewares/SubGHz_Phy/radio_driver.o
 .bss.LoRaHeaderType
                0x20000482        0x1 ./Middlewares/SubGHz_Phy/radio_driver.o
 *fill*         0x20000483        0x1 
 .bss.FrequencyError
                0x20000484        0x4 ./Middlewares/SubGHz_Phy/radio_driver.o
                0x20000484                FrequencyError
 .bss.ImageCalibrated
                0x20000488        0x1 ./Middlewares/SubGHz_Phy/radio_driver.o
 *fill*         0x20000489        0x3 
 .bss.RadioOnDioIrqCb
                0x2000048c        0x4 ./Middlewares/SubGHz_Phy/radio_driver.o
 .bss.RadioEvents
                0x20000490       0x1c ./SubGHz_Phy/App/subghz_phy_app.o
 .bss.ADV_TRACE_Ctx
                0x200004ac       0x18 ./Utilities/stm32_adv_trace.o
 .bss.ADV_TRACE_Buffer
                0x200004c4      0x200 ./Utilities/stm32_adv_trace.o
 .bss.sztmp     0x200006c4      0x100 ./Utilities/stm32_adv_trace.o
 .bss.StopModeDisable
                0x200007c4        0x4 ./Utilities/stm32_lpm.o
 .bss.OffModeDisable
                0x200007c8        0x4 ./Utilities/stm32_lpm.o
 .bss.TaskSet   0x200007cc        0x4 ./Utilities/stm32_seq.o
 .bss.EvtSet    0x200007d0        0x4 ./Utilities/stm32_seq.o
 .bss.EvtWaited
                0x200007d4        0x4 ./Utilities/stm32_seq.o
 .bss.CurrentTaskIdx
                0x200007d8        0x4 ./Utilities/stm32_seq.o
 .bss.TaskCb    0x200007dc        0x4 ./Utilities/stm32_seq.o
 .bss.TaskPrio  0x200007e0        0x8 ./Utilities/stm32_seq.o
 .bss.TimerListHead
                0x200007e8        0x4 ./Utilities/stm32_timer.o
 *(COMMON)
                0x200007ec                        . = ALIGN (0x4)
                0x200007ec                        _ebss = .
                0x200007ec                        __bss_end__ = _ebss

._user_heap_stack
                0x200007ec      0x604 load address 0x0800cbb8
                0x200007f0                        . = ALIGN (0x8)
 *fill*         0x200007ec        0x4 
                [!provide]                        PROVIDE (end = .)
                0x200007f0                        PROVIDE (_end = .)
                0x200009f0                        . = (. + _Min_Heap_Size)
 *fill*         0x200007f0      0x200 
                0x20000df0                        . = (. + _Min_Stack_Size)
 *fill*         0x200009f0      0x400 
                0x20000df0                        . = ALIGN (0x8)

/DISCARD/
 libc.a(*)
 libm.a(*)
 libgcc.a(*)

.ARM.attributes
                0x00000000       0x2a
 *(.ARM.attributes)
 .ARM.attributes
                0x00000000       0x1e C:/ST/STM32CubeIDE_2.1.1/STM32CubeIDE/plugins/com.st.stm32cube.ide.mcu.externaltools.gnu-tools-for-stm32.14.3.rel1.win32_1.0.100.202602081740/tools/bin/../lib/gcc/arm-none-eabi/14.3.1/thumb/v7e-m/nofp/crti.o
 .ARM.attributes
                0x0000001e       0x2e C:/ST/STM32CubeIDE_2.1.1/STM32CubeIDE/plugins/com.st.stm32cube.ide.mcu.externaltools.gnu-tools-for-stm32.14.3.rel1.win32_1.0.100.202602081740/tools/bin/../lib/gcc/arm-none-eabi/14.3.1/thumb/v7e-m/nofp/crtbegin.o
 .ARM.attributes
                0x0000004c       0x2e ./Core/Src/adc.o
 .ARM.attributes
                0x0000007a       0x2e ./Core/Src/dac.o
 .ARM.attributes
                0x000000a8       0x2e ./Core/Src/gpio.o
 .ARM.attributes
                0x000000d6       0x2e ./Core/Src/gps_test.o
 .ARM.attributes
                0x00000104       0x2e ./Core/Src/i2c.o
 .ARM.attributes
                0x00000132       0x2e ./Core/Src/main.o
 .ARM.attributes
                0x00000160       0x2e ./Core/Src/rtc.o
 .ARM.attributes
                0x0000018e       0x2e ./Core/Src/spi.o
 .ARM.attributes
                0x000001bc       0x2e ./Core/Src/stm32_lpm_if.o
 .ARM.attributes
                0x000001ea       0x2e ./Core/Src/stm32wlxx_hal_msp.o
 .ARM.attributes
                0x00000218       0x2e ./Core/Src/stm32wlxx_it.o
 .ARM.attributes
                0x00000246       0x2e ./Core/Src/subghz.o
 .ARM.attributes
                0x00000274       0x2e ./Core/Src/sys_app.o
 .ARM.attributes
                0x000002a2       0x2e ./Core/Src/sys_debug.o
 .ARM.attributes
                0x000002d0       0x2e ./Core/Src/system_stm32wlxx.o
 .ARM.attributes
                0x000002fe       0x2e ./Core/Src/timer_if.o
 .ARM.attributes
                0x0000032c       0x2e ./Core/Src/usart.o
 .ARM.attributes
                0x0000035a       0x2e ./Core/Src/usart_if.o
 .ARM.attributes
                0x00000388       0x21 ./Core/Startup/startup_stm32wle5ccux.o
 .ARM.attributes
                0x000003a9       0x2e ./Drivers/STM32WLxx_HAL_Driver/stm32wlxx_hal.o
 .ARM.attributes
                0x000003d7       0x2e ./Drivers/STM32WLxx_HAL_Driver/stm32wlxx_hal_adc.o
 .ARM.attributes
                0x00000405       0x2e ./Drivers/STM32WLxx_HAL_Driver/stm32wlxx_hal_cortex.o
 .ARM.attributes
                0x00000433       0x2e ./Drivers/STM32WLxx_HAL_Driver/stm32wlxx_hal_dac.o
 .ARM.attributes
                0x00000461       0x2e ./Drivers/STM32WLxx_HAL_Driver/stm32wlxx_hal_dma.o
 .ARM.attributes
                0x0000048f       0x2e ./Drivers/STM32WLxx_HAL_Driver/stm32wlxx_hal_gpio.o
 .ARM.attributes
                0x000004bd       0x2e ./Drivers/STM32WLxx_HAL_Driver/stm32wlxx_hal_i2c.o
 .ARM.attributes
                0x000004eb       0x2e ./Drivers/STM32WLxx_HAL_Driver/stm32wlxx_hal_i2c_ex.o
 .ARM.attributes
                0x00000519       0x2e ./Drivers/STM32WLxx_HAL_Driver/stm32wlxx_hal_pwr.o
 .ARM.attributes
                0x00000547       0x2e ./Drivers/STM32WLxx_HAL_Driver/stm32wlxx_hal_pwr_ex.o
 .ARM.attributes
                0x00000575       0x2e ./Drivers/STM32WLxx_HAL_Driver/stm32wlxx_hal_rcc.o
 .ARM.attributes
                0x000005a3       0x2e ./Drivers/STM32WLxx_HAL_Driver/stm32wlxx_hal_rcc_ex.o
 .ARM.attributes
                0x000005d1       0x2e ./Drivers/STM32WLxx_HAL_Driver/stm32wlxx_hal_rtc.o
 .ARM.attributes
                0x000005ff       0x2e ./Drivers/STM32WLxx_HAL_Driver/stm32wlxx_hal_rtc_ex.o
 .ARM.attributes
                0x0000062d       0x2e ./Drivers/STM32WLxx_HAL_Driver/stm32wlxx_hal_spi.o
 .ARM.attributes
                0x0000065b       0x2e ./Drivers/STM32WLxx_HAL_Driver/stm32wlxx_hal_subghz.o
 .ARM.attributes
                0x00000689       0x2e ./Drivers/STM32WLxx_HAL_Driver/stm32wlxx_hal_uart.o
 .ARM.attributes
                0x000006b7       0x2e ./Drivers/STM32WLxx_HAL_Driver/stm32wlxx_hal_uart_ex.o
 .ARM.attributes
                0x000006e5       0x2e ./Middlewares/SubGHz_Phy/radio.o
 .ARM.attributes
                0x00000713       0x2e ./Middlewares/SubGHz_Phy/radio_driver.o
 .ARM.attributes
                0x00000741       0x2e ./Middlewares/SubGHz_Phy/radio_fw.o
 .ARM.attributes
                0x0000076f       0x2e ./SubGHz_Phy/App/app_subghz_phy.o
 .ARM.attributes
                0x0000079d       0x2e ./SubGHz_Phy/App/subghz_phy_app.o
 .ARM.attributes
                0x000007cb       0x2e ./SubGHz_Phy/Target/radio_board_if.o
 .ARM.attributes
                0x000007f9       0x2e ./Utilities/stm32_adv_trace.o
 .ARM.attributes
                0x00000827       0x2e ./Utilities/stm32_lpm.o
 .ARM.attributes