../Core/Src/app.c:142:37:onRxFrameRaw	16	static
../Core/Src/app.c:291:13:spiStatusStartIfReady	24	static
../Core/Src/app.c:324:6:App_AFSK_TimerCallback	8	static
../Core/Src/app.c:316:6:HAL_TIM_PeriodElapsedCallback	0	static
../Core/Src/app.c:338:6:App_Init	8	static
../Core/Src/app.c:389:6:App_Run	24	static
../Core/Src/app.c:652:6:App_GpsHasFix	0	static
../Core/Src/app.c:657:6:App_GetGpsCoords	48	static
../Core/Src/app.c:668:6:HAL_GPIO_EXTI_Callback	0	static
../Core/Src/app.c:673:6:HAL_SPI_TxRxCpltCallback	0	static
../Core/Src/app.c:681:6:HAL_SPI_ErrorCallback	0	static
../Core/Src/app.c:689:6:HAL_UART_RxCpltCallback	8	static
../Core/Src/app.c:698:6:HAL_UART_ErrorCallback	0	static
